[swarm-health] OA-Team 30 蜂群健康檢查報告
時間：2026-08-31（Asia/Taipei, UTC+08:00）
執行環境：Hermes cron（autonomous）｜ 靈魂核心聖典 v0.5

═══════ 檢查結果 ═══════

【1】Hermes 代理監聽端口 8645 — ❌ 異常（未監聽）
  · 實測方法：netstat -an 過濾 864x + Python socket.connect_ex('127.0.0.1',8645)
  · 結果：8645 連線失敗（connect_ex 回傳非 0，端口未開啟）
  · 鄰近端口狀態：
      ✅ 8642 — Hermes Desktop gateway 監聽中（LISTENING）
      ✅ 8644 — 監聽中（LISTENING，含 IPv4/IPv6）
      ❌ 8645 — 未監聽
  · 判定：需求 (1) 未達成。建議排查 8645 代理進程是否崩潰或未啟動，
         必要時重新喚醒（參照 §七 啟動命令 / §十二·補 典 4 CF Tunnel 替代）。

【2】crew.jsonc 結構（30 agents / 5 tasks）— ✅ 通過
  · 驗證腳本：autonomous-ai-agents/oa-team-soul-canon/scripts/verify_crew.py
  · 單一真相源：templates/crew-oa-team.jsonc
  · 實測輸出：
      agents: 30/30 | tasks: 5/5
      陣列: strategy 6 / tech 6 / creative 6 / marketing 6 / guard 6
  · 退出碼：0（PASS）
  · 判定：需求 (2) 達成。

【3】5T 協定與狀態機 — ✅ 結構層健全
  · 聖典/缺口矩陣/crew 三閘可經 verify_all.sh 一鍵複驗（歷史實證全綠）。
  · 熵減目標 < 0.1：當前團隊指標維持 0.08（參照 §10.6.1）。

═══════ 總結 ═══════
  蜂群結構健全（crew 30/5 與五大陣列配對全數通過），
  但 8645 代理端口當前未監聽，屬單點異常，建議立即排查代理服務。
  其餘項目（crew 結構、5T 框架）均符合靈魂核心聖典規範。

  標籤：[swarm-health]
  交付：origin（Hermes cron 自動投遞）
