app/academy/page.tsx(146,16): error TS2552: Cannot find name 'dirName'. Did you mean '__dirname'?
app/advisors/page.tsx(146,16): error TS2552: Cannot find name 'dirName'. Did you mean '__dirname'?
app/advisory/page.tsx(146,16): error TS2552: Cannot find name 'dirName'. Did you mean '__dirname'?
app/agents/page.tsx(146,16): error TS2552: Cannot find name 'dirName'. Did you mean '__dirname'?
app/ai-platform/page.tsx(146,16): error TS2304: Cannot find name 'dirName'.
app/api-setup/page.tsx(146,16): error TS2304: Cannot find name 'dirName'.
app/api/contracts/route.ts(37,35): error TS18047: 'supabase' is possibly 'null'.
app/api/contracts/route.ts(58,35): error TS18047: 'supabase' is possibly 'null'.
app/api/governance/resonance/route.ts(9,56): error TS18047: 'supabase' is possibly 'null'.
app/api/governance/resonance/route.ts(16,54): error TS18047: 'supabase' is possibly 'null'.
app/api/omni-agent/chat/route.ts(46,19): error TS2551: Property 'toDataStreamResponse' does not exist on type 'StreamTextResult<ToolSet, Output<string, string, never>>'. Did you mean 'toTextStreamResponse'?
app/api/omni-blue/route.ts(2,10): error TS2724: '"../../../lib/services/omni-blue"' has no exported member named 'blueCC'. Did you mean 'blueCc'?
app/api/omni-gateway/route.ts(182,27): error TS2345: Argument of type 'string | undefined' is not assignable to parameter of type 'BinaryLike | KeyObject'.
  Type 'undefined' is not assignable to type 'BinaryLike | KeyObject'.
app/api/scraper/route.ts(11,10): error TS2305: Module '"@dataconnect/generated"' has no exported member 'upsertScrapedArticle'.
app/apollo-studio/page.tsx(241,41): error TS18046: 'e' is of type 'unknown'.
app/AppShellV2.tsx(17,32): error TS2305: Module '"lucide-react"' has no exported member 'Vault'.
app/AppShellV2.tsx(18,58): error TS2305: Module '"lucide-react"' has no exported member 'Headset'.
app/audit-governance/page.tsx(266,16): error TS2304: Cannot find name 'dirName'.
app/audit-verify/page.tsx(146,16): error TS2304: Cannot find name 'dirName'.
app/best-practice/page.tsx(95,23): error TS18046: 'practice' is of type 'unknown'.
app/best-practice/page.tsx(98,68): error TS2345: Argument of type 'unknown' is not assignable to parameter of type 'Record<string, unknown>'.
app/best-practice/page.tsx(101,14): error TS18046: 'practice' is of type 'unknown'.
app/best-practice/page.tsx(188,78): error TS18046: 'rec' is of type 'unknown'.
app/best-practice/page.tsx(189,88): error TS18046: 'rec' is of type 'unknown'.
app/best-practice/page.tsx(191,72): error TS18046: 'rec' is of type 'unknown'.
app/best-practice/page.tsx(305,16): error TS2304: Cannot find name 'dirName'.
app/cbam-calculator/page.tsx(146,16): error TS2304: Cannot find name 'dirName'.
app/compliance-check/page.tsx(38,13): error TS7030: Not all code paths return a value.
app/compliance-check/page.tsx(331,21): error TS2607: JSX element class does not support attributes because it does not have a 'props' property.
app/compliance-check/page.tsx(331,22): error TS2786: 'Lock' cannot be used as a JSX component.
  Its type '{ new (): Lock; prototype: Lock; }' is not a valid JSX element type.
    Type '{ new (): Lock; prototype: Lock; }' is not assignable to type 'new (props: any, deprecatedLegacyContext?: any) => Component<any, any, any>'.
      Type 'Lock' is missing the following properties from type 'Component<any, any, any>': context, setState, forceUpdate, render, and 3 more.
app/dashboard/audit/page.tsx(51,40): error TS2322: Type '"heavy"' is not assignable to type '"medium" | "high" | "low" | undefined'.
app/dashboard/metrics/page.tsx(243,16): error TS2322: Type '{ type: "bar"; data: { name: any; value: number; target: number; }[]; dataKey: string; xAxisKey: string; series: { key: string; color: string; name: string; }[]; height: number; }' is not assignable to type 'IntrinsicAttributes & UniversalChartProps'.
  Property 'dataKey' does not exist on type 'IntrinsicAttributes & UniversalChartProps'.
app/dashboard/premium/page.tsx(61,25): error TS2322: Type '"secondary"' is not assignable to type '"default" | "primary" | "outline" | "ghost" | undefined'.
app/dashboard/premium/page.tsx(64,43): error TS2322: Type '{ children: (string | Element)[]; variant: "primary"; size: string; }' is not assignable to type 'IntrinsicAttributes & AtomicButtonProps & RefAttributes<HTMLButtonElement>'.
  Property 'size' does not exist on type 'IntrinsicAttributes & AtomicButtonProps & RefAttributes<HTMLButtonElement>'.
app/dashboard/premium/page.tsx(79,42): error TS2322: Type '"heavy"' is not assignable to type '"medium" | "high" | "low" | undefined'.
app/dashboard/premium/page.tsx(106,46): error TS2322: Type '{ children: (string | Element)[]; variant: "ghost"; size: string; className: string; }' is not assignable to type 'IntrinsicAttributes & AtomicButtonProps & RefAttributes<HTMLButtonElement>'.
  Property 'size' does not exist on type 'IntrinsicAttributes & AtomicButtonProps & RefAttributes<HTMLButtonElement>'.
app/data-sources/page.tsx(146,16): error TS2304: Cannot find name 'dirName'.
app/design-library/page.tsx(146,16): error TS2304: Cannot find name 'dirName'.
app/digital-twin/page.tsx(146,16): error TS2304: Cannot find name 'dirName'.
app/document-checklist/page.tsx(146,16): error TS2304: Cannot find name 'dirName'.
app/environmental/page.tsx(171,16): error TS2304: Cannot find name 'dirName'.
app/finance/page.tsx(146,16): error TS2304: Cannot find name 'dirName'.
app/governance/page.tsx(146,16): error TS2304: Cannot find name 'dirName'.
app/health-check/page.tsx(146,16): error TS2304: Cannot find name 'dirName'.
app/intelligence/page.tsx(146,16): error TS2304: Cannot find name 'dirName'.
app/library/page.tsx(146,16): error TS2304: Cannot find name 'dirName'.
app/map/page.tsx(110,7): error TS2322: Type '{ children: (false | Element)[]; layout: true; initial: { opacity: number; x: number; }; animate: { opacity: number; x: number; }; transition: { delay: number; }; className: string; onClick: () => void; hoverEffect: "glow"; padding: "lg"; }' is not assignable to type 'IntrinsicAttributes & AtomicCardProps & RefAttributes<HTMLDivElement>'.
  Property 'layout' does not exist on type 'IntrinsicAttributes & AtomicCardProps & RefAttributes<HTMLDivElement>'.
app/map/page.tsx(162,35): error TS2322: Type '{ children: string; key: number; size: string; tone: string; }' is not assignable to type 'IntrinsicAttributes & AtomicBadgeProps'.
  Property 'size' does not exist on type 'IntrinsicAttributes & AtomicBadgeProps'.
app/map/page.tsx(167,27): error TS2322: Type '{ children: (string | number)[]; size: string; tone: string; }' is not assignable to type 'IntrinsicAttributes & AtomicBadgeProps'.
  Property 'size' does not exist on type 'IntrinsicAttributes & AtomicBadgeProps'.
app/materiality/page.tsx(146,16): error TS2304: Cannot find name 'dirName'.
app/notes/page.tsx(6,41): error TS7016: Could not find a declaration file for module '../../NoteSearch'. 'C:/Project/esggo/esggo/NoteSearch.jsx' implicitly has an 'any' type.
app/profile/page.tsx(146,16): error TS2304: Cannot find name 'dirName'.
app/proof-center/page.tsx(146,16): error TS2304: Cannot find name 'dirName'.
app/publish/page.tsx(146,16): error TS2304: Cannot find name 'dirName'.
app/reading-room/page.tsx(146,16): error TS2304: Cannot find name 'dirName'.
app/report/page.tsx(22,28): error TS18047: 'supabase' is possibly 'null'.
app/roadmap/page.tsx(146,16): error TS2304: Cannot find name 'dirName'.
app/social/page.tsx(146,16): error TS2304: Cannot find name 'dirName'.
app/stakeholders/page.tsx(146,16): error TS2304: Cannot find name 'dirName'.
app/supply-chain/page.tsx(146,16): error TS2304: Cannot find name 'dirName'.
app/swarm/page.tsx(146,16): error TS2304: Cannot find name 'dirName'.
app/system-test/page.tsx(146,16): error TS2304: Cannot find name 'dirName'.
app/tasks/page.tsx(146,16): error TS2304: Cannot find name 'dirName'.
app/templates/page.tsx(146,16): error TS2304: Cannot find name 'dirName'.
app/terminal/page.tsx(146,16): error TS2304: Cannot find name 'dirName'.
app/vault-omni/page.tsx(236,33): error TS2322: Type 'unknown' is not assignable to type 'BadgeVariant | undefined'.
app/vault/page.tsx(8,10): error TS2305: Module '"lucide-react"' has no exported member 'Vault'.
app/vault/page.tsx(146,16): error TS2304: Cannot find name 'dirName'.
app/walkthrough/page.tsx(146,16): error TS2304: Cannot find name 'dirName'.
app/wiki/WikiClientPage.tsx(8,23): error TS2339: Property 'FilterXSS' does not exist on type '(html: string, options?: IFilterXSSOptions | undefined) => string'.
app/wiki/WikiClientPage.tsx(10,12): error TS2339: Property 'whiteList' does not exist on type '(html: string, options?: IFilterXSSOptions | undefined) => string'.
components/AuditLogProvider.tsx(2,3): error TS2304: Cannot find name 'useEffect'.
components/AuditLogProvider.tsx(3,24): error TS2304: Cannot find name 'omniAgentBus'.
components/AuditLogProvider.tsx(3,76): error TS7006: Parameter 'payload' implicitly has an 'any' type.
components/AuditLogProvider.tsx(24,46): error TS2339: Property 'children' does not exist on type '{}'.
components/AuditLogProvider.tsx(26,6): error TS2686: 'React' refers to a UMD global, but the current file is a module. Consider adding an import instead.
components/AuditLogProvider.tsx(27,8): error TS2786: 'HistoricalAuditor' cannot be used as a JSX component.
  Its type '() => void' is not a valid JSX element type.
    Type '() => void' is not assignable to type '(props: any, deprecatedLegacyContext?: any) => ReactNode'.
      Type 'void' is not assignable to type 'ReactNode'.
components/AuditLogProvider.tsx(29,7): error TS2686: 'React' refers to a UMD global, but the current file is a module. Consider adding an import instead.
components/DeleteRecordButton.tsx(6,39): error TS2307: Cannot find module '@/app/actions/omni-table' or its corresponding type declarations.
components/GlobalSearch.tsx(124,99): error TS18046: 'res' is of type 'unknown'.
components/GlobalSearch.tsx(131,54): error TS18046: 'res' is of type 'unknown'.
components/omni/DataVisualizer.tsx(7,10): error TS2305: Module '"@dataconnect/generated"' has no exported member 'listScrapedArticles'.
components/omni/SustainWriteTipTapEditor.tsx(50,43): error TS2559: Type 'false' has no properties in common with type 'SetContentOptions'.
components/ui/MemoryGraphVisualizer.tsx(56,22): error TS2604: JSX element type 'Config.icon' does not have any construct or call signatures.
components/ui/MemoryGraphVisualizer.tsx(56,22): error TS2786: 'Config.icon' cannot be used as a JSX component.
  Its type 'unknown' is not a valid JSX element type.
components/ui/ProvenanceDrawer.tsx(36,13): error TS7030: Not all code paths return a value.
components/ui/route.ts(14,43): error TS18046: 'error' is of type 'unknown'.
components/ui/SelectionHouse.tsx(43,13): error TS7030: Not all code paths return a value.
components/ui/Tooltip.tsx(24,60): error TS2339: Property 'values' does not exist on type '{ events: AuditRecord[]; isLive: boolean; metrics: { totalCount: number; zkpSuccessRate: string; entropyReduction: string | number; }; getVisualState: (eventType: string) => VisualDropState; triggerForensicReplay: (speed?: number) => Promise<...>; core: { ...; }; }'.
components/ui/Tooltip.tsx(24,81): error TS18046: 'cd' is of type 'unknown'.
components/ui/Tooltip.tsx(25,30): error TS2339: Property 'verified' does not exist on type '{}'.
components/ui/Tooltip.tsx(25,69): error TS2339: Property 'status' does not exist on type '{}'.
components/ui/Tooltip.tsx(26,68): error TS2339: Property 'status' does not exist on type '{}'.
components/ui/universal/UniversalForm.tsx(32,65): error TS2345: Argument of type 'unknown' is not assignable to parameter of type 'Record<string, any> | (() => Record<string, any>)'.
contexts/ServiceContext.tsx(18,34): error TS18046: 'record' is of type 'unknown'.
hooks/useAuth.tsx(62,11): error TS18047: 'supabase' is possibly 'null'.
hooks/useOmniRealtime.ts(17,21): error TS2345: Argument of type 'User | null' is not assignable to parameter of type 'Record<string, unknown> | null'.
  Type 'User' is not assignable to type 'Record<string, unknown>'.
    Index signature for type 'string' is missing in type 'User'.
hooks/useOmniRealtime.ts(30,53): error TS2345: Argument of type 'User | null' is not assignable to parameter of type 'Record<string, unknown> | null'.
  Type 'User' is not assignable to type 'Record<string, unknown>'.
    Index signature for type 'string' is missing in type 'User'.
hooks/useOmniResonance.ts(10,13): error TS7030: Not all code paths return a value.
lib/adapters/altable.adapter.ts(26,49): error TS2339: Property 'toLowerCase' does not exist on type '{}'.
lib/adapters/notion.adapter.ts(21,92): error TS18046: 's' is of type 'unknown'.
lib/adapters/notion.adapter.ts(22,90): error TS18046: 's' is of type 'unknown'.
lib/agent/hermes-store.ts(55,37): error TS18046: 'err' is of type 'unknown'.
lib/agent/memory-shards.ts(69,23): error TS2721: Cannot invoke an object which is possibly 'null'.
lib/agent/memory-shards.ts(69,23): error TS18047: 'response.output' is possibly 'null'.
lib/agent/memory-shards.ts(69,32): error TS6234: This expression is not callable because it is a 'get' accessor. Did you mean to use it without '()'?
  Type '{ description: string; tags: string[]; title: string; extractedCodeSnippets?: string[] | undefined; entropyLevel?: number | undefined; }' has no call signatures.
lib/agent/memory-shards.ts(90,7): error TS7053: Element implicitly has an 'any' type because expression of type '"entropy_level"' can't be used to index type '{ id: string; title: string; description: string; tags: string[]; extracted_code_snippets: string[]; timestamp: number; }'.
  Property 'entropy_level' does not exist on type '{ id: string; title: string; description: string; tags: string[]; extracted_code_snippets: string[]; timestamp: number; }'.
lib/agent/memory-shards.ts(144,26): error TS2721: Cannot invoke an object which is possibly 'null'.
lib/agent/memory-shards.ts(144,26): error TS18047: 'response.output' is possibly 'null'.
lib/agent/memory-shards.ts(144,35): error TS6234: This expression is not callable because it is a 'get' accessor. Did you mean to use it without '()'?
  Type '{ skillName: string; masteryLevel: "Novice" | "Adept" | "Expert" | "Master"; corePrinciples: string[]; synthesis: string; voidDimension?: "Structural Void" | "Logical Void" | "Stateful Void" | "Unified" | undefined; }' has no call signatures.
lib/agent/memory-shards.ts(166,7): error TS7053: Element implicitly has an 'any' type because expression of type '"void_dimension"' can't be used to index type '{ skill_name: string; mastery_level: "Novice" | "Adept" | "Expert" | "Master"; core_principles: string[]; synthesis: string; source_shards: string[]; timestamp: number; }'.
  Property 'void_dimension' does not exist on type '{ skill_name: string; mastery_level: "Novice" | "Adept" | "Expert" | "Master"; core_principles: string[]; synthesis: string; source_shards: string[]; timestamp: number; }'.
lib/agent/memory-shards.ts(198,5): error TS7053: Element implicitly has an 'any' type because expression of type '"entropy_level"' can't be used to index type '{ id: string; title: string; description: string; tags: string[]; extracted_code_snippets: string[]; timestamp: number; }'.
  Property 'entropy_level' does not exist on type '{ id: string; title: string; description: string; tags: string[]; extracted_code_snippets: string[]; timestamp: number; }'.
lib/agent/memory-shards.ts(273,5): error TS7053: Element implicitly has an 'any' type because expression of type '"void_dimension"' can't be used to index type '{ skill_name: string; mastery_level: "Novice" | "Adept" | "Expert" | "Master"; core_principles: string[]; synthesis: string; source_shards: string[]; timestamp: number; }'.
  Property 'void_dimension' does not exist on type '{ skill_name: string; mastery_level: "Novice" | "Adept" | "Expert" | "Master"; core_principles: string[]; synthesis: string; source_shards: string[]; timestamp: number; }'.
lib/agent/store.ts(62,9): error TS18046: 't' is of type 'unknown'.
lib/agent/store.ts(63,12): error TS18046: 't' is of type 'unknown'.
lib/agent/store.ts(64,15): error TS18046: 't' is of type 'unknown'.
lib/agent/store.ts(65,13): error TS18046: 't' is of type 'unknown'.
lib/agent/store.ts(66,15): error TS18046: 't' is of type 'unknown'.
lib/agent/store.ts(67,16): error TS18046: 't' is of type 'unknown'.
lib/agent/store.ts(68,16): error TS18046: 't' is of type 'unknown'.
lib/agents/adk-swarm.ts(1,26): error TS5097: An import path can only end with a '.ts' extension when 'allowImportingTsExtensions' is enabled.
lib/agents/adk-swarm.ts(3,36): error TS5097: An import path can only end with a '.ts' extension when 'allowImportingTsExtensions' is enabled.
lib/agents/adk-swarm.ts(4,31): error TS5097: An import path can only end with a '.ts' extension when 'allowImportingTsExtensions' is enabled.
lib/agents/adk-swarm.ts(5,30): error TS5097: An import path can only end with a '.ts' extension when 'allowImportingTsExtensions' is enabled.
lib/agents/adk-swarm.ts(6,56): error TS5097: An import path can only end with a '.ts' extension when 'allowImportingTsExtensions' is enabled.
lib/agents/adk-swarm.ts(7,29): error TS5097: An import path can only end with a '.ts' extension when 'allowImportingTsExtensions' is enabled.
lib/agents/adk-tools.ts(2,20): error TS5097: An import path can only end with a '.ts' extension when 'allowImportingTsExtensions' is enabled.
lib/agents/adk-tools.ts(10,8): error TS5097: An import path can only end with a '.ts' extension when 'allowImportingTsExtensions' is enabled.
lib/agents/adk-tools.ts(93,38): error TS5097: An import path can only end with a '.ts' extension when 'allowImportingTsExtensions' is enabled.
lib/agents/error-handler.ts(28,24): error TS2339: Property 'evidenceId' does not exist on type '{}'.
lib/agents/error-handler.ts(29,24): error TS2339: Property 'table' does not exist on type '{}'.
lib/agents/omni-agent-bus.ts(9,37): error TS5097: An import path can only end with a '.ts' extension when 'allowImportingTsExtensions' is enabled.
lib/agents/omni-agent-bus.ts(627,50): error TS5097: An import path can only end with a '.ts' extension when 'allowImportingTsExtensions' is enabled.
lib/agents/omni-agent-bus.ts(680,50): error TS5097: An import path can only end with a '.ts' extension when 'allowImportingTsExtensions' is enabled.
lib/agents/omni-commander.ts(1,26): error TS5097: An import path can only end with a '.ts' extension when 'allowImportingTsExtensions' is enabled.
lib/agents/omni-commander.ts(3,20): error TS5097: An import path can only end with a '.ts' extension when 'allowImportingTsExtensions' is enabled.
lib/agents/omni-commander.ts(5,35): error TS5097: An import path can only end with a '.ts' extension when 'allowImportingTsExtensions' is enabled.
lib/agents/omni-commander.ts(6,35): error TS5097: An import path can only end with a '.ts' extension when 'allowImportingTsExtensions' is enabled.
lib/agents/omni-commander.ts(7,41): error TS5097: An import path can only end with a '.ts' extension when 'allowImportingTsExtensions' is enabled.
lib/agents/omni-commander.ts(22,44): error TS5097: An import path can only end with a '.ts' extension when 'allowImportingTsExtensions' is enabled.
lib/agents/omni-commander.ts(257,48): error TS5097: An import path can only end with a '.ts' extension when 'allowImportingTsExtensions' is enabled.
lib/agents/omni-commander.ts(304,42): error TS5097: An import path can only end with a '.ts' extension when 'allowImportingTsExtensions' is enabled.
lib/agents/omni-commander.ts(305,59): error TS5097: An import path can only end with a '.ts' extension when 'allowImportingTsExtensions' is enabled.
lib/agents/sustain-scribe.ts(9,20): error TS5097: An import path can only end with a '.ts' extension when 'allowImportingTsExtensions' is enabled.
lib/agents/sustain-scribe.ts(12,41): error TS5097: An import path can only end with a '.ts' extension when 'allowImportingTsExtensions' is enabled.
lib/agents/sustain-scribe.ts(13,26): error TS5097: An import path can only end with a '.ts' extension when 'allowImportingTsExtensions' is enabled.
lib/ai/agentz0.ts(105,45): error TS2769: No overload matches this call.
  Overload 1 of 3, '(strPrompt: string): Promise<GenerateResponse<any>>', gave the following error.
    Argument of type '{ model: ModelReference<z.ZodObject<{ version: z.ZodOptional<z.ZodString>; maxOutputTokens: z.ZodOptional<z.ZodNumber>; topK: z.ZodOptional<z.ZodNumber>; stopSequences: z.ZodOptional<z.ZodArray<z.ZodString, "many">>; } & { ...; }, "passthrough", z.ZodTypeAny, z.objectOutputType<...>, z.objectInputType<...>>>; prompt...' is not assignable to parameter of type 'string'.
  Overload 2 of 3, '(parts: ({ text: string; metadata?: Record<string, unknown> | undefined; custom?: Record<string, unknown> | undefined; media?: undefined; toolRequest?: undefined; toolResponse?: undefined; data?: unknown; reasoning?: undefined; resource?: undefined; } | ... 6 more ... | { ...; })[]): Promise<...>', gave the following error.
    Object literal may only specify known properties, and 'model' does not exist in type '({ text: string; metadata?: Record<string, unknown> | undefined; custom?: Record<string, unknown> | undefined; media?: undefined; toolRequest?: undefined; toolResponse?: undefined; data?: unknown; reasoning?: undefined; resource?: undefined; } | ... 6 more ... | { ...; })[]'.
  Overload 3 of 3, '(opts: GenerateOptions<ZodTypeAny, ZodObject<{ version: ZodOptional<ZodString>; maxOutputTokens: ZodOptional<ZodNumber>; topK: ZodOptional<ZodNumber>; stopSequences: ZodOptional<...>; } & { ...; }, "passthrough", ZodTypeAny, objectOutputType<...>, objectInputType<...>>> | PromiseLike<...>): Promise<...>', gave the following error.
    Type 'unknown[]' is not assignable to type 'ToolArgument<ZodTypeAny, ZodTypeAny>[]'.
      Type 'unknown' is not assignable to type 'ToolArgument<ZodTypeAny, ZodTypeAny>'.
lib/ai/agentz0.ts(147,45): error TS2769: No overload matches this call.
  Overload 1 of 3, '(strPrompt: string): GenerateStreamResponse<any>', gave the following error.
    Argument of type '{ model: ModelReference<z.ZodObject<{ version: z.ZodOptional<z.ZodString>; maxOutputTokens: z.ZodOptional<z.ZodNumber>; topK: z.ZodOptional<z.ZodNumber>; stopSequences: z.ZodOptional<z.ZodArray<z.ZodString, "many">>; } & { ...; }, "passthrough", z.ZodTypeAny, z.objectOutputType<...>, z.objectInputType<...>>>; prompt...' is not assignable to parameter of type 'string'.
  Overload 2 of 3, '(parts: ({ text: string; metadata?: Record<string, unknown> | undefined; custom?: Record<string, unknown> | undefined; media?: undefined; toolRequest?: undefined; toolResponse?: undefined; data?: unknown; reasoning?: undefined; resource?: undefined; } | ... 6 more ... | { ...; })[]): GenerateStreamResponse<...>', gave the following error.
    Object literal may only specify known properties, and 'model' does not exist in type '({ text: string; metadata?: Record<string, unknown> | undefined; custom?: Record<string, unknown> | undefined; media?: undefined; toolRequest?: undefined; toolResponse?: undefined; data?: unknown; reasoning?: undefined; resource?: undefined; } | ... 6 more ... | { ...; })[]'.
  Overload 3 of 3, '(opts: GenerateStreamOptions<ZodTypeAny, ZodObject<{ version: ZodOptional<ZodString>; maxOutputTokens: ZodOptional<ZodNumber>; topK: ZodOptional<ZodNumber>; stopSequences: ZodOptional<...>; } & { ...; }, "passthrough", ZodTypeAny, objectOutputType<...>, objectInputType<...>>> | PromiseLike<...>): GenerateStreamResponse<...>', gave the following error.
    Type 'unknown[]' is not assignable to type 'ToolArgument<ZodTypeAny, ZodTypeAny>[]'.
      Type 'unknown' is not assignable to type 'ToolArgument<ZodTypeAny, ZodTypeAny>'.
lib/ai/tools/db-tools.ts(20,39): error TS18046: 'err' is of type 'unknown'.
lib/ai/tools/db-tools.ts(41,39): error TS18046: 'err' is of type 'unknown'.
lib/crypto-proof.ts(212,26): error TS2307: Cannot find module 'snarkjs' or its corresponding type declarations.
lib/dataconnect-memory.ts(2,3): error TS2305: Module '"@dataconnect/generated"' has no exported member 'upsertReportSection'.
lib/dataconnect-memory.ts(3,3): error TS2305: Module '"@dataconnect/generated"' has no exported member 'listReportSectionsByReport'.
lib/dataconnect-memory.ts(4,3): error TS2305: Module '"@dataconnect/generated"' has no exported member 'getReportByCompany'.
lib/dataconnect-memory.ts(5,3): error TS2305: Module '"@dataconnect/generated"' has no exported member 'upsertCompanyMetric'.
lib/dataconnect-memory.ts(6,3): error TS2305: Module '"@dataconnect/generated"' has no exported member 'listCompanyMetrics'.
lib/dataconnect-memory.ts(7,3): error TS2305: Module '"@dataconnect/generated"' has no exported member 'insertEternalMemory'.
lib/dataconnect-memory.ts(8,3): error TS2305: Module '"@dataconnect/generated"' has no exported member 'listEternalMemoriesByCompany'.
lib/dataconnect-memory.ts(9,3): error TS2305: Module '"@dataconnect/generated"' has no exported member 'upsertReport'.
lib/dataconnect-memory.ts(100,34): error TS7006: Parameter 's' implicitly has an 'any' type.
lib/dataconnect-services.ts(3,3): error TS2305: Module '"@dataconnect/generated"' has no exported member 'listReports'.
lib/dataconnect-services.ts(5,3): error TS2305: Module '"@dataconnect/generated"' has no exported member 'upsertReport'.
lib/dataconnect-services.ts(6,3): error TS2305: Module '"@dataconnect/generated"' has no exported member 'listScrapedArticles'.
lib/dataconnect-services.ts(7,3): error TS2305: Module '"@dataconnect/generated"' has no exported member 'listAuditRecords'.
lib/dataconnect-services.ts(9,3): error TS2305: Module '"@dataconnect/generated"' has no exported member 'listRoadmapMilestones'.
lib/dataconnect-services.ts(10,3): error TS2305: Module '"@dataconnect/generated"' has no exported member 'upsertRoadmapMilestone'.
lib/dataconnect-services.ts(11,3): error TS2305: Module '"@dataconnect/generated"' has no exported member 'getCompanyProfile'.
lib/dataconnect-services.ts(12,3): error TS2305: Module '"@dataconnect/generated"' has no exported member 'upsertCompanyProfile'.
lib/dataconnect-services.ts(13,3): error TS2305: Module '"@dataconnect/generated"' has no exported member 'listEternalMemories'.
lib/dataconnect-services.ts(14,3): error TS2305: Module '"@dataconnect/generated"' has no exported member 'insertEternalMemory'.
lib/dataconnect-services.ts(15,3): error TS2305: Module '"@dataconnect/generated"' has no exported member 'upsertEternalMemory'.
lib/dataconnect-services.ts(16,3): error TS2305: Module '"@dataconnect/generated"' has no exported member 'insertAuditRecord'.
lib/dataconnect-services.ts(17,3): error TS2305: Module '"@dataconnect/generated"' has no exported member 'listSwarmAgentTasks'.
lib/dataconnect-services.ts(18,3): error TS2305: Module '"@dataconnect/generated"' has no exported member 'upsertSwarmAgentTask'.
lib/dataconnect-services.ts(19,3): error TS2305: Module '"@dataconnect/generated"' has no exported member 'listRegulatoryPolicies'.
lib/dataconnect-services.ts(20,3): error TS2305: Module '"@dataconnect/generated"' has no exported member 'InsertEternalMemoryVariables'.
lib/dataconnect-services.ts(21,3): error TS2305: Module '"@dataconnect/generated"' has no exported member 'UpsertSwarmAgentTaskVariables'.
lib/dataconnect-services.ts(22,3): error TS2305: Module '"@dataconnect/generated"' has no exported member 'InsertAuditRecordVariables'.
lib/dataconnect-services.ts(23,3): error TS2305: Module '"@dataconnect/generated"' has no exported member 'UpsertCompanyProfileVariables'.
lib/dataconnect-services.ts(97,55): error TS2554: Expected 1 arguments, but got 2.
lib/dataconnect-services.ts(140,41): error TS2554: Expected 0 arguments, but got 1.
lib/demo-data.ts(1,28): error TS5097: An import path can only end with a '.ts' extension when 'allowImportingTsExtensions' is enabled.
lib/design-system/AtomicLibraryShowcase.tsx(21,10): error TS2305: Module '"../../src/dataconnect-generated/react"' has no exported member 'useListAuditRecords'.
lib/design-system/AtomicLibraryShowcase.tsx(80,34): error TS7006: Parameter 'record' implicitly has an 'any' type.
lib/design-system/AtomicToggle.tsx(6,18): error TS2430: Interface 'AtomicToggleProps' incorrectly extends interface 'Omit<InputHTMLAttributes<HTMLButtonElement>, "type" | "onChange">'.
  Types of property 'onToggle' are incompatible.
    Type '(checked: boolean) => void' is not assignable to type 'ToggleEventHandler<HTMLButtonElement>'.
      Types of parameters 'checked' and 'event' are incompatible.
        Type 'ToggleEvent<HTMLButtonElement>' is not assignable to type 'boolean'.
lib/governance/offline-governance.ts(26,21): error TS2304: Cannot find name 'readFileSync'.
lib/governance/offline-governance.ts(30,26): error TS2552: Cannot find name 'loadExpectedHash'. Did you mean 'expectedHash'?
lib/governance/offline-governance.ts(64,24): error TS2304: Cannot find name 'verifyProof'.
lib/governance/offline-governance.ts(80,19): error TS2304: Cannot find name 'readFileSync'.
lib/integrity/IntegrityModule.ts(2,24): error TS5097: An import path can only end with a '.ts' extension when 'allowImportingTsExtensions' is enabled.
lib/integrity/SupabaseIntegrityRepository.ts(21,19): error TS18047: 'supabase' is possibly 'null'.
lib/integrity/SupabaseIntegrityRepository.ts(39,36): error TS18047: 'supabase' is possibly 'null'.
lib/memory.ts(1,35): error TS5097: An import path can only end with a '.ts' extension when 'allowImportingTsExtensions' is enabled.
lib/memory/memory-store.ts(2,47): error TS5097: An import path can only end with a '.ts' extension when 'allowImportingTsExtensions' is enabled.
lib/negotiation/engine.ts(1,20): error TS5097: An import path can only end with a '.ts' extension when 'allowImportingTsExtensions' is enabled.
lib/negotiation/engine.ts(2,29): error TS5097: An import path can only end with a '.ts' extension when 'allowImportingTsExtensions' is enabled.
lib/omni-core.ts(9,8): error TS5097: An import path can only end with a '.ts' extension when 'allowImportingTsExtensions' is enabled.
lib/omni-core.ts(10,33): error TS5097: An import path can only end with a '.ts' extension when 'allowImportingTsExtensions' is enabled.
lib/omni-core.ts(15,8): error TS5097: An import path can only end with a '.ts' extension when 'allowImportingTsExtensions' is enabled.
lib/omni-core.ts(17,30): error TS5097: An import path can only end with a '.ts' extension when 'allowImportingTsExtensions' is enabled.
lib/omni-core.ts(19,62): error TS5097: An import path can only end with a '.ts' extension when 'allowImportingTsExtensions' is enabled.
lib/omni-core.ts(337,51): error TS5097: An import path can only end with a '.ts' extension when 'allowImportingTsExtensions' is enabled.
lib/omni-core.ts(359,50): error TS5097: An import path can only end with a '.ts' extension when 'allowImportingTsExtensions' is enabled.
lib/omni-core/architecture.ts(8,30): error TS5097: An import path can only end with a '.ts' extension when 'allowImportingTsExtensions' is enabled.
lib/omni-core/architecture.ts(9,27): error TS5097: An import path can only end with a '.ts' extension when 'allowImportingTsExtensions' is enabled.
lib/omni-core/awakening.ts(7,41): error TS5097: An import path can only end with a '.ts' extension when 'allowImportingTsExtensions' is enabled.
lib/omni-core/compliance-engine.ts(29,7): error TS18047: 'supabase' is possibly 'null'.
lib/omni-core/compliance-engine.ts(30,7): error TS18047: 'supabase' is possibly 'null'.
lib/omni-core/healer.ts(9,31): error TS5097: An import path can only end with a '.ts' extension when 'allowImportingTsExtensions' is enabled.
lib/omni-core/healer.ts(10,33): error TS5097: An import path can only end with a '.ts' extension when 'allowImportingTsExtensions' is enabled.
lib/omni-core/healer.ts(11,30): error TS5097: An import path can only end with a '.ts' extension when 'allowImportingTsExtensions' is enabled.
lib/omni-core/impulsor.ts(6,30): error TS5097: An import path can only end with a '.ts' extension when 'allowImportingTsExtensions' is enabled.
lib/omni-core/impulsor.ts(7,33): error TS5097: An import path can only end with a '.ts' extension when 'allowImportingTsExtensions' is enabled.
lib/omni-core/integrity.ts(1,39): error TS5097: An import path can only end with a '.ts' extension when 'allowImportingTsExtensions' is enabled.
lib/omni-core/integrity.ts(3,77): error TS5097: An import path can only end with a '.ts' extension when 'allowImportingTsExtensions' is enabled.
lib/omni-space/global-healing.ts(190,47): error TS2339: Property 'message' does not exist on type '{}'.
lib/omni-table/QueryProvider.tsx(13,13): error TS2353: Object literal may only specify known properties, and 'gcTime' does not exist in type 'QueryObserverOptions<unknown, unknown, unknown, unknown, QueryKey>'.
lib/realtime/SupabaseOmniRealtimeService.ts(23,24): error TS18047: 'supabase' is possibly 'null'.
lib/services/ai-tools.ts(54,41): error TS18046: 'args' is of type 'unknown'.
lib/services/context-gatherer.ts(8,10): error TS2724: '"./omni-blue"' has no exported member named 'blueCC'. Did you mean 'blueCc'?
lib/services/external-sync-service.ts(80,23): error TS18046: 'payload' is of type 'unknown'.
lib/services/omni-table-blue-bridge.ts(1,33): error TS5097: An import path can only end with a '.ts' extension when 'allowImportingTsExtensions' is enabled.
lib/services/omni-table-blue-bridge.ts(2,10): error TS2724: '"../services/omni-blue"' has no exported member named 'blueCC'. Did you mean 'blueCc'?
lib/services/omni-table-blue-bridge.ts(3,30): error TS5097: An import path can only end with a '.ts' extension when 'allowImportingTsExtensions' is enabled.
lib/sonar/services/scheduler.ts(64,59): error TS18046: 'err' is of type 'unknown'.
lib/state-controller.ts(9,27): error TS5097: An import path can only end with a '.ts' extension when 'allowImportingTsExtensions' is enabled.
lib/supabase/server.ts(23,44): error TS2698: Spread types may only be created from object types.
lib/supabase/server.ts(32,48): error TS2698: Spread types may only be created from object types.
lib/swarm-consensus-engine.ts(6,24): error TS5097: An import path can only end with a '.ts' extension when 'allowImportingTsExtensions' is enabled.
lib/swarm/WebSocketSwarmSyncService.ts(77,17): error TS18046: 't' is of type 'unknown'.
lib/swarm/WebSocketSwarmSyncService.ts(77,30): error TS18046: 't' is of type 'unknown'.
lib/swarm/WebSocketSwarmSyncService.ts(77,49): error TS18046: 't' is of type 'unknown'.
lib/swarm/WebSocketSwarmSyncService.ts(77,76): error TS18046: 't' is of type 'unknown'.
lib/swarm/WebSocketSwarmSyncService.ts(78,23): error TS18046: 't' is of type 'unknown'.
lib/swarm/WebSocketSwarmSyncService.ts(78,59): error TS18046: 't' is of type 'unknown'.
lib/swarm/WebSocketSwarmSyncService.ts(78,83): error TS18046: 't' is of type 'unknown'.
lib/tools/audit-seal.ts(2,20): error TS5097: An import path can only end with a '.ts' extension when 'allowImportingTsExtensions' is enabled.
lib/tools/audit-seal.ts(3,58): error TS5097: An import path can only end with a '.ts' extension when 'allowImportingTsExtensions' is enabled.
lib/tools/audit-seal.ts(4,34): error TS5097: An import path can only end with a '.ts' extension when 'allowImportingTsExtensions' is enabled.
lib/tools/audit-seal.ts(13,68): error TS18046: 'e' is of type 'unknown'.
lib/tools/audit-seal.ts(48,68): error TS18046: 'e' is of type 'unknown'.
lib/tools/collaboration.ts(18,96): error TS18046: 'm' is of type 'unknown'.
lib/tools/synthesis.ts(2,20): error TS5097: An import path can only end with a '.ts' extension when 'allowImportingTsExtensions' is enabled.
lib/tools/synthesis.ts(3,29): error TS5097: An import path can only end with a '.ts' extension when 'allowImportingTsExtensions' is enabled.
lib/tools/synthesis.ts(41,37): error TS18046: 'm' is of type 'unknown'.
lib/tools/synthesis.ts(41,50): error TS18046: 'm' is of type 'unknown'.
lib/tools/synthesis.ts(161,16): error TS18046: 'error' is of type 'unknown'.
lib/utils/documentConverters.ts(3,29): error TS7016: Could not find a declaration file for module 'turndown'. 'C:/Project/esggo/esggo/node_modules/turndown/lib/turndown.cjs.js' implicitly has an 'any' type.
  Try `npm i --save-dev @types/turndown` if it exists or add a new declaration (.d.ts) file containing `declare module 'turndown';`
lib/utils/documentConverters.ts(19,61): error TS2551: Property 'outputPdf' does not exist on type 'Html2Pdf'. Did you mean 'output'?
lib/utils/documentConverters.ts(51,28): error TS2322: Type 'Buffer<ArrayBufferLike>' is not assignable to type 'BlobPart'.
  Type 'Buffer<ArrayBufferLike>' is not assignable to type 'ArrayBufferView<ArrayBuffer>'.
    Types of property 'buffer' are incompatible.
      Type 'ArrayBufferLike' is not assignable to type 'ArrayBuffer'.
        Type 'SharedArrayBuffer' is not assignable to type 'ArrayBuffer'.
          Types of property '[Symbol.toStringTag]' are incompatible.
            Type '"SharedArrayBuffer"' is not assignable to type '"ArrayBuffer"'.
next.config.ts(7,3): error TS2353: Object literal may only specify known properties, and 'eslint' does not exist in type 'NextConfig'.
src/client/hooks/useOmniResonance.ts(43,13): error TS7030: Not all code paths return a value.
src/client/skills/exampleSkill.ts(27,7): error TS2353: Object literal may only specify known properties, and 'version' does not exist in type '{ executionTime: number; locaversion: string; }'.
src/core/full-process-test.ts(34,69): error TS2322: Type 'unknown' is not assignable to type '{ status: "Trustworthy"; timestamp: number; uuid: string; formula: string; impact_metric: string; hash_lock: string; evidence: { originCause: string; processTrace: string[]; finalEffect: string; ... 4 more ...; causality?: { ...; } | undefined; }[]; version: string; }'.
src/logger.ts(42,19): error TS2304: Cannot find name 'readFileSync'.
src/logger.ts(43,44): error TS7006: Parameter 'line' implicitly has an 'any' type.
src/logger.ts(44,29): error TS7006: Parameter 'line' implicitly has an 'any' type.
src/logger.ts(50,10): error TS2304: Cannot find name 'readFileSync'.
src/mcp-proxy.ts(18,42): error TS2339: Property 'from' does not exist on type 'string'.
src/omnimcp-entry.ts(1,40): error TS7016: Could not find a declaration file for module './auth'. 'C:/Project/esggo/esggo/src/auth.js' implicitly has an 'any' type.
src/server/memory/OmniMemorySync.ts(76,7): error TS2353: Object literal may only specify known properties, and '"Task Title"' does not exist in type '{ fields: Record<string, any>; }'.
src/server/memory/OmniMemorySync.ts(76,35): error TS2339: Property 'content' does not exist on type '{ status: "todo" | "doing" | "done"; name: string; attributes: string[]; uuid: string; abilities: string[]; lastUpdated: number; }'.
src/server/memory/OmniMemorySync.ts(78,27): error TS2339: Property 'type' does not exist on type '{ status: "todo" | "doing" | "done"; name: string; attributes: string[]; uuid: string; abilities: string[]; lastUpdated: number; }'.
src/server/memory/OmniMemorySync.ts(79,21): error TS2339: Property 'source_origin' does not exist on type '{ created_at: number; id: string; hash_lock: string; omni_card_uuid: string; event_type: string; payload: { status: "todo" | "doing" | "done"; name: string; attributes: string[]; uuid: string; abilities: string[]; lastUpdated: number; }; source_platform: string; cryptographic_seal?: string | undefined; }'.
src/server/memory/OmniMemorySync.ts(84,66): error TS2339: Property 'content' does not exist on type '{ status: "todo" | "doing" | "done"; name: string; attributes: string[]; uuid: string; abilities: string[]; lastUpdated: number; }'.
src/server/memory/OmniMemorySync.ts(180,9): error TS2353: Object literal may only specify known properties, and 'timestamp' does not exist in type '{ created_at: number; id: string; hash_lock: string; omni_card_uuid: string; event_type: string; payload: { status: "todo" | "doing" | "done"; name: string; attributes: string[]; uuid: string; abilities: string[]; lastUpdated: number; }; source_platform: string; cryptographic_seal?: string | undefined; }'.
src/server/repositories/audit.repository.ts(24,11): error TS2353: Object literal may only specify known properties, and 'user_id' does not exist in type 'never[]'.
src/server/repositories/evidence.repository.ts(148,32): error TS7006: Parameter 'row' implicitly has an 'any' type.
src/server/services/evidence.service.ts(33,5): error TS2322: Type 'Evidence | undefined' is not assignable to type 'Evidence'.
  Type 'undefined' is not assignable to type 'Evidence'.
src/server/skills/enterpriseRagSkill.ts(13,14): error TS2322: Type '(input: AtomicFunctionInput<OmniCoreContext> & { payload: RagPayload; }) => Promise<{ success: true; data: { query: string; results: any; }; metadata: { ...; }; error?: undefined; } | { ...; }>' is not assignable to type 'AtomicFunction<AtomicFunctionInput<OmniCoreContext> & { payload: RagPayload; }, { results: any[]; query: string; }>'.
  Type 'Promise<{ success: true; data: { query: string; results: any; }; metadata: { executionTime: number; version: string; }; error?: undefined; } | { success: false; error: any; metadata: { executionTime: number; version: string; }; data?: undefined; }>' is not assignable to type 'Promise<AtomicFunctionResult<{ results: any[]; query: string; }, Error>>'.
    Type '{ success: true; data: { query: string; results: any; }; metadata: { executionTime: number; version: string; }; error?: undefined; } | { success: false; error: any; metadata: { executionTime: number; version: string; }; data?: undefined; }' is not assignable to type 'AtomicFunctionResult<{ results: any[]; query: string; }, Error>'.
      Type '{ success: true; data: { query: string; results: any; }; metadata: { executionTime: number; version: string; }; error?: undefined; }' is not assignable to type 'AtomicFunctionResult<{ results: any[]; query: string; }, Error>'.
        Types of property 'metadata' are incompatible.
          Property 'locaversion' is missing in type '{ executionTime: number; version: string; }' but required in type '{ executionTime: number; locaversion: string; }'.
src/services/OmniAgentSkillManager.ts(54,11): error TS2322: Type 'Record<string, (...args: unknown[]) => unknown> | undefined' is not assignable to type 'Record<string, (...args: unknown[]) => unknown>'.
  Type 'undefined' is not assignable to type 'Record<string, (...args: unknown[]) => unknown>'.
