app/api/agent/hermes/route.ts(27,32): error TS2571: Object is of type 'unknown'.
app/api/agent/tasks/[taskId]/execute/route.ts(48,34): error TS2571: Object is of type 'unknown'.
app/api/agent/vision/route.ts(6,19): error TS2307: Cannot find module 'genkit' or its corresponding type declarations.
app/api/agent/vision/route.ts(39,30): error TS2571: Object is of type 'unknown'.
app/api/ai/search/route.ts(33,34): error TS7006: Parameter 'doc' implicitly has an 'any' type.
app/api/contracts/route.ts(37,35): error TS18047: 'supabase' is possibly 'null'.
app/api/contracts/route.ts(58,35): error TS18047: 'supabase' is possibly 'null'.
app/api/governance/resonance/route.ts(9,56): error TS18047: 'supabase' is possibly 'null'.
app/api/governance/resonance/route.ts(16,54): error TS18047: 'supabase' is possibly 'null'.
app/api/internal/consolidate-memories/route.ts(17,28): error TS2571: Object is of type 'unknown'.
app/api/omnicore/audit-pdf/route.ts(52,28): error TS18046: 'ai' is of type 'unknown'.
app/api/omnicore/scrape-esg-web/route.ts(50,28): error TS18046: 'ai' is of type 'unknown'.
app/api/scraper/route.ts(58,46): error TS2345: Argument of type '{}' is not assignable to parameter of type 'DataConnect'.
  Type '{}' is missing the following properties from type 'DataConnect': app, dataConnectOptions, isEmulator, getSettings, and 2 more.
app/api/scraper/route.ts(118,42): error TS2345: Argument of type '{}' is not assignable to parameter of type 'DataConnect'.
app/apollo-studio/page.tsx(241,41): error TS18046: 'e' is of type 'unknown'.
app/best-practice/page.tsx(95,23): error TS18046: 'practice' is of type 'unknown'.
app/best-practice/page.tsx(98,68): error TS2345: Argument of type 'unknown' is not assignable to parameter of type 'Record<string, unknown>'.
app/best-practice/page.tsx(101,14): error TS18046: 'practice' is of type 'unknown'.
app/best-practice/page.tsx(188,78): error TS18046: 'rec' is of type 'unknown'.
app/best-practice/page.tsx(189,88): error TS18046: 'rec' is of type 'unknown'.
app/best-practice/page.tsx(191,72): error TS18046: 'rec' is of type 'unknown'.
app/dashboard/premium/page.tsx(61,25): error TS2322: Type '"secondary"' is not assignable to type '"default" | "primary" | "outline" | "ghost" | undefined'.
app/dashboard/premium/page.tsx(64,43): error TS2322: Type '{ children: (string | Element)[]; variant: "primary"; size: string; }' is not assignable to type 'IntrinsicAttributes & AtomicButtonProps & RefAttributes<HTMLButtonElement>'.
  Property 'size' does not exist on type 'IntrinsicAttributes & AtomicButtonProps & RefAttributes<HTMLButtonElement>'.
app/dashboard/premium/page.tsx(79,42): error TS2322: Type '"heavy"' is not assignable to type '"high" | "low" | "medium" | undefined'.
app/dashboard/premium/page.tsx(106,46): error TS2322: Type '{ children: (string | Element)[]; variant: "ghost"; size: string; className: string; }' is not assignable to type 'IntrinsicAttributes & AtomicButtonProps & RefAttributes<HTMLButtonElement>'.
  Property 'size' does not exist on type 'IntrinsicAttributes & AtomicButtonProps & RefAttributes<HTMLButtonElement>'.
app/map/page.tsx(110,7): error TS2322: Type '{ children: (false | Element)[]; layout: true; initial: { opacity: number; x: number; }; animate: { opacity: number; x: number; }; transition: { delay: number; }; className: string; onClick: () => void; hoverEffect: "glow"; padding: "lg"; }' is not assignable to type 'IntrinsicAttributes & AtomicCardProps & RefAttributes<HTMLDivElement>'.
  Property 'layout' does not exist on type 'IntrinsicAttributes & AtomicCardProps & RefAttributes<HTMLDivElement>'.
app/map/page.tsx(162,35): error TS2322: Type '{ children: string; key: number; size: string; tone: string; }' is not assignable to type 'IntrinsicAttributes & AtomicBadgeProps'.
  Property 'size' does not exist on type 'IntrinsicAttributes & AtomicBadgeProps'.
app/map/page.tsx(167,27): error TS2322: Type '{ children: (string | number)[]; size: string; tone: string; }' is not assignable to type 'IntrinsicAttributes & AtomicBadgeProps'.
  Property 'size' does not exist on type 'IntrinsicAttributes & AtomicBadgeProps'.
app/profile/page.tsx(39,61): error TS2769: No overload matches this call.
  Overload 1 of 2, '(options?: useDataConnectQueryOptions<GetMyCompanyProfileData> | undefined): UseDataConnectQueryResult<GetMyCompanyProfileData, undefined>', gave the following error.
    Argument of type 'unknown' is not assignable to parameter of type 'useDataConnectQueryOptions<GetMyCompanyProfileData> | undefined'.
  Overload 2 of 2, '(dc: DataConnect, options?: useDataConnectQueryOptions<GetMyCompanyProfileData> | undefined): UseDataConnectQueryResult<GetMyCompanyProfileData, undefined>', gave the following error.
    Argument of type 'unknown' is not assignable to parameter of type 'DataConnect'.
app/profile/page.tsx(40,87): error TS2769: No overload matches this call.
  Overload 1 of 2, '(options?: useDataConnectMutationOptions<UpsertCompanyProfileData, FirebaseError, UpsertCompanyProfileVariables> | undefined): UseDataConnectMutationResult<...>', gave the following error.
    Argument of type 'unknown' is not assignable to parameter of type 'useDataConnectMutationOptions<UpsertCompanyProfileData, FirebaseError, UpsertCompanyProfileVariables> | undefined'.
  Overload 2 of 2, '(dc: DataConnect, options?: useDataConnectMutationOptions<UpsertCompanyProfileData, FirebaseError, UpsertCompanyProfileVariables> | undefined): UseDataConnectMutationResult<...>', gave the following error.
    Argument of type 'unknown' is not assignable to parameter of type 'DataConnect'.
app/profile/page.tsx(109,13): error TS18046: 'err' is of type 'unknown'.
app/report/page.tsx(22,28): error TS18047: 'supabase' is possibly 'null'.
app/vault-omni/page.tsx(236,33): error TS2322: Type 'unknown' is not assignable to type 'BadgeVariant | undefined'.
components/GlobalSearch.tsx(124,99): error TS18046: 'res' is of type 'unknown'.
components/GlobalSearch.tsx(131,54): error TS18046: 'res' is of type 'unknown'.
components/omni/DataVisualizer.tsx(26,52): error TS2769: No overload matches this call.
  Overload 1 of 2, '(options?: ExecuteQueryOptions | undefined): QueryPromise<ListScrapedArticlesData, undefined>', gave the following error.
    Argument of type '{}' is not assignable to parameter of type 'ExecuteQueryOptions'.
      Property 'fetchPolicy' is missing in type '{}' but required in type 'ExecuteQueryOptions'.
  Overload 2 of 2, '(dc: DataConnect, options?: ExecuteQueryOptions | undefined): QueryPromise<ListScrapedArticlesData, undefined>', gave the following error.
    Argument of type '{}' is not assignable to parameter of type 'DataConnect'.
components/ui/ComparisonChart.tsx(10,11): error TS18046: 'resultA' is of type 'unknown'.
components/ui/ComparisonChart.tsx(11,12): error TS18046: 'resultA' is of type 'unknown'.
components/ui/ComparisonChart.tsx(12,12): error TS18046: 'resultB' is of type 'unknown'.
components/ui/ComparisonChart.tsx(16,11): error TS18046: 'resultA' is of type 'unknown'.
components/ui/ComparisonChart.tsx(17,12): error TS18046: 'resultA' is of type 'unknown'.
components/ui/ComparisonChart.tsx(18,12): error TS18046: 'resultB' is of type 'unknown'.
components/ui/MemoryGraphVisualizer.tsx(56,22): error TS2604: JSX element type 'Config.icon' does not have any construct or call signatures.
components/ui/MemoryGraphVisualizer.tsx(56,22): error TS2786: 'Config.icon' cannot be used as a JSX component.
  Its type 'unknown' is not a valid JSX element type.
components/ui/route.ts(14,43): error TS18046: 'error' is of type 'unknown'.
components/ui/Tooltip.tsx(24,60): error TS2339: Property 'values' does not exist on type '{ drops: Map<string, ColorDropData>; loading: boolean; }'.
components/ui/Tooltip.tsx(24,81): error TS18046: 'cd' is of type 'unknown'.
components/ui/Tooltip.tsx(25,30): error TS2339: Property 'verified' does not exist on type '{}'.
components/ui/Tooltip.tsx(25,69): error TS2339: Property 'status' does not exist on type '{}'.
components/ui/Tooltip.tsx(26,68): error TS2339: Property 'status' does not exist on type '{}'.
components/ui/universal/UniversalForm.tsx(32,65): error TS2345: Argument of type 'unknown' is not assignable to parameter of type 'Record<string, any> | (() => Record<string, any>)'.
contexts/ServiceContext.tsx(18,34): error TS18046: 'record' is of type 'unknown'.
hooks/useAuth.tsx(62,11): error TS18047: 'supabase' is possibly 'null'.
hooks/useOmniRealtime.ts(17,21): error TS2345: Argument of type 'User | null' is not assignable to parameter of type 'Record<string, unknown> | null'.
  Type 'User' is not assignable to type 'Record<string, unknown>'.
    Index signature for type 'string' is missing in type 'User'.
hooks/useOmniRealtime.ts(30,53): error TS2345: Argument of type 'User | null' is not assignable to parameter of type 'Record<string, unknown> | null'.
lib/adapters/altable.adapter.ts(26,49): error TS2339: Property 'toLowerCase' does not exist on type '{}'.
lib/adapters/notion.adapter.ts(21,92): error TS18046: 's' is of type 'unknown'.
lib/adapters/notion.adapter.ts(22,90): error TS18046: 's' is of type 'unknown'.
lib/agent/hermes-store.ts(55,37): error TS18046: 'err' is of type 'unknown'.
lib/agent/store.ts(62,9): error TS18046: 't' is of type 'unknown'.
lib/agent/store.ts(63,12): error TS18046: 't' is of type 'unknown'.
lib/agent/store.ts(64,15): error TS18046: 't' is of type 'unknown'.
lib/agent/store.ts(65,13): error TS18046: 't' is of type 'unknown'.
lib/agent/store.ts(66,15): error TS18046: 't' is of type 'unknown'.
lib/agent/store.ts(67,16): error TS18046: 't' is of type 'unknown'.
lib/agent/store.ts(68,16): error TS18046: 't' is of type 'unknown'.
lib/agents/adk-core.ts(2,19): error TS2307: Cannot find module 'genkit' or its corresponding type declarations.
lib/agents/adk-core.ts(73,22): error TS7006: Parameter 'input' implicitly has an 'any' type.
lib/agents/adk-tools.ts(1,19): error TS2307: Cannot find module 'genkit' or its corresponding type declarations.
lib/agents/adk-tools.ts(22,11): error TS7006: Parameter 'input' implicitly has an 'any' type.
lib/agents/adk-tools.ts(32,11): error TS7006: Parameter 'input' implicitly has an 'any' type.
lib/agents/adk-tools.ts(42,11): error TS7006: Parameter 'input' implicitly has an 'any' type.
lib/agents/adk-tools.ts(64,11): error TS7006: Parameter 'input' implicitly has an 'any' type.
lib/agents/adk-tools.ts(78,11): error TS7006: Parameter 'input' implicitly has an 'any' type.
lib/agents/adk-tools.ts(92,11): error TS7006: Parameter 'input' implicitly has an 'any' type.
lib/agents/agentz0.ts(1,19): error TS2307: Cannot find module 'genkit' or its corresponding type declarations.
lib/agents/agentz0.ts(16,10): error TS7006: Parameter 'input' implicitly has an 'any' type.
lib/agents/genkit.ts(1,24): error TS2307: Cannot find module 'genkit' or its corresponding type declarations.
lib/agents/sustain-scribe.ts(10,19): error TS2307: Cannot find module 'genkit' or its corresponding type declarations.
lib/ai/agentz0.ts(1,19): error TS2307: Cannot find module 'genkit' or its corresponding type declarations.
lib/ai/agentz0.ts(12,11): error TS7006: Parameter 'input' implicitly has an 'any' type.
lib/ai/agentz0.ts(22,11): error TS7006: Parameter 'input' implicitly has an 'any' type.
lib/ai/agentz0.ts(32,11): error TS7006: Parameter 'input' implicitly has an 'any' type.
lib/ai/retrievers.ts(1,42): error TS2307: Cannot find module '@genkit-ai/firebase' or its corresponding type declarations.
lib/ai/tools/db-tools.ts(20,39): error TS18046: 'err' is of type 'unknown'.
lib/ai/tools/db-tools.ts(41,39): error TS18046: 'err' is of type 'unknown'.
lib/dataconnect-memory.ts(71,48): error TS2345: Argument of type '{ reportId: string; sectionId: string; title: string; content: string | undefined; contentMd: string | undefined; fieldValuesJson: string; notes: string | undefined; documentsStateJson: string; isDone: boolean; chapterOrder: number | undefined; griReferences: string[] | undefined; hashLock: string | undefined; }' is not assignable to parameter of type 'UpsertReportSectionVariables'.
  Property 'sourceOrigin' is missing in type '{ reportId: string; sectionId: string; title: string; content: string | undefined; contentMd: string | undefined; fieldValuesJson: string; notes: string | undefined; documentsStateJson: string; isDone: boolean; chapterOrder: number | undefined; griReferences: string[] | undefined; hashLock: string | undefined; }' but required in type 'UpsertReportSectionVariables'.
lib/dataconnect-memory.ts(113,19): error TS2339: Property 'lastUpdated' does not exist on type '{ id: string; sectionId: string; title: string; content?: string | null | undefined; contentMd?: string | null | undefined; fieldValuesJson?: string | null | undefined; notes?: string | null | undefined; ... 5 more ...; updatedAt: string; } & ReportSection_Key'.
lib/dataconnect-memory.ts(125,5): error TS2322: Type '{}' is not assignable to type 'boolean'.
lib/dataconnect-memory.ts(144,5): error TS2322: Type 'string[]' is not assignable to type 'string'.
lib/dataconnect-memory.ts(146,5): error TS2322: Type '{}' is not assignable to type 'boolean'.
lib/dataconnect-services.ts(33,48): error TS2769: No overload matches this call.
  Overload 1 of 2, '(options?: ExecuteQueryOptions | undefined): QueryPromise<ListEternalMemoriesData, undefined>', gave the following error.
    Argument of type 'unknown' is not assignable to parameter of type 'ExecuteQueryOptions | undefined'.
  Overload 2 of 2, '(dc: DataConnect, options?: ExecuteQueryOptions | undefined): QueryPromise<ListEternalMemoriesData, undefined>', gave the following error.
    Argument of type 'unknown' is not assignable to parameter of type 'DataConnect'.
lib/dataconnect-services.ts(43,48): error TS2345: Argument of type 'unknown' is not assignable to parameter of type 'DataConnect'.
lib/dataconnect-services.ts(54,48): error TS2769: No overload matches this call.
  Overload 1 of 2, '(options?: ExecuteQueryOptions | undefined): QueryPromise<ListSwarmAgentTasksData, undefined>', gave the following error.
    Argument of type 'unknown' is not assignable to parameter of type 'ExecuteQueryOptions | undefined'.
  Overload 2 of 2, '(dc: DataConnect, options?: ExecuteQueryOptions | undefined): QueryPromise<ListSwarmAgentTasksData, undefined>', gave the following error.
    Argument of type 'unknown' is not assignable to parameter of type 'DataConnect'.
lib/dataconnect-services.ts(64,49): error TS2345: Argument of type 'unknown' is not assignable to parameter of type 'DataConnect'.
lib/dataconnect-services.ts(75,51): error TS2769: No overload matches this call.
  Overload 1 of 2, '(options?: ExecuteQueryOptions | undefined): QueryPromise<ListRegulatoryPoliciesData, undefined>', gave the following error.
    Argument of type 'unknown' is not assignable to parameter of type 'ExecuteQueryOptions | undefined'.
  Overload 2 of 2, '(dc: DataConnect, options?: ExecuteQueryOptions | undefined): QueryPromise<ListRegulatoryPoliciesData, undefined>', gave the following error.
    Argument of type 'unknown' is not assignable to parameter of type 'DataConnect'.
lib/dataconnect-services.ts(86,40): error TS2769: No overload matches this call.
  Overload 1 of 2, '(options?: ExecuteQueryOptions | undefined): QueryPromise<ListReportsData, undefined>', gave the following error.
    Argument of type 'unknown' is not assignable to parameter of type 'ExecuteQueryOptions | undefined'.
  Overload 2 of 2, '(dc: DataConnect, options?: ExecuteQueryOptions | undefined): QueryPromise<ListReportsData, undefined>', gave the following error.
    Argument of type 'unknown' is not assignable to parameter of type 'DataConnect'.
lib/dataconnect-services.ts(96,42): error TS2769: No overload matches this call.
  Overload 1 of 2, '(vars: GetReportByIdVariables, options?: ExecuteQueryOptions | undefined): QueryPromise<GetReportByIdData, GetReportByIdVariables>', gave the following error.
    Argument of type 'unknown' is not assignable to parameter of type 'GetReportByIdVariables'.
  Overload 2 of 2, '(dc: DataConnect, vars: GetReportByIdVariables, options?: ExecuteQueryOptions | undefined): QueryPromise<GetReportByIdData, GetReportByIdVariables>', gave the following error.
    Argument of type 'unknown' is not assignable to parameter of type 'DataConnect'.
lib/dataconnect-services.ts(107,48): error TS2769: No overload matches this call.
  Overload 1 of 2, '(options?: ExecuteQueryOptions | undefined): QueryPromise<ListScrapedArticlesData, undefined>', gave the following error.
    Argument of type 'unknown' is not assignable to parameter of type 'ExecuteQueryOptions | undefined'.
  Overload 2 of 2, '(dc: DataConnect, options?: ExecuteQueryOptions | undefined): QueryPromise<ListScrapedArticlesData, undefined>', gave the following error.
    Argument of type 'unknown' is not assignable to parameter of type 'DataConnect'.
lib/dataconnect-services.ts(118,45): error TS2769: No overload matches this call.
  Overload 1 of 2, '(options?: ExecuteQueryOptions | undefined): QueryPromise<ListAuditRecordsData, undefined>', gave the following error.
    Argument of type 'unknown' is not assignable to parameter of type 'ExecuteQueryOptions | undefined'.
  Overload 2 of 2, '(dc: DataConnect, options?: ExecuteQueryOptions | undefined): QueryPromise<ListAuditRecordsData, undefined>', gave the following error.
    Argument of type 'unknown' is not assignable to parameter of type 'DataConnect'.
lib/dataconnect-services.ts(128,46): error TS2345: Argument of type 'unknown' is not assignable to parameter of type 'DataConnect'.
lib/dataconnect-services.ts(139,41): error TS2769: No overload matches this call.
  Overload 1 of 2, '(options?: ExecuteQueryOptions | undefined): QueryPromise<ListAllTasksData, undefined>', gave the following error.
    Argument of type 'unknown' is not assignable to parameter of type 'ExecuteQueryOptions | undefined'.
  Overload 2 of 2, '(dc: DataConnect, options?: ExecuteQueryOptions | undefined): QueryPromise<ListAllTasksData, undefined>', gave the following error.
    Argument of type 'unknown' is not assignable to parameter of type 'DataConnect'.
lib/dataconnect-services.ts(150,50): error TS2769: No overload matches this call.
  Overload 1 of 2, '(options?: ExecuteQueryOptions | undefined): QueryPromise<ListRoadmapMilestonesData, undefined>', gave the following error.
    Argument of type 'unknown' is not assignable to parameter of type 'ExecuteQueryOptions | undefined'.
  Overload 2 of 2, '(dc: DataConnect, options?: ExecuteQueryOptions | undefined): QueryPromise<ListRoadmapMilestonesData, undefined>', gave the following error.
    Argument of type 'unknown' is not assignable to parameter of type 'DataConnect'.
lib/dataconnect-services.ts(160,51): error TS2345: Argument of type 'unknown' is not assignable to parameter of type 'DataConnect'.
lib/dataconnect-services.ts(180,46): error TS2769: No overload matches this call.
  Overload 1 of 2, '(vars: GetCompanyProfileVariables, options?: ExecuteQueryOptions | undefined): QueryPromise<GetCompanyProfileData, GetCompanyProfileVariables>', gave the following error.
    Argument of type 'unknown' is not assignable to parameter of type 'GetCompanyProfileVariables'.
  Overload 2 of 2, '(dc: DataConnect, vars: GetCompanyProfileVariables, options?: ExecuteQueryOptions | undefined): QueryPromise<GetCompanyProfileData, GetCompanyProfileVariables>', gave the following error.
    Argument of type 'unknown' is not assignable to parameter of type 'DataConnect'.
lib/dataconnect-services.ts(190,49): error TS2345: Argument of type 'unknown' is not assignable to parameter of type 'DataConnect'.
lib/dataconnect-services.ts(206,41): error TS2345: Argument of type 'unknown' is not assignable to parameter of type 'DataConnect'.
lib/firebase.ts(36,5): error TS2578: Unused '@ts-expect-error' directive.
lib/hooks/useColorDropStream.ts(98,77): error TS2345: Argument of type '(payload: ColorDropData) => void' is not assignable to parameter of type '(payload: Record<string, unknown>) => void'.
  Types of parameters 'payload' and 'payload' are incompatible.
    Type 'Record<string, unknown>' is missing the following properties from type 'ColorDropData': colorDropId, evidenceUuid, status
lib/hooks/useColorDropStream.ts(105,81): error TS2345: Argument of type '(payload: ColorDropData) => void' is not assignable to parameter of type '(payload: Record<string, unknown>) => void'.
  Types of parameters 'payload' and 'payload' are incompatible.
    Type 'Record<string, unknown>' is not assignable to type 'ColorDropData'.
lib/hooks/useColorDropStream.ts(116,86): error TS2345: Argument of type '(payload: { evidenceUuid: string; }) => void' is not assignable to parameter of type '(payload: Record<string, unknown>) => void'.
  Types of parameters 'payload' and 'payload' are incompatible.
    Property 'evidenceUuid' is missing in type 'Record<string, unknown>' but required in type '{ evidenceUuid: string; }'.
lib/integrity/SupabaseIntegrityRepository.ts(21,19): error TS18047: 'supabase' is possibly 'null'.
lib/integrity/SupabaseIntegrityRepository.ts(39,36): error TS18047: 'supabase' is possibly 'null'.
lib/memory/memory-store.ts(1,19): error TS2307: Cannot find module 'genkit' or its corresponding type declarations.
lib/omni-core/compliance-engine.ts(29,7): error TS18047: 'supabase' is possibly 'null'.
lib/omni-core/compliance-engine.ts(30,7): error TS18047: 'supabase' is possibly 'null'.
lib/omni-core/healer.ts(79,54): error TS18047: 'supabaseAdmin' is possibly 'null'.
lib/omni-core/healer.ts(99,42): error TS18047: 'supabaseAdmin' is possibly 'null'.
lib/omni-core/healer.ts(118,11): error TS18047: 'supabaseAdmin' is possibly 'null'.
lib/omni-gateway.ts(83,28): error TS18046: 'ai' is of type 'unknown'.
lib/omni-gateway.ts(110,28): error TS18046: 'ai' is of type 'unknown'.
lib/omni-space/global-healing.ts(190,47): error TS2339: Property 'message' does not exist on type '{}'.
lib/omni-space/omni-memory-sync.ts(3,24): error TS2307: Cannot find module 'genkit' or its corresponding type declarations.
lib/omni-space/omni-memory-sync.ts(48,17): error TS7006: Parameter 'res' implicitly has an 'any' type.
lib/omni.config.ts(6,37): error TS2307: Cannot find module 'genkit' or its corresponding type declarations.
lib/realtime/SupabaseOmniRealtimeService.test.ts(73,10): error TS18047: 'supabase' is possibly 'null'.
lib/realtime/SupabaseOmniRealtimeService.test.ts(93,35): error TS2345: Argument of type '{ onPresenceSync: Mock<Procedure | Constructable>; onEventReceived: Mock<Procedure | Constructable>; onStatusChange: Mock<...>; }' is not assignable to parameter of type 'RealtimeCallbacks'.
  Types of property 'onPresenceSync' are incompatible.
    Type 'Mock<Procedure | Constructable>' is not assignable to type '(users: Record<string, unknown>[]) => void'.
      Type 'MockInstance<Procedure | Constructable> & (new (...args: any[]) => any) & {}' is not assignable to type '(users: Record<string, unknown>[]) => void'.
        Type 'MockInstance<Procedure | Constructable> & (new (...args: any[]) => any) & {}' provides no match for the signature '(users: Record<string, unknown>[]): void'.
lib/realtime/SupabaseOmniRealtimeService.test.ts(96,16): error TS18047: 'supabase' is possibly 'null'.
lib/realtime/SupabaseOmniRealtimeService.test.ts(113,31): error TS2345: Argument of type '{ onPresenceSync: Mock<Procedure | Constructable>; onEventReceived: Mock<Procedure | Constructable>; onStatusChange: Mock<...>; }' is not assignable to parameter of type 'RealtimeCallbacks'.
lib/realtime/SupabaseOmniRealtimeService.test.ts(126,31): error TS2345: Argument of type '{ onPresenceSync: Mock<Procedure | Constructable>; onEventReceived: Mock<Procedure | Constructable>; onStatusChange: Mock<...>; }' is not assignable to parameter of type 'RealtimeCallbacks'.
lib/realtime/SupabaseOmniRealtimeService.test.ts(133,31): error TS2345: Argument of type '{ onPresenceSync: Mock<Procedure | Constructable>; onEventReceived: Mock<Procedure | Constructable>; onStatusChange: Mock<...>; }' is not assignable to parameter of type 'RealtimeCallbacks'.
lib/realtime/SupabaseOmniRealtimeService.ts(23,24): error TS18047: 'supabase' is possibly 'null'.
lib/services/ai-tools.ts(54,41): error TS18046: 'args' is of type 'unknown'.
lib/services/external-sync-service.ts(80,23): error TS18046: 'payload' is of type 'unknown'.
lib/sonar/services/scheduler.ts(64,59): error TS18046: 'err' is of type 'unknown'.
lib/supabase/server.ts(23,44): error TS2698: Spread types may only be created from object types.
lib/supabase/server.ts(32,48): error TS2698: Spread types may only be created from object types.
lib/swarm/WebSocketSwarmSyncService.ts(77,17): error TS18046: 't' is of type 'unknown'.
lib/swarm/WebSocketSwarmSyncService.ts(77,30): error TS18046: 't' is of type 'unknown'.
lib/swarm/WebSocketSwarmSyncService.ts(77,49): error TS18046: 't' is of type 'unknown'.
lib/swarm/WebSocketSwarmSyncService.ts(77,76): error TS18046: 't' is of type 'unknown'.
lib/swarm/WebSocketSwarmSyncService.ts(78,23): error TS18046: 't' is of type 'unknown'.
lib/swarm/WebSocketSwarmSyncService.ts(78,59): error TS18046: 't' is of type 'unknown'.
lib/swarm/WebSocketSwarmSyncService.ts(78,83): error TS18046: 't' is of type 'unknown'.
lib/tools/audit-seal.ts(1,19): error TS2307: Cannot find module 'genkit' or its corresponding type declarations.
lib/tools/audit-seal.ts(12,13): error TS7031: Binding element 'evidenceId' implicitly has an 'any' type.
lib/tools/audit-seal.ts(13,68): error TS18046: 'e' is of type 'unknown'.
lib/tools/audit-seal.ts(46,13): error TS7031: Binding element 'evidenceId' implicitly has an 'any' type.
lib/tools/audit-seal.ts(46,25): error TS7031: Binding element 'action' implicitly has an 'any' type.
lib/tools/audit-seal.ts(48,68): error TS18046: 'e' is of type 'unknown'.
lib/tools/collaboration.ts(1,19): error TS2307: Cannot find module 'genkit' or its corresponding type declarations.
lib/tools/collaboration.ts(16,13): error TS7031: Binding element 'problem' implicitly has an 'any' type.
lib/tools/collaboration.ts(16,22): error TS7031: Binding element 'agentName' implicitly has an 'any' type.
lib/tools/collaboration.ts(18,96): error TS18046: 'm' is of type 'unknown'.
lib/tools/collaboration.ts(67,13): error TS7031: Binding element 'results' implicitly has an 'any' type.
lib/tools/collaboration.ts(67,22): error TS7031: Binding element 'task' implicitly has an 'any' type.
lib/tools/collaboration.ts(69,44): error TS7006: Parameter 'r' implicitly has an 'any' type.
lib/tools/collaboration.ts(70,40): error TS7006: Parameter 'r' implicitly has an 'any' type.
lib/tools/collaboration.ts(77,55): error TS7006: Parameter 'r1' implicitly has an 'any' type.
lib/tools/collaboration.ts(77,59): error TS7006: Parameter '_' implicitly has an 'any' type.
lib/tools/collaboration.ts(77,62): error TS7006: Parameter 'arr' implicitly has an 'any' type.
lib/tools/collaboration.ts(78,15): error TS7006: Parameter 'r2' implicitly has an 'any' type.
lib/tools/evidence-genkit-tool.ts(1,19): error TS2307: Cannot find module 'genkit' or its corresponding type declarations.
lib/tools/evidence-genkit-tool.ts(15,11): error TS7006: Parameter 'input' implicitly has an 'any' type.
lib/tools/evidence-genkit-tool.ts(39,11): error TS7006: Parameter 'input' implicitly has an 'any' type.
lib/tools/synthesis.ts(1,19): error TS2307: Cannot find module 'genkit' or its corresponding type declarations.
lib/tools/synthesis.ts(41,37): error TS18046: 'm' is of type 'unknown'.
lib/tools/synthesis.ts(41,50): error TS18046: 'm' is of type 'unknown'.
lib/tools/synthesis.ts(161,16): error TS18046: 'error' is of type 'unknown'.
pages/api/swarm/ws.ts(25,45): error TS18046: 'message' is of type 'unknown'.
pages/api/swarm/ws.ts(51,17): error TS18046: 'request' is of type 'unknown'.
pages/api/swarm/ws.ts(52,35): error TS2345: Argument of type 'unknown' is not assignable to parameter of type 'IncomingMessage'.
route.ts(37,59): error TS18046: 'error' is of type 'unknown'.
scripts/test-persistence.ts(2,27): error TS2307: Cannot find module '../lib/agents/omni-skill' or its corresponding type declarations.
server/server.ts(28,11): error TS18046: 'node' is of type 'unknown'.
server/server.ts(31,11): error TS18046: 'node' is of type 'unknown'.
server/server.ts(35,25): error TS18046: 'node' is of type 'unknown'.
server/server.ts(40,12): error TS18046: 'node' is of type 'unknown'.
server/server.ts(75,35): error TS18046: 'err' is of type 'unknown'.
server/server.ts(85,35): error TS18046: 'err' is of type 'unknown'.
server/src/integrations/omni-table-client.ts(32,56): error TS2339: Property 'spaces' does not exist on type 'OmniTableClient'.
server/src/validators/LogicValidator.ts(8,18): error TS2339: Property 'logic_type' does not exist on type '{}'.
server/src/validators/LogicValidator.ts(8,38): error TS2339: Property 'compliance_score' does not exist on type '{}'.
server/tests/LogicRepo.test.ts(14,27): error TS18046: 'db' is of type 'unknown'.
server/tests/LogicRepo.test.ts(25,22): error TS18046: 'db' is of type 'unknown'.
server/tests/LogicRepo.test.ts(32,22): error TS18046: 'db' is of type 'unknown'.
server/tests/LogicRepo.test.ts(36,16): error TS18046: 'db' is of type 'unknown'.
server/tests/LogicRepo.test.ts(43,5): error TS18046: 'db' is of type 'unknown'.
server/tests/LogicRepo.test.ts(48,5): error TS18046: 'repo' is of type 'unknown'.
server/tests/LogicRepo.test.ts(54,23): error TS18046: 'repo' is of type 'unknown'.
server/tests/LogicRepo.test.ts(62,5): error TS18046: 'repo' is of type 'unknown'.
server/tests/LogicRepo.test.ts(68,27): error TS18046: 'repo' is of type 'unknown'.
server/tests/LogicRepo.test.ts(71,5): error TS18046: 'repo' is of type 'unknown'.
server/tests/LogicRepo.test.ts(77,21): error TS18046: 'repo' is of type 'unknown'.
src/core/full-process-test.ts(34,69): error TS2322: Type 'unknown' is not assignable to type '{ uuid: string; version: string; timestamp: number; formula: string; impact_metric: string; status: "Trustworthy"; hash_lock: string; evidence: { originCause: string; processTrace: string[]; finalEffect: string; ... 4 more ...; causality?: { ...; } | undefined; }[]; }'.
src/server/repositories/audit.repository.ts(24,11): error TS2353: Object literal may only specify known properties, and 'user_id' does not exist in type 'never[]'.
src/server/repositories/evidence.repository.ts(44,11): error TS2353: Object literal may only specify known properties, and 'user_id' does not exist in type 'never[]'.
src/server/repositories/evidence.repository.ts(166,17): error TS2345: Argument of type '{ tag: string | undefined; metadata: Record<string, unknown>; status: EvidenceStatus | undefined; updated_at: string; }' is not assignable to parameter of type 'never'.
src/server/repositories/evidence.repository.ts(194,7): error TS2322: Type 'string' is not assignable to type 'ContentHash'.
  Type 'string' is not assignable to type '{ readonly __brand: "ContentHash"; }'.
src/server/repositories/evidence.repository.ts(195,7): error TS2322: Type 'Record<string, unknown> | null' is not assignable to type 'EvidenceMetadata | undefined'.
  Type 'null' is not assignable to type 'EvidenceMetadata | undefined'.
src/server/repositories/evidence.repository.ts(198,7): error TS2322: Type 'string | undefined' is not assignable to type 'BlockchainTxHash | undefined'.
  Type 'string' is not assignable to type 'BlockchainTxHash'.
    Type 'string' is not assignable to type '{ readonly __brand: "BlockchainTxHash"; }'.
src/server/services/evidence.service.ts(33,5): error TS2322: Type 'Evidence | undefined' is not assignable to type 'Evidence'.
  Type 'undefined' is not assignable to type 'Evidence'.
src/server/services/omni-blue-table.service.ts(44,11): error TS2353: Object literal may only specify known properties, and 'id' does not exist in type 'never[]'.
utils/supabase/middleware.ts(18,44): error TS2698: Spread types may only be created from object types.
utils/supabase/middleware.ts(20,53): error TS2698: Spread types may only be created from object types.
utils/supabase/middleware.ts(23,48): error TS2698: Spread types may only be created from object types.
utils/supabase/middleware.ts(25,57): error TS2698: Spread types may only be created from object types.
utils/supabase/server.ts(18,42): error TS2698: Spread types may only be created from object types.
utils/supabase/server.ts(27,46): error TS2698: Spread types may only be created from object types.
workers/exportDocx.worker.test.ts(24,41): error TS2694: Namespace 'NodeJS' has no exported member 'Global'.
