$ ts-node scripts/celestial-gate.ts
(node:10300) [MODULE_TYPELESS_PACKAGE_JSON] Warning: Module type of file:///C:/Project/esggo/scripts/celestial-gate.ts is not specified and it doesn't parse as CommonJS.
Reparsing as ES module because module syntax was detected. This incurs a performance overhead.
To eliminate this warning, add "type": "module" to \\?\C:\Project\esggo\package.json.
(Use `node --trace-warnings ...` to show where the warning was created)
🚀 [celestial-gate] 動態熵境門控啟動…
🛠️ 3️⃣ 執行核心 Lint (pnpm eslint src/ ...)

C:\Project\esggo\src\agents\twelve-omni\omni-api.ts
  29:96  warning  Unexpected any. Specify a different type  @typescript-eslint/no-explicit-any

C:\Project\esggo\src\agents\twelve-omni\omni-bus.ts
  27:96  warning  Unexpected any. Specify a different type  @typescript-eslint/no-explicit-any

C:\Project\esggo\src\impl\core.ts
   12:3   warning  'ITaskSpec' is defined but never used                                  @typescript-eslint/no-unused-vars
   13:3   warning  'ITaskResult' is defined but never used                                @typescript-eslint/no-unused-vars
   21:10  warning  'OmniTag' is defined but never used                                    @typescript-eslint/no-unused-vars
  202:12  warning  Unexpected any. Specify a different type                               @typescript-eslint/no-explicit-any
  234:12  warning  Unexpected any. Specify a different type                               @typescript-eslint/no-explicit-any
  296:22  warning  Unexpected any. Specify a different type                               @typescript-eslint/no-explicit-any
  304:73  warning  Unexpected any. Specify a different type                               @typescript-eslint/no-explicit-any
  311:53  warning  'idx' is defined but never used. Allowed unused args must match /^_/u  @typescript-eslint/no-unused-vars
  339:74  warning  Unexpected any. Specify a different type                               @typescript-eslint/no-explicit-any
  435:13  warning  Unexpected any. Specify a different type                               @typescript-eslint/no-explicit-any
  435:37  warning  Unexpected any. Specify a different type                               @typescript-eslint/no-explicit-any
  436:13  warning  Unexpected any. Specify a different type                               @typescript-eslint/no-explicit-any

C:\Project\esggo\src\lib\firebase-admin.ts
  54:25  warning  A `require()` style import is forbidden         @typescript-eslint/no-require-imports
  54:25  warning  Require statement not part of import statement  @typescript-eslint/no-var-requires

C:\Project\esggo\src\lib\omni-core\celestial-core-processor.ts
  34:28  warning  'payload' is defined but never used. Allowed unused args must match /^_/u  @typescript-eslint/no-unused-vars

C:\Project\esggo\src\lib\omni-core\contracts.ts
  16:20  warning  Unexpected any. Specify a different type  @typescript-eslint/no-explicit-any

C:\Project\esggo\src\lib\resource-library.ts
  10:15  warning  'ChartAsset' is defined but never used    @typescript-eslint/no-unused-vars
  10:27  warning  'TableAsset' is defined but never used    @typescript-eslint/no-unused-vars
  10:39  warning  'ImageAsset' is defined but never used    @typescript-eslint/no-unused-vars
  10:51  warning  'CalloutAsset' is defined but never used  @typescript-eslint/no-unused-vars
  10:65  warning  'ReportAsset' is defined but never used   @typescript-eslint/no-unused-vars

C:\Project\esggo\src\lib\storage-service.ts
  245:41  warning  Unexpected any. Specify a different type  @typescript-eslint/no-explicit-any

C:\Project\esggo\src\types.ts
   9:20  warning  Unexpected any. Specify a different type  @typescript-eslint/no-explicit-any
  11:27  warning  Unexpected any. Specify a different type  @typescript-eslint/no-explicit-any

C:\Project\esggo\src\types\core-contract.ts
  18:20  warning  Unexpected any. Specify a different type  @typescript-eslint/no-explicit-any

C:\Project\esggo\src\types\omni-agent.ts
  19:20  warning  Unexpected any. Specify a different type  @typescript-eslint/no-explicit-any

✖ 28 problems (0 errors, 28 warnings)

✅ 核心目錄通過熵境門檻，遺留路徑已被隔離。
