--- DeerFlow setup start ---
2026-08-04 08:40:13 TARGET=C:\Project\esggo-deerflow
2026-08-04 08:40:13 CREATED_DIR=already-exists
2026-08-04 08:40:13 --- prerequisite checks ---
2026-08-04 08:40:13 PREREQ_OK git -> C:\Program Files\Git\cmd\git.exe
2026-08-04 08:40:13 PREREQ_MISSING make
2026-08-04 08:40:13 PREREQ_OK node -> C:\Users\dingj\.vite-plus\bin\node.exe
2026-08-04 08:40:13 PREREQ_OK pnpm -> C:\Users\dingj\.vite-plus\bin\pnpm.cmd
2026-08-04 08:40:13 PREREQ_OK python3 -> C:\Users\dingj\AppData\Local\Microsoft\WindowsApps\python3.exe
2026-08-04 08:40:13 PREREQ_OK python -> C:\Users\dingj\AppData\Local\hermes\hermes-agent\venv\Scripts\python.exe
2026-08-04 08:40:13 PREREQ_OK docker -> C:\Program Files\Docker\Docker\resources\bin\docker.exe
2026-08-04 08:40:13 --- clone ---
2026-08-04 08:40:13 GIT Cloning into '.'...
2026-08-04 08:42:48 GIT Updating files:  21% (467/2169)
2026-08-04 08:42:48 GIT Updating files:  22% (478/2169)
2026-08-04 08:42:48 GIT Updating files:  23% (499/2169)
2026-08-04 08:42:48 GIT Updating files:  24% (521/2169)
2026-08-04 08:42:48 GIT Updating files:  25% (543/2169)
2026-08-04 08:42:48 GIT Updating files:  26% (564/2169)
2026-08-04 08:42:48 GIT Updating files:  27% (586/2169)
2026-08-04 08:42:48 GIT Updating files:  28% (608/2169)
2026-08-04 08:42:48 GIT Updating files:  29% (630/2169)
2026-08-04 08:42:48 GIT Updating files:  30% (651/2169)
2026-08-04 08:42:48 GIT Updating files:  31% (673/2169)
2026-08-04 08:42:48 GIT Updating files:  32% (695/2169)
2026-08-04 08:42:48 GIT Updating files:  33% (716/2169)
2026-08-04 08:42:48 GIT Updating files:  34% (738/2169)
2026-08-04 08:42:48 GIT Updating files:  35% (760/2169)
2026-08-04 08:42:48 GIT Updating files:  36% (781/2169)
2026-08-04 08:42:48 GIT Updating files:  37% (803/2169)
2026-08-04 08:42:48 GIT Updating files:  38% (825/2169)
2026-08-04 08:42:49 GIT Updating files:  39% (846/2169)
2026-08-04 08:42:49 GIT Updating files:  40% (868/2169)
2026-08-04 08:42:49 GIT Updating files:  41% (890/2169)
2026-08-04 08:42:49 GIT Updating files:  42% (911/2169)
2026-08-04 08:42:49 GIT Updating files:  43% (933/2169)
2026-08-04 08:42:49 GIT Updating files:  44% (955/2169)
2026-08-04 08:42:49 GIT Updating files:  45% (977/2169)
2026-08-04 08:42:49 GIT Updating files:  46% (998/2169)
2026-08-04 08:42:49 GIT Updating files:  47% (1020/2169)
2026-08-04 08:42:49 GIT Updating files:  47% (1035/2169)
2026-08-04 08:42:49 GIT Updating files:  48% (1042/2169)
2026-08-04 08:42:49 GIT Updating files:  49% (1063/2169)
2026-08-04 08:42:49 GIT Updating files:  50% (1085/2169)
2026-08-04 08:42:49 GIT Updating files:  51% (1107/2169)
2026-08-04 08:42:49 GIT Updating files:  52% (1128/2169)
2026-08-04 08:42:49 GIT Updating files:  53% (1150/2169)
2026-08-04 08:42:49 GIT Updating files:  54% (1172/2169)
2026-08-04 08:42:49 GIT Updating files:  55% (1193/2169)
2026-08-04 08:42:49 GIT Updating files:  56% (1215/2169)
2026-08-04 08:42:49 GIT Updating files:  57% (1237/2169)
2026-08-04 08:42:49 GIT Updating files:  58% (1259/2169)
2026-08-04 08:42:49 GIT Updating files:  59% (1280/2169)
2026-08-04 08:42:49 GIT Updating files:  60% (1302/2169)
2026-08-04 08:42:49 GIT Updating files:  61% (1324/2169)
2026-08-04 08:42:49 GIT Updating files:  62% (1345/2169)
2026-08-04 08:42:50 GIT Updating files:  63% (1367/2169)
2026-08-04 08:42:50 GIT Updating files:  64% (1389/2169)
2026-08-04 08:42:50 GIT Updating files:  65% (1410/2169)
2026-08-04 08:42:50 GIT Updating files:  66% (1432/2169)
2026-08-04 08:42:50 GIT Updating files:  67% (1454/2169)
2026-08-04 08:42:50 GIT Updating files:  68% (1475/2169)
2026-08-04 08:42:50 GIT Updating files:  69% (1497/2169)
2026-08-04 08:42:50 GIT Updating files:  70% (1519/2169)
2026-08-04 08:42:50 GIT Updating files:  70% (1535/2169)
2026-08-04 08:42:50 GIT Updating files:  71% (1540/2169)
2026-08-04 08:42:50 GIT Updating files:  72% (1562/2169)
2026-08-04 08:42:50 GIT Updating files:  73% (1584/2169)
2026-08-04 08:42:50 GIT Updating files:  74% (1606/2169)
2026-08-04 08:42:50 GIT Updating files:  75% (1627/2169)
2026-08-04 08:42:50 GIT Updating files:  76% (1649/2169)
2026-08-04 08:42:50 GIT Updating files:  77% (1671/2169)
2026-08-04 08:42:50 GIT Updating files:  78% (1692/2169)
2026-08-04 08:42:50 GIT Updating files:  79% (1714/2169)
2026-08-04 08:42:50 GIT Updating files:  80% (1736/2169)
2026-08-04 08:42:50 GIT Updating files:  81% (1757/2169)
2026-08-04 08:42:50 GIT Updating files:  82% (1779/2169)
2026-08-04 08:42:50 GIT Updating files:  83% (1801/2169)
2026-08-04 08:42:50 GIT Updating files:  84% (1822/2169)
2026-08-04 08:42:51 GIT Updating files:  85% (1844/2169)
2026-08-04 08:42:51 GIT Updating files:  86% (1866/2169)
2026-08-04 08:42:51 GIT Updating files:  87% (1888/2169)
2026-08-04 08:42:51 GIT Updating files:  88% (1909/2169)
2026-08-04 08:42:51 GIT Updating files:  89% (1931/2169)
2026-08-04 08:42:51 GIT Updating files:  90% (1953/2169)
2026-08-04 08:42:51 GIT Updating files:  91% (1974/2169)
2026-08-04 08:42:51 GIT Updating files:  91% (1987/2169)
2026-08-04 08:42:51 GIT Updating files:  92% (1996/2169)
2026-08-04 08:42:51 GIT Updating files:  93% (2018/2169)
2026-08-04 08:42:51 GIT Updating files:  94% (2039/2169)
2026-08-04 08:42:51 GIT Updating files:  95% (2061/2169)
2026-08-04 08:42:51 GIT Updating files:  96% (2083/2169)
2026-08-04 08:42:51 GIT Updating files:  97% (2104/2169)
2026-08-04 08:42:51 GIT Updating files:  98% (2126/2169)
2026-08-04 08:42:51 GIT Updating files:  99% (2148/2169)
2026-08-04 08:42:51 GIT Updating files: 100% (2169/2169)
2026-08-04 08:42:51 GIT Updating files: 100% (2169/2169), done.
2026-08-04 08:42:51 CLONE_EXIT=0
2026-08-04 08:42:51 REPO_EXISTS=$(Test-Path (Join-Path $target 'Makefile'))
2026-08-04 08:42:51 MAKEFILE=True
2026-08-04 08:42:51 BACKEND=True
2026-08-04 08:42:51 FRONTEND=True
2026-08-04 08:42:51 CONFIG_EXAMPLE=True
2026-08-04 08:42:51 DONE=SCRIPT-END
EXITCODE=0
