=== OmniAuto commit+pytest 2026-08-02T14:34:29.1853300+08:00 ===
PWD: C:\Project\esggo-omniauto
--- git status ---
 M src/config.py
 M src/renderer.py
?? Ls-Mo3WBiOxheM7s03dKw_956TI3lD.png
?? src/config.py.bak-20260802-142016
?? src/config.py.bak-20260802-142211
?? src/renderer.py.bak-20260802-142016
?? src/renderer.py.bak-20260802-142211
--- py_compile ---
py_compile exit: 0
--- pytest ---
python : Traceback (most recent call last):
位於 C:\Project\esggo-learning-center\omniauto-commit.ps1:22 字元:5
+     python -m pytest -q tests 2>&1 | Out-File $log -Append -Encoding  ...
+     ~~~~~~~~~~~~~~~~~~~~~~~~~~~~~~
    + CategoryInfo          : NotSpecified: (Traceback (most recent call last)::String) [], RemoteException
    + FullyQualifiedErrorId : NativeCommandError
 
  File "<frozen runpy>", line 198, in _run_module_as_main
  File "<frozen runpy>", line 88, in _run_code
  File "C:\Users\dingj\AppData\Local\hermes\hermes-agent\venv\Lib\site-packages\pytest\__main__.py", line 9, in <module
>
    raise SystemExit(_console_main())
                     ^^^^^^^^^^^^^^^
  File "C:\Users\dingj\AppData\Local\hermes\hermes-agent\venv\Lib\site-packages\_pytest\config\__init__.py", line 253, 
in _console_main
    code = _main(prog=_get_prog_name(sys.argv))
           ^^^^^^^^^^^^^^^^^^^^^^^^^^^^^^^^^^^^
  File "C:\Users\dingj\AppData\Local\hermes\hermes-agent\venv\Lib\site-packages\_pytest\config\__init__.py", line 229, 
in _main
    ret: ExitCode | int = config.hook.pytest_cmdline_main(config=config)
                          ^^^^^^^^^^^^^^^^^^^^^^^^^^^^^^^^^^^^^^^^^^^^^^
  File "C:\Users\dingj\AppData\Local\hermes\hermes-agent\venv\Lib\site-packages\pluggy\_hooks.py", line 512, in __call_
_
    return self._hookexec(self.name, self._hookimpls.copy(), kwargs, firstresult)
           ^^^^^^^^^^^^^^^^^^^^^^^^^^^^^^^^^^^^^^^^^^^^^^^^^^^^^^^^^^^^^^^^^^^^^^
  File "C:\Users\dingj\AppData\Local\hermes\hermes-agent\venv\Lib\site-packages\pluggy\_manager.py", line 120, in _hook
exec
    return self._inner_hookexec(hook_name, methods, kwargs, firstresult)
           ^^^^^^^^^^^^^^^^^^^^^^^^^^^^^^^^^^^^^^^^^^^^^^^^^^^^^^^^^^^^^
  File "C:\Users\dingj\AppData\Local\hermes\hermes-agent\venv\Lib\site-packages\pluggy\_callers.py", line 167, in _mult
icall
    raise exception
  File "C:\Users\dingj\AppData\Local\hermes\hermes-agent\venv\Lib\site-packages\pluggy\_callers.py", line 121, in _mult
icall
    res = hook_impl.function(*args)
          ^^^^^^^^^^^^^^^^^^^^^^^^^
  File "C:\Users\dingj\AppData\Local\hermes\hermes-agent\venv\Lib\site-packages\_pytest\main.py", line 377, in pytest_c
mdline_main
    return wrap_session(config, _main)
           ^^^^^^^^^^^^^^^^^^^^^^^^^^^
  File "C:\Users\dingj\AppData\Local\hermes\hermes-agent\venv\Lib\site-packages\_pytest\main.py", line 365, in wrap_ses
sion
    config.hook.pytest_sessionfinish(
  File "C:\Users\dingj\AppData\Local\hermes\hermes-agent\venv\Lib\site-packages\pluggy\_hooks.py", line 512, in __call_
_
    return self._hookexec(self.name, self._hookimpls.copy(), kwargs, firstresult)
           ^^^^^^^^^^^^^^^^^^^^^^^^^^^^^^^^^^^^^^^^^^^^^^^^^^^^^^^^^^^^^^^^^^^^^^
  File "C:\Users\dingj\AppData\Local\hermes\hermes-agent\venv\Lib\site-packages\pluggy\_manager.py", line 120, in _hook
exec
    return self._inner_hookexec(hook_name, methods, kwargs, firstresult)
           ^^^^^^^^^^^^^^^^^^^^^^^^^^^^^^^^^^^^^^^^^^^^^^^^^^^^^^^^^^^^^
  File "C:\Users\dingj\AppData\Local\hermes\hermes-agent\venv\Lib\site-packages\pluggy\_callers.py", line 167, in _mult
icall
    raise exception
  File "C:\Users\dingj\AppData\Local\hermes\hermes-agent\venv\Lib\site-packages\pluggy\_callers.py", line 139, in _mult
icall
    teardown.throw(exception)
  File "C:\Users\dingj\AppData\Local\hermes\hermes-agent\venv\Lib\site-packages\_pytest\logging.py", line 888, in pytes
t_sessionfinish
    return (yield)
            ^^^^^
  File "C:\Users\dingj\AppData\Local\hermes\hermes-agent\venv\Lib\site-packages\pluggy\_callers.py", line 139, in _mult
icall
    teardown.throw(exception)
  File "C:\Users\dingj\AppData\Local\hermes\hermes-agent\venv\Lib\site-packages\_pytest\terminal.py", line 961, in pyte
st_sessionfinish
    result = yield
             ^^^^^
  File "C:\Users\dingj\AppData\Local\hermes\hermes-agent\venv\Lib\site-packages\pluggy\_callers.py", line 139, in _mult
icall
    teardown.throw(exception)
  File "C:\Users\dingj\AppData\Local\hermes\hermes-agent\venv\Lib\site-packages\_pytest\warnings.py", line 119, in pyte
st_sessionfinish
    return (yield)
            ^^^^^
  File "C:\Users\dingj\AppData\Local\hermes\hermes-agent\venv\Lib\site-packages\pluggy\_callers.py", line 121, in _mult
icall
    res = hook_impl.function(*args)
          ^^^^^^^^^^^^^^^^^^^^^^^^^
  File "C:\Users\dingj\AppData\Local\hermes\hermes-agent\venv\Lib\site-packages\_pytest\tmpdir.py", line 340, in pytest
_sessionfinish
    tmp_path_factory._exit_stack.close()
  File "C:\Users\dingj\AppData\Roaming\uv\python\cpython-3.11-windows-x86_64-none\Lib\contextlib.py", line 609, in clos
e
    self.__exit__(None, None, None)
  File "C:\Users\dingj\AppData\Roaming\uv\python\cpython-3.11-windows-x86_64-none\Lib\contextlib.py", line 601, in __ex
it__
    raise exc_details[1]
  File "C:\Users\dingj\AppData\Roaming\uv\python\cpython-3.11-windows-x86_64-none\Lib\contextlib.py", line 586, in __ex
it__
    if cb(*exc_details):
       ^^^^^^^^^^^^^^^^
  File "C:\Users\dingj\AppData\Roaming\uv\python\cpython-3.11-windows-x86_64-none\Lib\contextlib.py", line 469, in _exi
t_wrapper
    callback(*args, **kwds)
  File "C:\Users\dingj\AppData\Local\hermes\hermes-agent\venv\Lib\site-packages\_pytest\pathlib.py", line 371, in clean
up_numbered_dir
    cleanup_dead_symlinks(root)
  File "C:\Users\dingj\AppData\Local\hermes\hermes-agent\venv\Lib\site-packages\_pytest\pathlib.py", line 356, in clean
up_dead_symlinks
    if not left_dir.resolve().exists():
           ^^^^^^^^^^^^^^^^^^^^^^^^^^^
  File "C:\Users\dingj\AppData\Roaming\uv\python\cpython-3.11-windows-x86_64-none\Lib\pathlib.py", line 1235, in exists
    self.stat()
  File "C:\Users\dingj\AppData\Roaming\uv\python\cpython-3.11-windows-x86_64-none\Lib\pathlib.py", line 1013, in stat
    return os.stat(self, follow_symlinks=follow_symlinks)
           ^^^^^^^^^^^^^^^^^^^^^^^^^^^^^^^^^^^^^^^^^^^^^^
PermissionError: [WinError 5] 摮?鋡急??? 'C:\\Users\\dingj\\AppData\\Local\\Temp\\pytest-of-dingj\\pytest-current'
.......................F........ss....                                   [100%]
pytest exit: 1
--- git add + commit ---
 src/config.py   | 4 ++--
 src/renderer.py | 8 ++++----
 2 files changed, 6 insertions(+), 6 deletions(-)
staged-check exit: 1 (0=no diff, 1=has diff)
[main 74a5f80] feat: H.264 1080p + AAC 48kHz output spec (config.py + renderer.py)
 2 files changed, 6 insertions(+), 6 deletions(-)
commit exit: 0
--- git push ---
git : To https://github.com/DingJun1028/OmniAuto.git
位於 C:\Project\esggo-learning-center\omniauto-commit.ps1:44 字元:1
+ git push 2>&1 | Out-File $log -Append -Encoding utf8
+ ~~~~~~~~~~~~~
    + CategoryInfo          : NotSpecified: (To https://gith...28/OmniAuto.git:String) [], RemoteException
    + FullyQualifiedErrorId : NativeCommandError
 
 ! [rejected]        main -> main (fetch first)
error: failed to push some refs to 'https://github.com/DingJun1028/OmniAuto.git'
hint: Updates were rejected because the remote contains work that you do not
hint: have locally. This is usually caused by another repository pushing to
hint: the same ref. If you want to integrate the remote changes, use
hint: 'git pull' before pushing again.
hint: See the 'Note about fast-forwards' in 'git push --help' for details.
push exit: 1
EXITCODE=0
EXITCODE=0 
