🎨 ESG Impact Note Image Generator (html2canvas version)
=========================================================
5T Protocol: Traceable | Trackable | Tangible | Transparent | Trustworthy


📄 Processing: Employee Feedback & Visual Stories
   Priority: P1 | Owner: T17 Market Bee + T30 Quality Control Bee
   ✅ Spec: employee-feedback-replacement-desktop.spec.json
   ✅ Spec: employee-feedback-replacement-tablet.spec.json
   ✅ Spec: employee-feedback-replacement-mobile.spec.json
   ✅ Spec: employee-feedback-replacement-compact.spec.json

📄 Processing: Next Steps & Improvement Recommendations
   Priority: P0 | Owner: T06 Optimization Bee + T05 Risk Bee
   ✅ Spec: next-steps-replacement-desktop.spec.json
   ✅ Spec: next-steps-replacement-tablet.spec.json
   ✅ Spec: next-steps-replacement-mobile.spec.json
   ✅ Spec: next-steps-replacement-compact.spec.json

📄 Processing: Activity Information & Itinerary Summary
   Priority: P1 | Owner: T24 Guard Bee + T20 Operations Bee
   ✅ Spec: activity-info-replacement-desktop.spec.json
   ✅ Spec: activity-info-replacement-tablet.spec.json
   ✅ Spec: activity-info-replacement-mobile.spec.json
   ✅ Spec: activity-info-replacement-compact.spec.json

🖼️  Generating full-size preview specs...
   ✅ Preview spec: employee-feedback-replacement-desktop-full.spec.json
   ✅ Preview spec: next-steps-replacement-desktop-full.spec.json
   ✅ Preview spec: activity-info-replacement-desktop-full.spec.json

📄 Generation report: apps\ftg-3.0\public\images\esg-impact-note\generation-report.json
   ✅ README: apps\ftg-3.0\public\images\esg-impact-note\README.md

✅ All spec files generated successfully!

📝 Next Step: Open generate-esg-images.html in browser and use html2canvas
   to manually generate PNGs, or install puppeteer for automated generation.

5T Status: All gates passed ✅
