$ cross-env NEXT_TELEMETRY_DISABLED=1 next build

> Build error occurred
Error: Turbopack build failed with 59 errors:
./lib/sustain-write/index.ts:11:1
Module not found: Can't resolve '../src/lib/sustain-write/biz-intelligence'
  [90m 9 |[0m   gapFillNumeric,
  [90m10 |[0m } [36mfrom[0m [32m'../src/lib/sustain-write/data-processing'[0m;
[31m[1m>[0m [90m11 |[0m [36mexport[0m {
  [90m   |[0m [31m[1m^^^^^^^[0m
[31m[1m>[0m [90m12 |[0m   [36mtype[0m [33mMarketSignal[0m,
  [90m   |[0m [31m[1m^^^^^^^^^^^^^^^^^^^^[0m
[31m[1m>[0m [90m13 |[0m   [36mtype[0m [33mCompetitorSnapshot[0m,
  [90m   |[0m [31m[1m^^^^^^^^^^^^^^^^^^^^^^^^^^[0m
[31m[1m>[0m [90m14 |[0m   estimateGap,
  [90m   |[0m [31m[1m^^^^^^^^^^^^^^[0m
[31m[1m>[0m [90m15 |[0m   benchmarkPercentile,
  [90m   |[0m [31m[1m^^^^^^^^^^^^^^^^^^^^^^[0m
[31m[1m>[0m [90m16 |[0m   summarizeTrend,
  [90m   |[0m [31m[1m^^^^^^^^^^^^^^^^^[0m
[31m[1m>[0m [90m17 |[0m   [33mBizIntelligenceEngine[0m,
  [90m   |[0m [31m[1m^^^^^^^^^^^^^^^^^^^^^^^^[0m
[31m[1m>[0m [90m18 |[0m   bizIntelligence,
  [90m   |[0m [31m[1m^^^^^^^^^^^^^^^^^^[0m
[31m[1m>[0m [90m19 |[0m } [36mfrom[0m [32m'../src/lib/sustain-write/biz-intelligence'[0m;
  [90m   |[0m [31m[1m^^^^^^^^^^^^^^^^^^^^^^^^^^^^^^^^^^^^^^^^^^^^^^^^^^^[0m
  [90m20 |[0m [36mexport[0m {
  [90m21 |[0m   getAvailableCompanies,
  [90m22 |[0m   assembleCVersionReport,



Import trace:
  App Route:
    ./lib/sustain-write/index.ts
    ./app/api/sustain-write/c-version/route.ts

https://nextjs.org/docs/messages/module-not-found


./lib/sustain-write/index.ts:20:1
Module not found: Can't resolve '../src/lib/sustain-write/c-version'
  [90m18 |[0m   bizIntelligence,
  [90m19 |[0m } [36mfrom[0m [32m'../src/lib/sustain-write/biz-intelligence'[0m;
[31m[1m>[0m [90m20 |[0m [36mexport[0m {
  [90m   |[0m [31m[1m^^^^^^^[0m
[31m[1m>[0m [90m21 |[0m   getAvailableCompanies,
  [90m   |[0m [31m[1m^^^^^^^^^^^^^^^^^^^^^^^^[0m
[31m[1m>[0m [90m22 |[0m   assembleCVersionReport,
  [90m   |[0m [31m[1m^^^^^^^^^^^^^^^^^^^^^^^^^[0m
[31m[1m>[0m [90m23 |[0m   reportToHtml,
  [90m   |[0m [31m[1m^^^^^^^^^^^^^^^[0m
[31m[1m>[0m [90m24 |[0m   reportToMarkdown,
  [90m   |[0m [31m[1m^^^^^^^^^^^^^^^^^^^[0m
[31m[1m>[0m [90m25 |[0m } [36mfrom[0m [32m'../src/lib/sustain-write/c-version'[0m;
  [90m   |[0m [31m[1m^^^^^^^^^^^^^^^^^^^^^^^^^^^^^^^^^^^^^^^^^^^^[0m
  [90m26 |[0m



Import trace:
  App Route:
    ./lib/sustain-write/index.ts
    ./app/api/sustain-write/c-version/route.ts

https://nextjs.org/docs/messages/module-not-found


./lib/sustain-write/index.ts:2:1
Module not found: Can't resolve '../src/lib/sustain-write/data-processing'
  [90m 1 |[0m [36mexport[0m * [36mfrom[0m [32m'../src/lib/sustain-write/theme-manager'[0m;
[31m[1m>[0m [90m 2 |[0m [36mexport[0m {
  [90m   |[0m [31m[1m^^^^^^^[0m
[31m[1m>[0m [90m 3 |[0m   [36mtype[0m [33mDataField[0m,
  [90m   |[0m [31m[1m^^^^^^^^^^^^^^^^^[0m
[31m[1m>[0m [90m 4 |[0m   [36mtype[0m [33mDataQualityIssue[0m,
  [90m   |[0m [31m[1m^^^^^^^^^^^^^^^^^^^^^^^^[0m
[31m[1m>[0m [90m 5 |[0m   validateField,
  [90m   |[0m [31m[1m^^^^^^^^^^^^^^^^[0m
[31m[1m>[0m [90m 6 |[0m   detectOutliers,
  [90m   |[0m [31m[1m^^^^^^^^^^^^^^^^^[0m
[31m[1m>[0m [90m 7 |[0m   normalizeValue,
  [90m   |[0m [31m[1m^^^^^^^^^^^^^^^^^[0m
[31m[1m>[0m [90m 8 |[0m   summarizeMetric,
  [90m   |[0m [31m[1m^^^^^^^^^^^^^^^^^^[0m
[31m[1m>[0m [90m 9 |[0m   gapFillNumeric,
  [90m   |[0m [31m[1m^^^^^^^^^^^^^^^^^[0m
[31m[1m>[0m [90m10 |[0m } [36mfrom[0m [32m'../src/lib/sustain-write/data-processing'[0m;
  [90m   |[0m [31m[1m^^^^^^^^^^^^^^^^^^^^^^^^^^^^^^^^^^^^^^^^^^^^^^^^^^[0m
  [90m11 |[0m [36mexport[0m {
  [90m12 |[0m   [36mtype[0m [33mMarketSignal[0m,
  [90m13 |[0m   [36mtype[0m [33mCompetitorSnapshot[0m,



Import trace:
  App Route:
    ./lib/sustain-write/index.ts
    ./app/api/sustain-write/c-version/route.ts

https://nextjs.org/docs/messages/module-not-found


./lib/sustain-write/index.ts:1:1
Module not found: Can't resolve '../src/lib/sustain-write/theme-manager'
[31m[1m>[0m [90m1 |[0m [36mexport[0m * [36mfrom[0m [32m'../src/lib/sustain-write/theme-manager'[0m;
  [90m  |[0m [31m[1m^^^^^^^^^^^^^^^^^^^^^^^^^^^^^^^^^^^^^^^^^^^^^^^^^^^^^^^[0m
  [90m2 |[0m [36mexport[0m {
  [90m3 |[0m   [36mtype[0m [33mDataField[0m,
  [90m4 |[0m   [36mtype[0m [33mDataQualityIssue[0m,



Import trace:
  App Route:
    ./lib/sustain-write/index.ts
    ./app/api/sustain-write/c-version/route.ts

https://nextjs.org/docs/messages/module-not-found


./lib/services/adk/apostle-squad-manager.ts:2:1
Module not found: Can't resolve '@/lib/adk/arvo-wings'
  [90m1 |[0m [36mimport[0m { [33mTEN_WINGS_APOSTLES[0m } [36mfrom[0m [32m'@/lib/adk/ten-wings'[0m;
[31m[1m>[0m [90m2 |[0m [36mimport[0m { [33mARVO_WINGS_APOSTLES[0m } [36mfrom[0m [32m'@/lib/adk/arvo-wings'[0m;
  [90m  |[0m [31m[1m^^^^^^^^^^^^^^^^^^^^^^^^^^^^^^^^^^^^^^^^^^^^^^^^^^^^^^^^^^^[0m
  [90m3 |[0m [36mimport[0m { [33mApostleMetadata[0m } [36mfrom[0m [32m'@/lib/adk/types'[0m;
  [90m4 |[0m [36mimport[0m { [33mAgentNetworkBus[0m } [36mfrom[0m [32m'../EntropyAgent'[0m;
  [90m5 |[0m [36mimport[0m { [33mHolyLinter[0m } [36mfrom[0m [32m'@/lib/core/omni-linter'[0m;

Import map: aliased to relative './src/lib/adk/arvo-wings' inside of [project]/


Import trace:
  App Route:
    ./lib/services/adk/apostle-squad-manager.ts
    ./app/api/awaken/ritual/route.ts

https://nextjs.org/docs/messages/module-not-found


./lib/services/adk/apostle-squad-manager.ts:8:1
Module not found: Can't resolve '@/lib/adk/arvo-wings-agents'
  [90m 6 |[0m [36mimport[0m { omniIndex } [36mfrom[0m [32m'@/lib/core/omni-index'[0m;
  [90m 7 |[0m [36mimport[0m { initApostleAgents } [36mfrom[0m [32m'@/lib/adk/ten-wings-agents'[0m;
[31m[1m>[0m [90m 8 |[0m [36mimport[0m { initArvoApostleAgents } [36mfrom[0m [32m'@/lib/adk/arvo-wings-agents'[0m;
  [90m   |[0m [31m[1m^^^^^^^^^^^^^^^^^^^^^^^^^^^^^^^^^^^^^^^^^^^^^^^^^^^^^^^^^^^^^^^^^^^^[0m
  [90m 9 |[0m
  [90m10 |[0m /**
  [90m11 |[0m  * [33mApostleSquadManager[0m ([33mClient[0m-[33mSafe[0m [33mVersion[0m)

Import map: aliased to relative './src/lib/adk/arvo-wings-agents' inside of [project]/


Import trace:
  App Route:
    ./lib/services/adk/apostle-squad-manager.ts
    ./app/api/awaken/ritual/route.ts

https://nextjs.org/docs/messages/module-not-found


./lib/runes/aesthetic-rune.ts:2:1
Module not found: Can't resolve '@/lib/adk/core'
  [90m1 |[0m [36mimport[0m { z } [36mfrom[0m [32m"zod"[0m;
[31m[1m>[0m [90m2 |[0m [36mimport[0m { defineRune } [36mfrom[0m [32m"@/lib/adk/core"[0m;
  [90m  |[0m [31m[1m^^^^^^^^^^^^^^^^^^^^^^^^^^^^^^^^^^^^^^^^^^^^[0m
  [90m3 |[0m
  [90m4 |[0m /**
  [90m5 |[0m  * [[33mR3[0m] 液態美學家 ([33mThe[0m [33mAesthetic[0m) — 奧義：神蹟顯現

Import map: aliased to relative './src/lib/adk/core' inside of [project]/


Import trace:
  App Route:
    ./lib/runes/aesthetic-rune.ts
    ./lib/adk/rune-registry.ts
    ./lib/adk/arvo-wings-agents.ts
    ./app/api/awaken/ritual/route.ts

https://nextjs.org/docs/messages/module-not-found


./lib/runes/alchemist-rune.ts:2:1
Module not found: Can't resolve '@/lib/adk/core'
  [90m1 |[0m [36mimport[0m { z } [36mfrom[0m [32m"zod"[0m;
[31m[1m>[0m [90m2 |[0m [36mimport[0m { defineRune } [36mfrom[0m [32m"@/lib/adk/core"[0m;
  [90m  |[0m [31m[1m^^^^^^^^^^^^^^^^^^^^^^^^^^^^^^^^^^^^^^^^^^^^[0m
  [90m3 |[0m
  [90m4 |[0m /**
  [90m5 |[0m  * [[33mR9[0m] 熵減煉金術師 ([33mThe[0m [33mAlchemist[0m) — 奧義：熵減煉金

Import map: aliased to relative './src/lib/adk/core' inside of [project]/


Import trace:
  App Route:
    ./lib/runes/alchemist-rune.ts
    ./lib/adk/rune-registry.ts
    ./lib/adk/arvo-wings-agents.ts
    ./app/api/awaken/ritual/route.ts

https://nextjs.org/docs/messages/module-not-found


./lib/runes/covenanter-rune.ts:2:1
Module not found: Can't resolve '@/lib/adk/core'
  [90m1 |[0m [36mimport[0m { z } [36mfrom[0m [32m"zod"[0m;
[31m[1m>[0m [90m2 |[0m [36mimport[0m { defineRune } [36mfrom[0m [32m"@/lib/adk/core"[0m;
  [90m  |[0m [31m[1m^^^^^^^^^^^^^^^^^^^^^^^^^^^^^^^^^^^^^^^^^^^^[0m
  [90m3 |[0m
  [90m4 |[0m /**
  [90m5 |[0m  * [[33mR1[0m] 契約鑄造者 ([33mThe[0m [33mCovenanter[0m) — 奧義：本質提純

Import map: aliased to relative './src/lib/adk/core' inside of [project]/


Import trace:
  App Route:
    ./lib/runes/covenanter-rune.ts
    ./lib/adk/rune-registry.ts
    ./lib/adk/arvo-wings-agents.ts
    ./app/api/awaken/ritual/route.ts

https://nextjs.org/docs/messages/module-not-found


./lib/runes/creative-genesis-rune.ts:2:1
Module not found: Can't resolve '@/lib/adk/core'
  [90m1 |[0m [36mimport[0m { z } [36mfrom[0m [32m"zod"[0m;
[31m[1m>[0m [90m2 |[0m [36mimport[0m { defineRune } [36mfrom[0m [32m"@/lib/adk/core"[0m;
  [90m  |[0m [31m[1m^^^^^^^^^^^^^^^^^^^^^^^^^^^^^^^^^^^^^^^^^^^^[0m
  [90m3 |[0m
  [90m4 |[0m /**
  [90m5 |[0m  * [[33mA9[0m] 創意生成隊 ([33mCreative[0m [33mGenesis[0m) — 奧義：永恆刻印

Import map: aliased to relative './src/lib/adk/core' inside of [project]/


Import trace:
  App Route:
    ./lib/runes/creative-genesis-rune.ts
    ./lib/adk/rune-registry.ts
    ./lib/adk/arvo-wings-agents.ts
    ./app/api/awaken/ritual/route.ts

https://nextjs.org/docs/messages/module-not-found


./lib/runes/creative-resonance-rune.ts:2:1
Module not found: Can't resolve '@/lib/adk/core'
  [90m1 |[0m [36mimport[0m { z } [36mfrom[0m [32m"zod"[0m;
[31m[1m>[0m [90m2 |[0m [36mimport[0m { defineRune } [36mfrom[0m [32m"@/lib/adk/core"[0m;
  [90m  |[0m [31m[1m^^^^^^^^^^^^^^^^^^^^^^^^^^^^^^^^^^^^^^^^^^^^[0m
  [90m3 |[0m
  [90m4 |[0m /**
  [90m5 |[0m  * [[33mA4[0m] 創意共鳴隊 ([33mCreative[0m [33mResonator[0m) — 奧義：聖典共鳴

Import map: aliased to relative './src/lib/adk/core' inside of [project]/


Import trace:
  App Route:
    ./lib/runes/creative-resonance-rune.ts
    ./lib/adk/rune-registry.ts
    ./lib/adk/arvo-wings-agents.ts
    ./app/api/awaken/ritual/route.ts

https://nextjs.org/docs/messages/module-not-found


./lib/runes/data-visualizer-rune.ts:2:1
Module not found: Can't resolve '@/lib/adk/core'
  [90m1 |[0m [36mimport[0m { z } [36mfrom[0m [32m"zod"[0m;
[31m[1m>[0m [90m2 |[0m [36mimport[0m { defineRune } [36mfrom[0m [32m"@/lib/adk/core"[0m;
  [90m  |[0m [31m[1m^^^^^^^^^^^^^^^^^^^^^^^^^^^^^^^^^^^^^^^^^^^^[0m
  [90m3 |[0m
  [90m4 |[0m /**
  [90m5 |[0m  * [[33mA8[0m] 數據可視隊 ([33mData[0m [33mVisualizer[0m) — 奧義：神蹟顯現

Import map: aliased to relative './src/lib/adk/core' inside of [project]/


Import trace:
  App Route:
    ./lib/runes/data-visualizer-rune.ts
    ./lib/adk/rune-registry.ts
    ./lib/adk/arvo-wings-agents.ts
    ./app/api/awaken/ritual/route.ts

https://nextjs.org/docs/messages/module-not-found


./lib/runes/dispatcher-rune.ts:2:1
Module not found: Can't resolve '@/lib/adk/core'
  [90m1 |[0m [36mimport[0m { z } [36mfrom[0m [32m"zod"[0m;
[31m[1m>[0m [90m2 |[0m [36mimport[0m { defineRune } [36mfrom[0m [32m"@/lib/adk/core"[0m;
  [90m  |[0m [31m[1m^^^^^^^^^^^^^^^^^^^^^^^^^^^^^^^^^^^^^^^^^^^^[0m
  [90m3 |[0m
  [90m4 |[0m /**
  [90m5 |[0m  * [[33mR7[0m] 任務分派代理 ([33mThe[0m [33mDispatcher[0m) — 奧義：代理織網

Import map: aliased to relative './src/lib/adk/core' inside of [project]/


Import trace:
  App Route:
    ./lib/runes/dispatcher-rune.ts
    ./lib/adk/rune-registry.ts
    ./lib/adk/arvo-wings-agents.ts
    ./app/api/awaken/ritual/route.ts

https://nextjs.org/docs/messages/module-not-found


./lib/runes/emotion-sensor-rune.ts:2:1
Module not found: Can't resolve '@/lib/adk/core'
  [90m1 |[0m [36mimport[0m { z } [36mfrom[0m [32m"zod"[0m;
[31m[1m>[0m [90m2 |[0m [36mimport[0m { defineRune } [36mfrom[0m [32m"@/lib/adk/core"[0m;
  [90m  |[0m [31m[1m^^^^^^^^^^^^^^^^^^^^^^^^^^^^^^^^^^^^^^^^^^^^[0m
  [90m3 |[0m
  [90m4 |[0m /**
  [90m5 |[0m  * [[33mA7[0m] 情緒感測隊 ([33mEmotion[0m [33mSensor[0m) — 奧義：神蹟顯現

Import map: aliased to relative './src/lib/adk/core' inside of [project]/


Import trace:
  App Route:
    ./lib/runes/emotion-sensor-rune.ts
    ./lib/adk/rune-registry.ts
    ./lib/adk/arvo-wings-agents.ts
    ./app/api/awaken/ritual/route.ts

https://nextjs.org/docs/messages/module-not-found


./lib/runes/engraver-rune.ts:2:1
Module not found: Can't resolve '@/lib/adk/core'
  [90m1 |[0m [36mimport[0m { z } [36mfrom[0m [32m"zod"[0m;
[31m[1m>[0m [90m2 |[0m [36mimport[0m { defineRune } [36mfrom[0m [32m"@/lib/adk/core"[0m;
  [90m  |[0m [31m[1m^^^^^^^^^^^^^^^^^^^^^^^^^^^^^^^^^^^^^^^^^^^^[0m
  [90m3 |[0m
  [90m4 |[0m /**
  [90m5 |[0m  * [[33mR10[0m] 靈魂刻印者 ([33mThe[0m [33mEngraver[0m) — 奧義：永恆刻印

Import map: aliased to relative './src/lib/adk/core' inside of [project]/


Import trace:
  App Route:
    ./lib/runes/engraver-rune.ts
    ./lib/adk/rune-registry.ts
    ./lib/adk/arvo-wings-agents.ts
    ./app/api/awaken/ritual/route.ts

https://nextjs.org/docs/messages/module-not-found


./lib/runes/hallucination-verification-rune.ts:2:1
Module not found: Can't resolve '@/lib/adk/core'
  [90m1 |[0m [36mimport[0m { z } [36mfrom[0m [32m"zod"[0m;
[31m[1m>[0m [90m2 |[0m [36mimport[0m { defineRune } [36mfrom[0m [32m"@/lib/adk/core"[0m;
  [90m  |[0m [31m[1m^^^^^^^^^^^^^^^^^^^^^^^^^^^^^^^^^^^^^^^^^^^^[0m
  [90m3 |[0m
  [90m4 |[0m /**
  [90m5 |[0m  * [[33mA6[0m] 零幻覺驗算隊 ([33mHallucination[0m [33mSlayer[0m) — 奧義：熵減煉金

Import map: aliased to relative './src/lib/adk/core' inside of [project]/


Import trace:
  App Route:
    ./lib/runes/hallucination-verification-rune.ts
    ./lib/adk/rune-registry.ts
    ./lib/adk/arvo-wings-agents.ts
    ./app/api/awaken/ritual/route.ts

https://nextjs.org/docs/messages/module-not-found


./lib/runes/interaction-intuition-rune.ts:2:1
Module not found: Can't resolve '@/lib/adk/core'
  [90m1 |[0m [36mimport[0m { z } [36mfrom[0m [32m"zod"[0m;
[31m[1m>[0m [90m2 |[0m [36mimport[0m { defineRune } [36mfrom[0m [32m"@/lib/adk/core"[0m;
  [90m  |[0m [31m[1m^^^^^^^^^^^^^^^^^^^^^^^^^^^^^^^^^^^^^^^^^^^^[0m
  [90m3 |[0m
  [90m4 |[0m /**
  [90m5 |[0m  * [[33mA5[0m] 交互直覺隊 ([33mIntuition[0m [33mDesigner[0m) — 奧義：神蹟顯現

Import map: aliased to relative './src/lib/adk/core' inside of [project]/


Import trace:
  App Route:
    ./lib/runes/interaction-intuition-rune.ts
    ./lib/adk/rune-registry.ts
    ./lib/adk/arvo-wings-agents.ts
    ./app/api/awaken/ritual/route.ts

https://nextjs.org/docs/messages/module-not-found


./lib/runes/ncbdb-engrave-rune.ts:2:1
Module not found: Can't resolve '@/lib/adk/core'
  [90m1 |[0m [36mimport[0m { z } [36mfrom[0m [32m"zod"[0m;
[31m[1m>[0m [90m2 |[0m [36mimport[0m { defineRune } [36mfrom[0m [32m"@/lib/adk/core"[0m;
  [90m  |[0m [31m[1m^^^^^^^^^^^^^^^^^^^^^^^^^^^^^^^^^^^^^^^^^^^^[0m
  [90m3 |[0m
  [90m4 |[0m /**
  [90m5 |[0m  * [[33mR6[0m] 符文編譯使 ([33mThe[0m [33mRune[0m [33mScrivener[0m) — 奧義：代理織網

Import map: aliased to relative './src/lib/adk/core' inside of [project]/


Import trace:
  App Route:
    ./lib/runes/ncbdb-engrave-rune.ts
    ./lib/adk/rune-registry.ts
    ./lib/adk/arvo-wings-agents.ts
    ./app/api/awaken/ritual/route.ts

https://nextjs.org/docs/messages/module-not-found


./lib/runes/optical-renderer-rune.ts:2:1
Module not found: Can't resolve '@/lib/adk/core'
  [90m1 |[0m [36mimport[0m { z } [36mfrom[0m [32m"zod"[0m;
[31m[1m>[0m [90m2 |[0m [36mimport[0m { defineRune } [36mfrom[0m [32m"@/lib/adk/core"[0m;
  [90m  |[0m [31m[1m^^^^^^^^^^^^^^^^^^^^^^^^^^^^^^^^^^^^^^^^^^^^[0m
  [90m3 |[0m
  [90m4 |[0m /**
  [90m5 |[0m  * [[33mA1[0m] 光學渲染隊 ([33mOptical[0m [33mRenderer[0m) — 奧義：神蹟顯現

Import map: aliased to relative './src/lib/adk/core' inside of [project]/


Import trace:
  App Route:
    ./lib/runes/optical-renderer-rune.ts
    ./lib/adk/rune-registry.ts
    ./lib/adk/arvo-wings-agents.ts
    ./app/api/awaken/ritual/route.ts

https://nextjs.org/docs/messages/module-not-found


./lib/runes/perception-integrator-rune.ts:2:1
Module not found: Can't resolve '@/lib/adk/core'
  [90m1 |[0m [36mimport[0m { z } [36mfrom[0m [32m"zod"[0m;
[31m[1m>[0m [90m2 |[0m [36mimport[0m { defineRune } [36mfrom[0m [32m"@/lib/adk/core"[0m;
  [90m  |[0m [31m[1m^^^^^^^^^^^^^^^^^^^^^^^^^^^^^^^^^^^^^^^^^^^^[0m
  [90m3 |[0m
  [90m4 |[0m /**
  [90m5 |[0m  * [[33mA10[0m] 感知整合隊 ([33mPerception[0m [33mIntegrator[0m) — 奧義：代理織網

Import map: aliased to relative './src/lib/adk/core' inside of [project]/


Import trace:
  App Route:
    ./lib/runes/perception-integrator-rune.ts
    ./lib/adk/rune-registry.ts
    ./lib/adk/arvo-wings-agents.ts
    ./app/api/awaken/ritual/route.ts

https://nextjs.org/docs/messages/module-not-found


./lib/runes/semantic-alchemy-rune.ts:2:1
Module not found: Can't resolve '@/lib/adk/core'
  [90m1 |[0m [36mimport[0m { z } [36mfrom[0m [32m"zod"[0m;
[31m[1m>[0m [90m2 |[0m [36mimport[0m { defineRune } [36mfrom[0m [32m"@/lib/adk/core"[0m;
  [90m  |[0m [31m[1m^^^^^^^^^^^^^^^^^^^^^^^^^^^^^^^^^^^^^^^^^^^^[0m
  [90m3 |[0m
  [90m4 |[0m /**
  [90m5 |[0m  * [[33mA2[0m] 語義煉金隊 ([33mSemantic[0m [33mAlchemist[0m) — 奧義：本質提純

Import map: aliased to relative './src/lib/adk/core' inside of [project]/


Import trace:
  App Route:
    ./lib/runes/semantic-alchemy-rune.ts
    ./lib/adk/rune-registry.ts
    ./lib/adk/arvo-wings-agents.ts
    ./app/api/awaken/ritual/route.ts

https://nextjs.org/docs/messages/module-not-found


./lib/runes/semanticist-rune.ts:2:1
Module not found: Can't resolve '@/lib/adk/core'
  [90m1 |[0m [36mimport[0m { z } [36mfrom[0m [32m"zod"[0m;
[31m[1m>[0m [90m2 |[0m [36mimport[0m { defineRune } [36mfrom[0m [32m"@/lib/adk/core"[0m;
  [90m  |[0m [31m[1m^^^^^^^^^^^^^^^^^^^^^^^^^^^^^^^^^^^^^^^^^^^^[0m
  [90m3 |[0m
  [90m4 |[0m /**
  [90m5 |[0m  * [[35m02[0m] 語義版本官 ([33mThe[0m [33mSemanticist[0m) — 奧義：永恆刻印

Import map: aliased to relative './src/lib/adk/core' inside of [project]/


Import trace:
  App Route:
    ./lib/runes/semanticist-rune.ts
    ./lib/adk/rune-registry.ts
    ./lib/adk/arvo-wings-agents.ts
    ./app/api/awaken/ritual/route.ts

https://nextjs.org/docs/messages/module-not-found


./lib/runes/telepath-rune.ts:2:1
Module not found: Can't resolve '@/lib/adk/core'
  [90m1 |[0m [36mimport[0m { z } [36mfrom[0m [32m"zod"[0m;
[31m[1m>[0m [90m2 |[0m [36mimport[0m { defineRune } [36mfrom[0m [32m"@/lib/adk/core"[0m;
  [90m  |[0m [31m[1m^^^^^^^^^^^^^^^^^^^^^^^^^^^^^^^^^^^^^^^^^^^^[0m
  [90m3 |[0m
  [90m4 |[0m /**
  [90m5 |[0m  * [[33mR8[0m] 遠端通訊官 ([33mThe[0m [33mTelepath[0m) — 奧義：神蹟顯現

Import map: aliased to relative './src/lib/adk/core' inside of [project]/


Import trace:
  App Route:
    ./lib/runes/telepath-rune.ts
    ./lib/adk/rune-registry.ts
    ./lib/adk/arvo-wings-agents.ts
    ./app/api/awaken/ritual/route.ts

https://nextjs.org/docs/messages/module-not-found


./lib/runes/tracer-rune.ts:2:1
Module not found: Can't resolve '@/lib/adk/core'
  [90m1 |[0m [36mimport[0m { z } [36mfrom[0m [32m"zod"[0m;
[31m[1m>[0m [90m2 |[0m [36mimport[0m { defineRune } [36mfrom[0m [32m"@/lib/adk/core"[0m;
  [90m  |[0m [31m[1m^^^^^^^^^^^^^^^^^^^^^^^^^^^^^^^^^^^^^^^^^^^^[0m
  [90m3 |[0m
  [90m4 |[0m /**
  [90m5 |[0m  * [[33mR4[0m] 溯源審核員 ([33mThe[0m [33mTracer[0m) — 奧義：聖典共鳴

Import map: aliased to relative './src/lib/adk/core' inside of [project]/


Import trace:
  App Route:
    ./lib/runes/tracer-rune.ts
    ./lib/adk/rune-registry.ts
    ./lib/adk/arvo-wings-agents.ts
    ./app/api/awaken/ritual/route.ts

https://nextjs.org/docs/messages/module-not-found


./lib/runes/validator-rune.ts:2:1
Module not found: Can't resolve '@/lib/adk/core'
  [90m1 |[0m [36mimport[0m { z } [36mfrom[0m [32m"zod"[0m;
[31m[1m>[0m [90m2 |[0m [36mimport[0m { defineRune } [36mfrom[0m [32m"@/lib/adk/core"[0m;
  [90m  |[0m [31m[1m^^^^^^^^^^^^^^^^^^^^^^^^^^^^^^^^^^^^^^^^^^^^[0m
  [90m3 |[0m
  [90m4 |[0m /**
  [90m5 |[0m  * [[35m05[0m] 零幻覺驗算師 ([33mThe[0m [33mValidator[0m) — 奧義：熵減煉金

Import map: aliased to relative './src/lib/adk/core' inside of [project]/


Import trace:
  App Route:
    ./lib/runes/validator-rune.ts
    ./lib/adk/rune-registry.ts
    ./lib/adk/arvo-wings-agents.ts
    ./app/api/awaken/ritual/route.ts

https://nextjs.org/docs/messages/module-not-found


./lib/runes/visual-perceptor-rune.ts:2:1
Module not found: Can't resolve '@/lib/adk/core'
  [90m1 |[0m [36mimport[0m { z } [36mfrom[0m [32m"zod"[0m;
[31m[1m>[0m [90m2 |[0m [36mimport[0m { defineRune } [36mfrom[0m [32m"@/lib/adk/core"[0m;
  [90m  |[0m [31m[1m^^^^^^^^^^^^^^^^^^^^^^^^^^^^^^^^^^^^^^^^^^^^[0m
  [90m3 |[0m
  [90m4 |[0m /**
  [90m5 |[0m  * [[33mA3[0m] 視覺感知隊 ([33mVisual[0m [33mPerceptor[0m) — 奧義：聖典共鳴

Import map: aliased to relative './src/lib/adk/core' inside of [project]/


Import trace:
  App Route:
    ./lib/runes/visual-perceptor-rune.ts
    ./lib/adk/rune-registry.ts
    ./lib/adk/arvo-wings-agents.ts
    ./app/api/awaken/ritual/route.ts

https://nextjs.org/docs/messages/module-not-found


./lib/services/adk/apostle-squad-manager.ts:1:1
Module not found: Can't resolve '@/lib/adk/ten-wings'
[31m[1m>[0m [90m1 |[0m [36mimport[0m { [33mTEN_WINGS_APOSTLES[0m } [36mfrom[0m [32m'@/lib/adk/ten-wings'[0m;
  [90m  |[0m [31m[1m^^^^^^^^^^^^^^^^^^^^^^^^^^^^^^^^^^^^^^^^^^^^^^^^^^^^^^^^^[0m
  [90m2 |[0m [36mimport[0m { [33mARVO_WINGS_APOSTLES[0m } [36mfrom[0m [32m'@/lib/adk/arvo-wings'[0m;
  [90m3 |[0m [36mimport[0m { [33mApostleMetadata[0m } [36mfrom[0m [32m'@/lib/adk/types'[0m;
  [90m4 |[0m [36mimport[0m { [33mAgentNetworkBus[0m } [36mfrom[0m [32m'../EntropyAgent'[0m;

Import map: aliased to relative './src/lib/adk/ten-wings' inside of [project]/


Import trace:
  App Route:
    ./lib/services/adk/apostle-squad-manager.ts
    ./app/api/awaken/ritual/route.ts

https://nextjs.org/docs/messages/module-not-found


./lib/services/adk/apostle-squad-manager.ts:7:1
Module not found: Can't resolve '@/lib/adk/ten-wings-agents'
  [90m 5 |[0m [36mimport[0m { [33mHolyLinter[0m } [36mfrom[0m [32m'@/lib/core/omni-linter'[0m;
  [90m 6 |[0m [36mimport[0m { omniIndex } [36mfrom[0m [32m'@/lib/core/omni-index'[0m;
[31m[1m>[0m [90m 7 |[0m [36mimport[0m { initApostleAgents } [36mfrom[0m [32m'@/lib/adk/ten-wings-agents'[0m;
  [90m   |[0m [31m[1m^^^^^^^^^^^^^^^^^^^^^^^^^^^^^^^^^^^^^^^^^^^^^^^^^^^^^^^^^^^^^^^[0m
  [90m 8 |[0m [36mimport[0m { initArvoApostleAgents } [36mfrom[0m [32m'@/lib/adk/arvo-wings-agents'[0m;
  [90m 9 |[0m
  [90m10 |[0m /**

Import map: aliased to relative './src/lib/adk/ten-wings-agents' inside of [project]/


Import trace:
  App Route:
    ./lib/services/adk/apostle-squad-manager.ts
    ./app/api/awaken/ritual/route.ts

https://nextjs.org/docs/messages/module-not-found


./lib/services/adk/apostle-dispatcher-server.ts:5:1
Module not found: Can't resolve '@/lib/core/omni-index'
  [90m3 |[0m [36mimport[0m { [33mPersistentSessionService[0m } [36mfrom[0m [32m'./persistent-session-service'[0m;
  [90m4 |[0m [36mimport[0m { [33mAgentNetworkBus[0m } [36mfrom[0m [32m'../EntropyAgent'[0m;
[31m[1m>[0m [90m5 |[0m [36mimport[0m { omniIndex } [36mfrom[0m [32m'@/lib/core/omni-index'[0m;
  [90m  |[0m [31m[1m^^^^^^^^^^^^^^^^^^^^^^^^^^^^^^^^^^^^^^^^^^^^^^^^^^[0m
  [90m6 |[0m [36mimport[0m { [33mApostleMetadata[0m } [36mfrom[0m [32m'@/lib/adk/types'[0m;
  [90m7 |[0m
  [90m8 |[0m [36mconst[0m runners = [36mnew[0m [33mMap[0m<string, any>();

Import map: aliased to relative './src/lib/core/omni-index' inside of [project]/


Import trace:
  App Route:
    ./lib/services/adk/apostle-dispatcher-server.ts
    ./app/api/awaken/pulse/route.ts

https://nextjs.org/docs/messages/module-not-found


./lib/services/adk/apostle-squad-manager.ts:6:1
Module not found: Can't resolve '@/lib/core/omni-index'
  [90m4 |[0m [36mimport[0m { [33mAgentNetworkBus[0m } [36mfrom[0m [32m'../EntropyAgent'[0m;
  [90m5 |[0m [36mimport[0m { [33mHolyLinter[0m } [36mfrom[0m [32m'@/lib/core/omni-linter'[0m;
[31m[1m>[0m [90m6 |[0m [36mimport[0m { omniIndex } [36mfrom[0m [32m'@/lib/core/omni-index'[0m;
  [90m  |[0m [31m[1m^^^^^^^^^^^^^^^^^^^^^^^^^^^^^^^^^^^^^^^^^^^^^^^^^^[0m
  [90m7 |[0m [36mimport[0m { initApostleAgents } [36mfrom[0m [32m'@/lib/adk/ten-wings-agents'[0m;
  [90m8 |[0m [36mimport[0m { initArvoApostleAgents } [36mfrom[0m [32m'@/lib/adk/arvo-wings-agents'[0m;
  [90m9 |[0m

Import map: aliased to relative './src/lib/core/omni-index' inside of [project]/


Import trace:
  App Route:
    ./lib/services/adk/apostle-squad-manager.ts
    ./app/api/awaken/ritual/route.ts

https://nextjs.org/docs/messages/module-not-found


./lib/services/esg/DataOrchestratorServer.ts:3:1
Module not found: Can't resolve '@/lib/core/omni-index'
  [90m1 |[0m [36mimport[0m { dispatchToApostleServer } [36mfrom[0m [32m'../adk/apostle-dispatcher-server'[0m;
  [90m2 |[0m [36mimport[0m { [33mAgentNetworkBus[0m } [36mfrom[0m [32m'../EntropyAgent'[0m;
[31m[1m>[0m [90m3 |[0m [36mimport[0m { omniIndex } [36mfrom[0m [32m'@/lib/core/omni-index'[0m;
  [90m  |[0m [31m[1m^^^^^^^^^^^^^^^^^^^^^^^^^^^^^^^^^^^^^^^^^^^^^^^^^^[0m
  [90m4 |[0m [36mimport[0m { [33mIEsgMetric[0m } [36mfrom[0m [32m'@/shared/types'[0m;
  [90m5 |[0m
  [90m6 |[0m /**

Import map: aliased to relative './src/lib/core/omni-index' inside of [project]/


Import trace:
  App Route:
    ./lib/services/esg/DataOrchestratorServer.ts
    ./app/api/esg/verify/route.ts

https://nextjs.org/docs/messages/module-not-found


./lib/services/esg/ReportGeneratorServer.ts:3:1
Module not found: Can't resolve '@/lib/core/omni-index'
  [90m1 |[0m [36mimport[0m { [33mEsgMetric[0m } [36mfrom[0m [32m"@/lib/ncb-service"[0m;
  [90m2 |[0m [36mimport[0m { dispatchToApostleServer } [36mfrom[0m [32m"../adk/apostle-dispatcher-server"[0m;
[31m[1m>[0m [90m3 |[0m [36mimport[0m { omniIndex } [36mfrom[0m [32m"@/lib/core/omni-index"[0m;
  [90m  |[0m [31m[1m^^^^^^^^^^^^^^^^^^^^^^^^^^^^^^^^^^^^^^^^^^^^^^^^^^[0m
  [90m4 |[0m
  [90m5 |[0m /**
  [90m6 |[0m  * [聖典報告] [33mReportGeneratorServer[0m

Import map: aliased to relative './src/lib/core/omni-index' inside of [project]/


Import trace:
  App Route:
    ./lib/services/esg/ReportGeneratorServer.ts
    ./app/api/esg/report/route.ts

https://nextjs.org/docs/messages/module-not-found


./lib/services/adk/apostle-squad-manager.ts:5:1
Module not found: Can't resolve '@/lib/core/omni-linter'
  [90m3 |[0m [36mimport[0m { [33mApostleMetadata[0m } [36mfrom[0m [32m'@/lib/adk/types'[0m;
  [90m4 |[0m [36mimport[0m { [33mAgentNetworkBus[0m } [36mfrom[0m [32m'../EntropyAgent'[0m;
[31m[1m>[0m [90m5 |[0m [36mimport[0m { [33mHolyLinter[0m } [36mfrom[0m [32m'@/lib/core/omni-linter'[0m;
  [90m  |[0m [31m[1m^^^^^^^^^^^^^^^^^^^^^^^^^^^^^^^^^^^^^^^^^^^^^^^^^^^^[0m
  [90m6 |[0m [36mimport[0m { omniIndex } [36mfrom[0m [32m'@/lib/core/omni-index'[0m;
  [90m7 |[0m [36mimport[0m { initApostleAgents } [36mfrom[0m [32m'@/lib/adk/ten-wings-agents'[0m;
  [90m8 |[0m [36mimport[0m { initArvoApostleAgents } [36mfrom[0m [32m'@/lib/adk/arvo-wings-agents'[0m;

Import map: aliased to relative './src/lib/core/omni-linter' inside of [project]/


Import trace:
  App Route:
    ./lib/services/adk/apostle-squad-manager.ts
    ./app/api/awaken/ritual/route.ts

https://nextjs.org/docs/messages/module-not-found


./lib/services/ncbdb.ts:4:1
Module not found: Can't resolve '@/lib/ncb-service'
  [90m2 |[0m [36mimport[0m path [36mfrom[0m [32m'path'[0m;
  [90m3 |[0m [36mimport[0m crypto [36mfrom[0m [32m'crypto'[0m;
[31m[1m>[0m [90m4 |[0m [36mimport[0m { evidenceVaultApi } [36mfrom[0m [32m'@/lib/ncb-service'[0m;
  [90m  |[0m [31m[1m^^^^^^^^^^^^^^^^^^^^^^^^^^^^^^^^^^^^^^^^^^^^^^^^^^^^^[0m
  [90m5 |[0m
  [90m6 |[0m [90m// --- Types ---[0m
  [90m7 |[0m [36mexport[0m [36minterface[0m [33mINCBDBSyncMetadata[0m {

Import map: aliased to relative './src/lib/ncb-service' inside of [project]/


Import trace:
  App Route:
    ./lib/services/ncbdb.ts
    ./app/api/library/download/route.ts

https://nextjs.org/docs/messages/module-not-found


./app/api/agnes/route.ts:1:1
Module not found: Can't resolve '@lib/agnes-api'
[31m[1m>[0m [90m1 |[0m [36mimport[0m { agnesApi } [36mfrom[0m [32m'@lib/agnes-api'[0m;
  [90m  |[0m [31m[1m^^^^^^^^^^^^^^^^^^^^^^^^^^^^^^^^^^^^^^^^^^[0m
  [90m2 |[0m [36mimport[0m { jsonResponse, jsonError } [36mfrom[0m [32m'@lib/api-utils'[0m;
  [90m3 |[0m
  [90m4 |[0m [36mexport[0m [36masync[0m [36mfunction[0m [33mPOST[0m(req: [33mRequest[0m) {

Import map: aliased to relative './lib/agnes-api' inside of [project]/


https://nextjs.org/docs/messages/module-not-found


./app/api/rag/ingest/route.ts:2:1
Module not found: Can't resolve '@lib/agnes-api'
  [90m1 |[0m [36mimport[0m pdfParse [36mfrom[0m [32m'pdf-parse'[0m;
[31m[1m>[0m [90m2 |[0m [36mimport[0m { agnesApi } [36mfrom[0m [32m'@lib/agnes-api'[0m;
  [90m  |[0m [31m[1m^^^^^^^^^^^^^^^^^^^^^^^^^^^^^^^^^^^^^^^^^^[0m
  [90m3 |[0m [36mimport[0m { db } [36mfrom[0m [32m'@lib/firebase'[0m;
  [90m4 |[0m [36mimport[0m { collection, addDoc } [36mfrom[0m [32m'firebase/firestore'[0m;
  [90m5 |[0m [36mimport[0m { jsonResponse, jsonError } [36mfrom[0m [32m'@lib/api-utils'[0m;

Import map: aliased to relative './lib/agnes-api' inside of [project]/


https://nextjs.org/docs/messages/module-not-found


./app/api/health/route.ts:2:1
Module not found: Can't resolve '@lib/celestial/implementation'
  [90m1 |[0m [36mimport[0m { jsonResponse } [36mfrom[0m [32m'@lib/api-utils'[0m;
[31m[1m>[0m [90m2 |[0m [36mimport[0m { [33mCelestialController[0m } [36mfrom[0m [32m'@lib/celestial/implementation'[0m;
  [90m  |[0m [31m[1m^^^^^^^^^^^^^^^^^^^^^^^^^^^^^^^^^^^^^^^^^^^^^^^^^^^^^^^^^^^^^^^^^^^^[0m
  [90m3 |[0m [36mimport[0m { getRedisHealth } [36mfrom[0m [32m'@lib/redis/client'[0m;
  [90m4 |[0m
  [90m5 |[0m [36mexport[0m [36mconst[0m dynamic = [32m'force-dynamic'[0m;

Import map: aliased to relative './lib/celestial/implementation' inside of [project]/


https://nextjs.org/docs/messages/module-not-found


./app/api/village/vote/route.ts:2:1
Module not found: Can't resolve '@lib/celestial/implementation'
  [90m1 |[0m [36mimport[0m { rateLimit } [36mfrom[0m [32m'@lib/rate-limit'[0m;
[31m[1m>[0m [90m2 |[0m [36mimport[0m { [33mCelestialController[0m } [36mfrom[0m [32m'@lib/celestial/implementation'[0m;
  [90m  |[0m [31m[1m^^^^^^^^^^^^^^^^^^^^^^^^^^^^^^^^^^^^^^^^^^^^^^^^^^^^^^^^^^^^^^^^^^^^[0m
  [90m3 |[0m [36mimport[0m { jsonResponse, jsonError, validateParams, validatePositiveNumber } [36mfrom[0m [32m'@lib/api-u...[0m
  [90m4 |[0m
  [90m5 |[0m [36mexport[0m [36mconst[0m dynamic = [32m'force-dynamic'[0m;

Import map: aliased to relative './lib/celestial/implementation' inside of [project]/


https://nextjs.org/docs/messages/module-not-found


./app/api/nexus/route.ts:5:1
Module not found: Can't resolve '@lib/cloudflare'
  [90m3 |[0m [36mimport[0m { v4 [36mas[0m uuidv4 } [36mfrom[0m [32m'uuid'[0m;
  [90m4 |[0m [36mimport[0m { jsonResponse, jsonError } [36mfrom[0m [32m'@lib/api-utils'[0m;
[31m[1m>[0m [90m5 |[0m [36mimport[0m { runGeminiWithWorkersAIFallback } [36mfrom[0m [32m'@lib/cloudflare'[0m;
  [90m  |[0m [31m[1m^^^^^^^^^^^^^^^^^^^^^^^^^^^^^^^^^^^^^^^^^^^^^^^^^^^^^^^^^^^^^^^^^[0m
  [90m6 |[0m
  [90m7 |[0m [36mexport[0m [36mconst[0m dynamic = [32m'force-dynamic'[0m;
  [90m8 |[0m [36mexport[0m [36mconst[0m runtime = [32m'nodejs'[0m;

Import map: aliased to relative './lib/cloudflare' inside of [project]/


https://nextjs.org/docs/messages/module-not-found


./app/api/sustain-write/v5/grammar/route.ts:3:1
Module not found: Can't resolve '@lib/cloudflare'
  [90m1 |[0m [36mimport[0m { [33mNextRequest[0m } [36mfrom[0m [32m'next/server'[0m;
  [90m2 |[0m [36mimport[0m { jsonResponse, jsonError } [36mfrom[0m [32m'@lib/api-utils'[0m;
[31m[1m>[0m [90m3 |[0m [36mimport[0m { runGeminiWithWorkersAIFallback } [36mfrom[0m [32m'@lib/cloudflare'[0m;
  [90m  |[0m [31m[1m^^^^^^^^^^^^^^^^^^^^^^^^^^^^^^^^^^^^^^^^^^^^^^^^^^^^^^^^^^^^^^^^^[0m
  [90m4 |[0m
  [90m5 |[0m /**
  [90m6 |[0m  * 安全柵欄：預設 [33mFREE_TIER_ONLY[0m 為 [36mtrue[0m

Import map: aliased to relative './lib/cloudflare' inside of [project]/


https://nextjs.org/docs/messages/module-not-found


./app/api/village/trends/route.ts:2:1
Module not found: Can't resolve '@lib/cloudflare'
  [90m1 |[0m [36mimport[0m { jsonResponse, jsonError } [36mfrom[0m [32m'@lib/api-utils'[0m;
[31m[1m>[0m [90m2 |[0m [36mimport[0m { runGeminiWithWorkersAIFallback } [36mfrom[0m [32m'@lib/cloudflare'[0m;
  [90m  |[0m [31m[1m^^^^^^^^^^^^^^^^^^^^^^^^^^^^^^^^^^^^^^^^^^^^^^^^^^^^^^^^^^^^^^^^^[0m
  [90m3 |[0m
  [90m4 |[0m [36mexport[0m [36mconst[0m dynamic = [32m'force-dynamic'[0m;
  [90m5 |[0m [36mexport[0m [36mconst[0m runtime = [32m'nodejs'[0m;

Import map: aliased to relative './lib/cloudflare' inside of [project]/


https://nextjs.org/docs/messages/module-not-found


./app/api/esg-sonnar/route.ts:7:1
Module not found: Can't resolve '@lib/esg-sonnar'
  [90m 5 |[0m [36mimport[0m { [33mNextRequest[0m } [36mfrom[0m [32m'next/server'[0m;
  [90m 6 |[0m [36mimport[0m { jsonResponse, jsonError } [36mfrom[0m [32m'@lib/api-utils'[0m;
[31m[1m>[0m [90m 7 |[0m [36mimport[0m { [33mESGSonnarService[0m } [36mfrom[0m [32m'@lib/esg-sonnar'[0m;
  [90m   |[0m [31m[1m^^^^^^^^^^^^^^^^^^^^^^^^^^^^^^^^^^^^^^^^^^^^^^^^^^^[0m
  [90m 8 |[0m
  [90m 9 |[0m [36mexport[0m [36mconst[0m dynamic = [32m'force-dynamic'[0m;
  [90m10 |[0m

Import map: aliased to relative './lib/esg-sonnar' inside of [project]/


https://nextjs.org/docs/messages/module-not-found


./app/api/hashlock/route.ts:13:1
Module not found: Can't resolve '@lib/five-t-protocol'
  [90m11 |[0m [36mimport[0m { [33mNextRequest[0m } [36mfrom[0m [32m'next/server'[0m;
  [90m12 |[0m [36mimport[0m { jsonResponse, jsonError } [36mfrom[0m [32m'@lib/api-utils'[0m;
[31m[1m>[0m [90m13 |[0m [36mimport[0m { [33mFiveTHashLock[0m } [36mfrom[0m [32m'@lib/five-t-protocol'[0m;
  [90m   |[0m [31m[1m^^^^^^^^^^^^^^^^^^^^^^^^^^^^^^^^^^^^^^^^^^^^^^^^^^^^^[0m
  [90m14 |[0m
  [90m15 |[0m [36mexport[0m [36mconst[0m dynamic = [32m'force-dynamic'[0m;
  [90m16 |[0m

Import map: aliased to relative './lib/five-t-protocol' inside of [project]/


https://nextjs.org/docs/messages/module-not-found


./app/api/ai-notes/route.ts:7:1
Module not found: Can't resolve '@lib/ncb-client'
  [90m 5 |[0m [36mimport[0m { [33mNextRequest[0m } [36mfrom[0m [32m'next/server'[0m;
  [90m 6 |[0m [36mimport[0m { jsonResponse, jsonError, validateParams } [36mfrom[0m [32m'@lib/api-utils'[0m;
[31m[1m>[0m [90m 7 |[0m [36mimport[0m { getNCBClient } [36mfrom[0m [32m'@lib/ncb-client'[0m;
  [90m   |[0m [31m[1m^^^^^^^^^^^^^^^^^^^^^^^^^^^^^^^^^^^^^^^^^^^^^^^[0m
  [90m 8 |[0m
  [90m 9 |[0m [90m// GET /api/ai-notes - 取得筆記列表[0m
  [90m10 |[0m [36mexport[0m [36masync[0m [36mfunction[0m [33mGET[0m(request: [33mNextRequest[0m) {

Import map: aliased to relative './lib/ncb-client' inside of [project]/


https://nextjs.org/docs/messages/module-not-found


./app/api/ai-notes/search/route.ts:7:1
Module not found: Can't resolve '@lib/ncb-client'
  [90m 5 |[0m [36mimport[0m { [33mNextRequest[0m } [36mfrom[0m [32m'next/server'[0m;
  [90m 6 |[0m [36mimport[0m { jsonResponse, jsonError, validateParams } [36mfrom[0m [32m'@lib/api-utils'[0m;
[31m[1m>[0m [90m 7 |[0m [36mimport[0m { getNCBClient } [36mfrom[0m [32m'@lib/ncb-client'[0m;
  [90m   |[0m [31m[1m^^^^^^^^^^^^^^^^^^^^^^^^^^^^^^^^^^^^^^^^^^^^^^^[0m
  [90m 8 |[0m [36mimport[0m [36mtype[0m { [33mSearchResult[0m } [36mfrom[0m [32m'@/types/notes'[0m;
  [90m 9 |[0m
  [90m10 |[0m [36mimport[0m [36mtype[0m { [33mPool[0m } [36mfrom[0m [32m'pg'[0m;

Import map: aliased to relative './lib/ncb-client' inside of [project]/


https://nextjs.org/docs/messages/module-not-found


./app/api/ai-notes/tags/route.ts:7:1
Module not found: Can't resolve '@lib/ncb-client'
  [90m 5 |[0m [36mimport[0m { [33mNextRequest[0m } [36mfrom[0m [32m'next/server'[0m;
  [90m 6 |[0m [36mimport[0m { jsonResponse, jsonError, validateParams } [36mfrom[0m [32m'@lib/api-utils'[0m;
[31m[1m>[0m [90m 7 |[0m [36mimport[0m { getNCBClient } [36mfrom[0m [32m'@lib/ncb-client'[0m;
  [90m   |[0m [31m[1m^^^^^^^^^^^^^^^^^^^^^^^^^^^^^^^^^^^^^^^^^^^^^^^[0m
  [90m 8 |[0m [90m// Tags route[0m
  [90m 9 |[0m
  [90m10 |[0m [90m// GET /api/ai-notes/tags - 取得標籤列表[0m

Import map: aliased to relative './lib/ncb-client' inside of [project]/


https://nextjs.org/docs/messages/module-not-found


./app/api/omni/plugins/route.ts:9:1
Module not found: Can't resolve '@lib/omni-base/plugin-registry'
  [90m 7 |[0m [36mimport[0m { [33mNextRequest[0m } [36mfrom[0m [32m'next/server'[0m;
  [90m 8 |[0m [36mimport[0m { jsonResponse, jsonError } [36mfrom[0m [32m'@lib/api-utils'[0m;
[31m[1m>[0m [90m 9 |[0m [36mimport[0m { getPluginRegistry } [36mfrom[0m [32m'@lib/omni-base/plugin-registry'[0m;
  [90m   |[0m [31m[1m^^^^^^^^^^^^^^^^^^^^^^^^^^^^^^^^^^^^^^^^^^^^^^^^^^^^^^^^^^^^^^^^^^^[0m
  [90m10 |[0m
  [90m11 |[0m [36mexport[0m [36mconst[0m dynamic = [32m'force-dynamic'[0m;
  [90m12 |[0m

Import map: aliased to relative './lib/omni-base/plugin-registry' inside of [project]/


https://nextjs.org/docs/messages/module-not-found


./app/api/omni-core/status/route.ts:7:1
Module not found: Can't resolve '@lib/omni-core'
  [90m 5 |[0m [90m */[0m
  [90m 6 |[0m
[31m[1m>[0m [90m 7 |[0m [36mimport[0m { getOmniCoreStatus } [36mfrom[0m [32m'@lib/omni-core'[0m;
  [90m   |[0m [31m[1m^^^^^^^^^^^^^^^^^^^^^^^^^^^^^^^^^^^^^^^^^^^^^^^^^^^[0m
  [90m 8 |[0m
  [90m 9 |[0m [36mexport[0m [36mconst[0m dynamic = [32m'force-dynamic'[0m;
  [90m10 |[0m [36mexport[0m [36mconst[0m runtime = [32m'nodejs'[0m;

Import map: aliased to relative './lib/omni-core' inside of [project]/


https://nextjs.org/docs/messages/module-not-found


./app/api/village/projects/route.ts:2:1
Module not found: Can't resolve '@lib/omni-core/entropy-forge'
  [90m1 |[0m [36mimport[0m { jsonResponse, jsonError } [36mfrom[0m [32m'@lib/api-utils'[0m;
[31m[1m>[0m [90m2 |[0m [36mimport[0m { [33mEntropyForge[0m } [36mfrom[0m [32m'@lib/omni-core/entropy-forge'[0m;
  [90m  |[0m [31m[1m^^^^^^^^^^^^^^^^^^^^^^^^^^^^^^^^^^^^^^^^^^^^^^^^^^^^^^^^^^^^[0m
  [90m3 |[0m
  [90m4 |[0m [90m// ----------------------------------------------------------------------------[0m
  [90m5 |[0m [90m// OmniVillage Projects Database (Mock)[0m

Import map: aliased to relative './lib/omni-core/entropy-forge' inside of [project]/


https://nextjs.org/docs/messages/module-not-found


./app/api/omni-agent/console/route.ts:12:1
Module not found: Can't resolve '@lib/omni-core/omni-kernel'
  [90m10 |[0m [36mimport[0m { jsonResponse, jsonError } [36mfrom[0m [32m'@lib/api-utils'[0m;
  [90m11 |[0m [36mimport[0m { [33mOmniAgent[0m, [33mDEFAULT_CAPABILITIES[0m, [33mOMNI_AGENT_META[0m } [36mfrom[0m [32m'@lib/omni-agent'[0m;
[31m[1m>[0m [90m12 |[0m [36mimport[0m { omniKernel } [36mfrom[0m [32m'@lib/omni-core/omni-kernel'[0m;
  [90m   |[0m [31m[1m^^^^^^^^^^^^^^^^^^^^^^^^^^^^^^^^^^^^^^^^^^^^^^^^^^^^^^^^[0m
  [90m13 |[0m [36mimport[0m { [33mESGGO_PALETTE[0m } [36mfrom[0m [32m'@lib/omni-theme'[0m;
  [90m14 |[0m
  [90m15 |[0m [36mexport[0m [36mconst[0m dynamic = [32m'force-dynamic'[0m;

Import map: aliased to relative './lib/omni-core/omni-kernel' inside of [project]/


https://nextjs.org/docs/messages/module-not-found


./app/api/omni-agent/console/route.ts:13:1
Module not found: Can't resolve '@lib/omni-theme'
  [90m11 |[0m [36mimport[0m { [33mOmniAgent[0m, [33mDEFAULT_CAPABILITIES[0m, [33mOMNI_AGENT_META[0m } [36mfrom[0m [32m'@lib/omni-agent'[0m;
  [90m12 |[0m [36mimport[0m { omniKernel } [36mfrom[0m [32m'@lib/omni-core/omni-kernel'[0m;
[31m[1m>[0m [90m13 |[0m [36mimport[0m { [33mESGGO_PALETTE[0m } [36mfrom[0m [32m'@lib/omni-theme'[0m;
  [90m   |[0m [31m[1m^^^^^^^^^^^^^^^^^^^^^^^^^^^^^^^^^^^^^^^^^^^^^^^^[0m
  [90m14 |[0m
  [90m15 |[0m [36mexport[0m [36mconst[0m dynamic = [32m'force-dynamic'[0m;
  [90m16 |[0m [36mexport[0m [36mconst[0m runtime = [32m'nodejs'[0m;

Import map: aliased to relative './lib/omni-theme' inside of [project]/


https://nextjs.org/docs/messages/module-not-found


./app/api/tags/universal/route.ts:7:1
Module not found: Can't resolve '@lib/prisma'
  [90m 5 |[0m [36mimport[0m { [33mNextRequest[0m } [36mfrom[0m [32m'next/server'[0m;
  [90m 6 |[0m [36mimport[0m { jsonResponse, jsonError } [36mfrom[0m [32m'@lib/api-utils'[0m;
[31m[1m>[0m [90m 7 |[0m [36mimport[0m { prisma } [36mfrom[0m [32m'@lib/prisma'[0m;
  [90m   |[0m [31m[1m^^^^^^^^^^^^^^^^^^^^^^^^^^^^^^^^^^^^^[0m
  [90m 8 |[0m [36mimport[0m { syncEsgTags, getEntityTags } [36mfrom[0m [32m'@/core/tags/universal-tag-service'[0m;
  [90m 9 |[0m
  [90m10 |[0m [90m// GET /api/tags/universal?entityType=&entityId= -> 查詢實體標籤配對[0m

Import map: aliased to relative './lib/prisma' inside of [project]/


https://nextjs.org/docs/messages/module-not-found


./app/api/village/vote/route.ts:1:1
Module not found: Can't resolve '@lib/rate-limit'
[31m[1m>[0m [90m1 |[0m [36mimport[0m { rateLimit } [36mfrom[0m [32m'@lib/rate-limit'[0m;
  [90m  |[0m [31m[1m^^^^^^^^^^^^^^^^^^^^^^^^^^^^^^^^^^^^^^^^^^^^[0m
  [90m2 |[0m [36mimport[0m { [33mCelestialController[0m } [36mfrom[0m [32m'@lib/celestial/implementation'[0m;
  [90m3 |[0m [36mimport[0m { jsonResponse, jsonError, validateParams, validatePositiveNumber } [36mfrom[0m [32m'@lib/api-u...[0m
  [90m4 |[0m

Import map: aliased to relative './lib/rate-limit' inside of [project]/


https://nextjs.org/docs/messages/module-not-found


./app/api/omni-center/summary/route.ts:10:1
Module not found: Can't resolve '@lib/storage-service'
  [90m 8 |[0m
  [90m 9 |[0m [36mimport[0m { jsonResponse } [36mfrom[0m [32m'@lib/api-utils'[0m;
[31m[1m>[0m [90m10 |[0m [36mimport[0m { prisma } [36mfrom[0m [32m'@lib/storage-service'[0m;
  [90m   |[0m [31m[1m^^^^^^^^^^^^^^^^^^^^^^^^^^^^^^^^^^^^^^^^^^^^^^[0m
  [90m11 |[0m
  [90m12 |[0m [36mexport[0m [36mconst[0m dynamic = [32m'force-dynamic'[0m;
  [90m13 |[0m [36mexport[0m [36mconst[0m runtime = [32m'nodejs'[0m;

Import map: aliased to relative './lib/storage-service' inside of [project]/


https://nextjs.org/docs/messages/module-not-found


./app/api/village/data/route.ts:1:1
Module not found: Can't resolve '@lib/village-seeder'
[31m[1m>[0m [90m1 |[0m [36mimport[0m { seedVillageData } [36mfrom[0m [32m'@lib/village-seeder'[0m;
  [90m  |[0m [31m[1m^^^^^^^^^^^^^^^^^^^^^^^^^^^^^^^^^^^^^^^^^^^^^^^^^^^^^^[0m
  [90m2 |[0m [36mimport[0m { jsonResponse, jsonError } [36mfrom[0m [32m'@lib/api-utils'[0m;
  [90m3 |[0m
  [90m4 |[0m [36mexport[0m [36mconst[0m dynamic = [32m'force-dynamic'[0m;

Import map: aliased to relative './lib/village-seeder' inside of [project]/


https://nextjs.org/docs/messages/module-not-found


./app/api/zkp/route.ts:7:1
Module not found: Can't resolve '@lib/zkp-service'
  [90m 5 |[0m [36mimport[0m { [33mNextRequest[0m } [36mfrom[0m [32m'next/server'[0m;
  [90m 6 |[0m [36mimport[0m { jsonResponse, jsonError } [36mfrom[0m [32m'@lib/api-utils'[0m;
[31m[1m>[0m [90m 7 |[0m [36mimport[0m { [33mZKPService[0m } [36mfrom[0m [32m'@lib/zkp-service'[0m;
  [90m   |[0m [31m[1m^^^^^^^^^^^^^^^^^^^^^^^^^^^^^^^^^^^^^^^^^^^^^^[0m
  [90m 8 |[0m
  [90m 9 |[0m [36mexport[0m [36mconst[0m dynamic = [32m'force-dynamic'[0m;
  [90m10 |[0m

Import map: aliased to relative './lib/zkp-service' inside of [project]/


https://nextjs.org/docs/messages/module-not-found


./app/api/omni-agent/console/route.ts:11:1
Export DEFAULT_CAPABILITIES doesn't exist in target module
  [90m 9 |[0m [36mimport[0m { [33mNextRequest[0m } [36mfrom[0m [32m'next/server'[0m;
  [90m10 |[0m [36mimport[0m { jsonResponse, jsonError } [36mfrom[0m [32m'@lib/api-utils'[0m;
[31m[1m>[0m [90m11 |[0m [36mimport[0m { [33mOmniAgent[0m, [33mDEFAULT_CAPABILITIES[0m, [33mOMNI_AGENT_META[0m } [36mfrom[0m [32m'@lib/omni-agent'[0m;
  [90m   |[0m [31m[1m^^^^^^^^^^^^^^^^^^^^^^^^^^^^^^^^^^^^^^^^^^^^^^^^^^^^^^^^^^^^^^^^^^^^^^^^^^^^^^^^^^^[0m
  [90m12 |[0m [36mimport[0m { omniKernel } [36mfrom[0m [32m'@lib/omni-core/omni-kernel'[0m;
  [90m13 |[0m [36mimport[0m { [33mESGGO_PALETTE[0m } [36mfrom[0m [32m'@lib/omni-theme'[0m;
  [90m14 |[0m

The export DEFAULT_CAPABILITIES was not found in module [project]/lib/omni-agent/index.ts [app-route] (ecmascript).
Did you mean to import getDesignTokens?
All exports of the module are statically known (It doesn't have dynamic exports). So it's known statically that the requested export doesn't exist.


./app/api/omni-agent/console/route.ts:11:1
Export OMNI_AGENT_META doesn't exist in target module
  [90m 9 |[0m [36mimport[0m { [33mNextRequest[0m } [36mfrom[0m [32m'next/server'[0m;
  [90m10 |[0m [36mimport[0m { jsonResponse, jsonError } [36mfrom[0m [32m'@lib/api-utils'[0m;
[31m[1m>[0m [90m11 |[0m [36mimport[0m { [33mOmniAgent[0m, [33mDEFAULT_CAPABILITIES[0m, [33mOMNI_AGENT_META[0m } [36mfrom[0m [32m'@lib/omni-agent'[0m;
  [90m   |[0m [31m[1m^^^^^^^^^^^^^^^^^^^^^^^^^^^^^^^^^^^^^^^^^^^^^^^^^^^^^^^^^^^^^^^^^^^^^^^^^^^^^^^^^^^[0m
  [90m12 |[0m [36mimport[0m { omniKernel } [36mfrom[0m [32m'@lib/omni-core/omni-kernel'[0m;
  [90m13 |[0m [36mimport[0m { [33mESGGO_PALETTE[0m } [36mfrom[0m [32m'@lib/omni-theme'[0m;
  [90m14 |[0m

The export OMNI_AGENT_META was not found in module [project]/lib/omni-agent/index.ts [app-route] (ecmascript).
Did you mean to import createOmniAgent?
All exports of the module are statically known (It doesn't have dynamic exports). So it's known statically that the requested export doesn't exist.


./app/api/omni-agent/console/route.ts:11:1
Export OmniAgent doesn't exist in target module
  [90m 9 |[0m [36mimport[0m { [33mNextRequest[0m } [36mfrom[0m [32m'next/server'[0m;
  [90m10 |[0m [36mimport[0m { jsonResponse, jsonError } [36mfrom[0m [32m'@lib/api-utils'[0m;
[31m[1m>[0m [90m11 |[0m [36mimport[0m { [33mOmniAgent[0m, [33mDEFAULT_CAPABILITIES[0m, [33mOMNI_AGENT_META[0m } [36mfrom[0m [32m'@lib/omni-agent'[0m;
  [90m   |[0m [31m[1m^^^^^^^^^^^^^^^^^^^^^^^^^^^^^^^^^^^^^^^^^^^^^^^^^^^^^^^^^^^^^^^^^^^^^^^^^^^^^^^^^^^[0m
  [90m12 |[0m [36mimport[0m { omniKernel } [36mfrom[0m [32m'@lib/omni-core/omni-kernel'[0m;
  [90m13 |[0m [36mimport[0m { [33mESGGO_PALETTE[0m } [36mfrom[0m [32m'@lib/omni-theme'[0m;
  [90m14 |[0m

The export OmniAgent was not found in module [project]/lib/omni-agent/index.ts [app-route] (ecmascript).
Did you mean to import createOmniAgent?
All exports of the module are statically known (It doesn't have dynamic exports). So it's known statically that the requested export doesn't exist.


    at <unknown> (./lib/sustain-write/index.ts:11:1)
    at <unknown> (https://nextjs.org/docs/messages/module-not-found)
    at <unknown> (./lib/sustain-write/index.ts:20:1)
    at <unknown> (https://nextjs.org/docs/messages/module-not-found)
    at <unknown> (./lib/sustain-write/index.ts:2:1)
    at <unknown> (https://nextjs.org/docs/messages/module-not-found)
    at <unknown> (./lib/sustain-write/index.ts:1:1)
    at <unknown> (https://nextjs.org/docs/messages/module-not-found)
    at <unknown> (./lib/services/adk/apostle-squad-manager.ts:2:1)
    at <unknown> (https://nextjs.org/docs/messages/module-not-found)
    at <unknown> (./lib/services/adk/apostle-squad-manager.ts:8:1)
    at <unknown> (https://nextjs.org/docs/messages/module-not-found)
    at <unknown> (./lib/runes/aesthetic-rune.ts:2:1)
    at <unknown> (https://nextjs.org/docs/messages/module-not-found)
    at <unknown> (./lib/runes/alchemist-rune.ts:2:1)
    at <unknown> (https://nextjs.org/docs/messages/module-not-found)
    at <unknown> (./lib/runes/covenanter-rune.ts:2:1)
    at <unknown> (https://nextjs.org/docs/messages/module-not-found)
    at <unknown> (./lib/runes/creative-genesis-rune.ts:2:1)
    at <unknown> (https://nextjs.org/docs/messages/module-not-found)
    at <unknown> (./lib/runes/creative-resonance-rune.ts:2:1)
    at <unknown> (https://nextjs.org/docs/messages/module-not-found)
    at <unknown> (./lib/runes/data-visualizer-rune.ts:2:1)
    at <unknown> (https://nextjs.org/docs/messages/module-not-found)
    at <unknown> (./lib/runes/dispatcher-rune.ts:2:1)
    at <unknown> (https://nextjs.org/docs/messages/module-not-found)
    at <unknown> (./lib/runes/emotion-sensor-rune.ts:2:1)
    at <unknown> (https://nextjs.org/docs/messages/module-not-found)
    at <unknown> (./lib/runes/engraver-rune.ts:2:1)
    at <unknown> (https://nextjs.org/docs/messages/module-not-found)
    at <unknown> (./lib/runes/hallucination-verification-rune.ts:2:1)
    at <unknown> (https://nextjs.org/docs/messages/module-not-found)
    at <unknown> (./lib/runes/interaction-intuition-rune.ts:2:1)
    at <unknown> (https://nextjs.org/docs/messages/module-not-found)
    at <unknown> (./lib/runes/ncbdb-engrave-rune.ts:2:1)
    at <unknown> (https://nextjs.org/docs/messages/module-not-found)
    at <unknown> (./lib/runes/optical-renderer-rune.ts:2:1)
    at <unknown> (https://nextjs.org/docs/messages/module-not-found)
    at <unknown> (./lib/runes/perception-integrator-rune.ts:2:1)
    at <unknown> (https://nextjs.org/docs/messages/module-not-found)
    at <unknown> (./lib/runes/semantic-alchemy-rune.ts:2:1)
    at <unknown> (https://nextjs.org/docs/messages/module-not-found)
    at <unknown> (./lib/runes/semanticist-rune.ts:2:1)
    at <unknown> (https://nextjs.org/docs/messages/module-not-found)
    at <unknown> (./lib/runes/telepath-rune.ts:2:1)
    at <unknown> (https://nextjs.org/docs/messages/module-not-found)
    at <unknown> (./lib/runes/tracer-rune.ts:2:1)
    at <unknown> (https://nextjs.org/docs/messages/module-not-found)
    at <unknown> (./lib/runes/validator-rune.ts:2:1)
    at <unknown> (https://nextjs.org/docs/messages/module-not-found)
    at <unknown> (./lib/runes/visual-perceptor-rune.ts:2:1)
    at <unknown> (https://nextjs.org/docs/messages/module-not-found)
    at <unknown> (./lib/services/adk/apostle-squad-manager.ts:1:1)
    at <unknown> (https://nextjs.org/docs/messages/module-not-found)
    at <unknown> (./lib/services/adk/apostle-squad-manager.ts:7:1)
    at <unknown> (https://nextjs.org/docs/messages/module-not-found)
    at <unknown> (./lib/services/adk/apostle-dispatcher-server.ts:5:1)
    at <unknown> (https://nextjs.org/docs/messages/module-not-found)
    at <unknown> (./lib/services/adk/apostle-squad-manager.ts:6:1)
    at <unknown> (https://nextjs.org/docs/messages/module-not-found)
    at <unknown> (./lib/services/esg/DataOrchestratorServer.ts:3:1)
    at <unknown> (https://nextjs.org/docs/messages/module-not-found)
    at <unknown> (./lib/services/esg/ReportGeneratorServer.ts:3:1)
    at <unknown> (https://nextjs.org/docs/messages/module-not-found)
    at <unknown> (./lib/services/adk/apostle-squad-manager.ts:5:1)
    at <unknown> (https://nextjs.org/docs/messages/module-not-found)
    at <unknown> (./lib/services/ncbdb.ts:4:1)
    at <unknown> (https://nextjs.org/docs/messages/module-not-found)
    at <unknown> (./app/api/agnes/route.ts:1:1)
    at <unknown> (https://nextjs.org/docs/messages/module-not-found)
    at <unknown> (./app/api/rag/ingest/route.ts:2:1)
    at <unknown> (https://nextjs.org/docs/messages/module-not-found)
    at <unknown> (./app/api/health/route.ts:2:1)
    at <unknown> (https://nextjs.org/docs/messages/module-not-found)
    at <unknown> (./app/api/village/vote/route.ts:2:1)
    at <unknown> (https://nextjs.org/docs/messages/module-not-found)
    at <unknown> (./app/api/nexus/route.ts:5:1)
    at <unknown> (https://nextjs.org/docs/messages/module-not-found)
    at <unknown> (./app/api/sustain-write/v5/grammar/route.ts:3:1)
    at <unknown> (https://nextjs.org/docs/messages/module-not-found)
    at <unknown> (./app/api/village/trends/route.ts:2:1)
    at <unknown> (https://nextjs.org/docs/messages/module-not-found)
    at <unknown> (./app/api/esg-sonnar/route.ts:7:1)
    at <unknown> (https://nextjs.org/docs/messages/module-not-found)
    at <unknown> (./app/api/hashlock/route.ts:13:1)
    at <unknown> (https://nextjs.org/docs/messages/module-not-found)
    at <unknown> (./app/api/ai-notes/route.ts:7:1)
    at <unknown> (https://nextjs.org/docs/messages/module-not-found)
    at <unknown> (./app/api/ai-notes/search/route.ts:7:1)
    at <unknown> (https://nextjs.org/docs/messages/module-not-found)
    at <unknown> (./app/api/ai-notes/tags/route.ts:7:1)
    at <unknown> (https://nextjs.org/docs/messages/module-not-found)
    at <unknown> (./app/api/omni/plugins/route.ts:9:1)
    at <unknown> (https://nextjs.org/docs/messages/module-not-found)
    at <unknown> (./app/api/omni-core/status/route.ts:7:1)
    at <unknown> (https://nextjs.org/docs/messages/module-not-found)
    at <unknown> (./app/api/village/projects/route.ts:2:1)
    at <unknown> (https://nextjs.org/docs/messages/module-not-found)
    at <unknown> (./app/api/omni-agent/console/route.ts:12:1)
    at <unknown> (https://nextjs.org/docs/messages/module-not-found)
    at <unknown> (./app/api/omni-agent/console/route.ts:13:1)
    at <unknown> (https://nextjs.org/docs/messages/module-not-found)
    at <unknown> (./app/api/tags/universal/route.ts:7:1)
    at <unknown> (https://nextjs.org/docs/messages/module-not-found)
    at <unknown> (./app/api/village/vote/route.ts:1:1)
    at <unknown> (https://nextjs.org/docs/messages/module-not-found)
    at <unknown> (./app/api/omni-center/summary/route.ts:10:1)
    at <unknown> (https://nextjs.org/docs/messages/module-not-found)
    at <unknown> (./app/api/village/data/route.ts:1:1)
    at <unknown> (https://nextjs.org/docs/messages/module-not-found)
    at <unknown> (./app/api/zkp/route.ts:7:1)
    at <unknown> (https://nextjs.org/docs/messages/module-not-found)
    at <unknown> (./app/api/omni-agent/console/route.ts:11:1)
    at <unknown> (./app/api/omni-agent/console/route.ts:11:1)
    at <unknown> (./app/api/omni-agent/console/route.ts:11:1)
