[2026-08-21T04:53:16Z] attempt 43: launching AMD E2.1.Micro
[2026-08-21T04:53:20Z] attempt 43: other error -> ServiceError:
{
    "client_version": "Oracle-PythonSDK/2.184.0, Oracle-PythonCLI/3.90.1",
    "code": "LimitExceeded",
    "logging_tips": "Please run the OCI CLI command using --debug flag to find more debug information.",
    "message": "The following service limits were exceeded: standard-e2-micro-core-count. You can request a service limit increase from the Console's Limits, Quotas and Usage page or from the Help menu.",
    "opc-request-id": "C7A1384F56BA42999BB3FA2964FC160C/E25AE07299CCA8DEBFD9876A53494E23/2452C2879405A56E8FC31403C43CF9EB",
    "operation_name": "launch_instance",
    "request_endpoint": "POST https://iaas.ap-singapore-1.oraclecloud.com/20160918/instances",
    "status": 400,
    "target_service": "compute",
    "timestamp": "2026-08-21T04:53:19.688569+00:00",
    "troubleshooting_tips": "See [https://docs.oracle.com/iaas/Content/API/References/apierrors.htm] for more information about resolving this error. If you are unable to resolve this issue, run this CLI command with --debug option and contact Oracle support and provide them the full error message."
}
[2026-08-21T04:54:20Z] attempt 44: launching AMD E2.1.Micro
[2026-08-21T04:54:24Z] attempt 44: other error -> ServiceError:
{
    "client_version": "Oracle-PythonSDK/2.184.0, Oracle-PythonCLI/3.90.1",
    "code": "LimitExceeded",
    "logging_tips": "Please run the OCI CLI command using --debug flag to find more debug information.",
    "message": "The following service limits were exceeded: standard-e2-micro-core-count. You can request a service limit increase from the Console's Limits, Quotas and Usage page or from the Help menu.",
    "opc-request-id": "74550CF328F3483CB1BD25077760AB52/B0CF6C1C02E847D1FFD9876A53494EB0/043E740B04FEDA93D2F7FCF4D4506E4D",
    "operation_name": "launch_instance",
    "request_endpoint": "POST https://iaas.ap-singapore-1.oraclecloud.com/20160918/instances",
    "status": 400,
    "target_service": "compute",
    "timestamp": "2026-08-21T04:54:23.958577+00:00",
    "troubleshooting_tips": "See [https://docs.oracle.com/iaas/Content/API/References/apierrors.htm] for more information about resolving this error. If you are unable to resolve this issue, run this CLI command with --debug option and contact Oracle support and provide them the full error message."
}
[2026-08-21T04:55:24Z] attempt 45: launching AMD E2.1.Micro
[2026-08-21T04:56:29Z] attempt 46: launching AMD E2.1.Micro
[2026-08-21T04:56:34Z] attempt 46: other error -> ServiceError:
{
    "client_version": "Oracle-PythonSDK/2.184.0, Oracle-PythonCLI/3.90.1",
    "code": "LimitExceeded",
    "logging_tips": "Please run the OCI CLI command using --debug flag to find more debug information.",
    "message": "The following service limits were exceeded: standard-e2-micro-core-count. You can request a service limit increase from the Console's Limits, Quotas and Usage page or from the Help menu.",
    "opc-request-id": "86EFF41FC511488E8E76AA24AB59D184/30645F36841F60AD81DA876A53494E19/9AA5CFB837A1C8636DBC8E57498B0B64",
    "operation_name": "launch_instance",
    "request_endpoint": "POST https://iaas.ap-singapore-1.oraclecloud.com/20160918/instances",
    "status": 400,
    "target_service": "compute",
    "timestamp": "2026-08-21T04:56:33.695919+00:00",
    "troubleshooting_tips": "See [https://docs.oracle.com/iaas/Content/API/References/apierrors.htm] for more information about resolving this error. If you are unable to resolve this issue, run this CLI command with --debug option and contact Oracle support and provide them the full error message."
}
[2026-08-21T04:57:34Z] attempt 47: launching AMD E2.1.Micro
[2026-08-21T04:57:38Z] attempt 47: other error -> ServiceError:
{
    "client_version": "Oracle-PythonSDK/2.184.0, Oracle-PythonCLI/3.90.1",
    "code": "LimitExceeded",
    "logging_tips": "Please run the OCI CLI command using --debug flag to find more debug information.",
    "message": "The following service limits were exceeded: standard-e2-micro-core-count. You can request a service limit increase from the Console's Limits, Quotas and Usage page or from the Help menu.",
    "opc-request-id": "4855D1A75A2F4CB7B317189384DD6A72/F5717A44B9920484C1DA876A53494EEF/421F231BB670395C484CCC1183393904",
    "operation_name": "launch_instance",
    "request_endpoint": "POST https://iaas.ap-singapore-1.oraclecloud.com/20160918/instances",
    "status": 400,
    "target_service": "compute",
    "timestamp": "2026-08-21T04:57:38.107543+00:00",
    "troubleshooting_tips": "See [https://docs.oracle.com/iaas/Content/API/References/apierrors.htm] for more information about resolving this error. If you are unable to resolve this issue, run this CLI command with --debug option and contact Oracle support and provide them the full error message."
}
[2026-08-21T04:58:38Z] attempt 48: launching AMD E2.1.Micro
[2026-08-21T04:58:42Z] attempt 48: other error -> ServiceError:
{
    "client_version": "Oracle-PythonSDK/2.184.0, Oracle-PythonCLI/3.90.1",
    "code": "LimitExceeded",
    "logging_tips": "Please run the OCI CLI command using --debug flag to find more debug information.",
    "message": "The following service limits were exceeded: standard-e2-micro-core-count. You can request a service limit increase from the Console's Limits, Quotas and Usage page or from the Help menu.",
    "opc-request-id": "FD02DA49FB1546E782900909971C313E/ACBA33FA50DEFDAF01DB876A53494E63/62451E286BF56F399F6FA04040068CB2",
    "operation_name": "launch_instance",
    "request_endpoint": "POST https://iaas.ap-singapore-1.oraclecloud.com/20160918/instances",
    "status": 400,
    "target_service": "compute",
    "timestamp": "2026-08-21T04:58:42.130566+00:00",
    "troubleshooting_tips": "See [https://docs.oracle.com/iaas/Content/API/References/apierrors.htm] for more information about resolving this error. If you are unable to resolve this issue, run this CLI command with --debug option and contact Oracle support and provide them the full error message."
}
[2026-08-21T04:59:42Z] attempt 49: launching AMD E2.1.Micro
[2026-08-21T04:59:46Z] attempt 49: other error -> ServiceError:
{
    "client_version": "Oracle-PythonSDK/2.184.0, Oracle-PythonCLI/3.90.1",
    "code": "LimitExceeded",
    "logging_tips": "Please run the OCI CLI command using --debug flag to find more debug information.",
    "message": "The following service limits were exceeded: standard-e2-micro-core-count. You can request a service limit increase from the Console's Limits, Quotas and Usage page or from the Help menu.",
    "opc-request-id": "3A700587B2B4470893FB614A637CCF3D/E914C444C12C903241DB876A53494E03/605DC9FE90DBC23773BB9B4017DBC647",
    "operation_name": "launch_instance",
    "request_endpoint": "POST https://iaas.ap-singapore-1.oraclecloud.com/20160918/instances",
    "status": 400,
    "target_service": "compute",
    "timestamp": "2026-08-21T04:59:46.321292+00:00",
    "troubleshooting_tips": "See [https://docs.oracle.com/iaas/Content/API/References/apierrors.htm] for more information about resolving this error. If you are unable to resolve this issue, run this CLI command with --debug option and contact Oracle support and provide them the full error message."
}
[2026-08-21T05:00:47Z] attempt 50: launching AMD E2.1.Micro
[2026-08-21T05:00:52Z] attempt 50: other error -> ServiceError:
{
    "client_version": "Oracle-PythonSDK/2.184.0, Oracle-PythonCLI/3.90.1",
    "code": "LimitExceeded",
    "logging_tips": "Please run the OCI CLI command using --debug flag to find more debug information.",
    "message": "The following service limits were exceeded: standard-e2-micro-core-count. You can request a service limit increase from the Console's Limits, Quotas and Usage page or from the Help menu.",
    "opc-request-id": "06228946989D4F78813B01717C692EDE/7552EDDC4FF826FC83DB876A53494EEE/F90E379B62CB4905BB3FE91B341F8C46",
    "operation_name": "launch_instance",
    "request_endpoint": "POST https://iaas.ap-singapore-1.oraclecloud.com/20160918/instances",
    "status": 400,
    "target_service": "compute",
    "timestamp": "2026-08-21T05:00:51.941300+00:00",
    "troubleshooting_tips": "See [https://docs.oracle.com/iaas/Content/API/References/apierrors.htm] for more information about resolving this error. If you are unable to resolve this issue, run this CLI command with --debug option and contact Oracle support and provide them the full error message."
}
[2026-08-21T05:01:52Z] attempt 51: launching AMD E2.1.Micro
[2026-08-21T05:01:56Z] attempt 51: other error -> ServiceError:
{
    "client_version": "Oracle-PythonSDK/2.184.0, Oracle-PythonCLI/3.90.1",
    "code": "LimitExceeded",
    "logging_tips": "Please run the OCI CLI command using --debug flag to find more debug information.",
    "message": "The following service limits were exceeded: standard-e2-micro-core-count. You can request a service limit increase from the Console's Limits, Quotas and Usage page or from the Help menu.",
    "opc-request-id": "5C122C9AFF584DB7810898008D5EDC51/E5E5029B29C29FCAC3DB876A53494EB9/5CE06825B05E7E052D7100D4D6756DD9",
    "operation_name": "launch_instance",
    "request_endpoint": "POST https://iaas.ap-singapore-1.oraclecloud.com/20160918/instances",
    "status": 400,
    "target_service": "compute",
    "timestamp": "2026-08-21T05:01:56.374634+00:00",
    "troubleshooting_tips": "See [https://docs.oracle.com/iaas/Content/API/References/apierrors.htm] for more information about resolving this error. If you are unable to resolve this issue, run this CLI command with --debug option and contact Oracle support and provide them the full error message."
}
[2026-08-21T05:02:57Z] attempt 52: launching AMD E2.1.Micro
[2026-08-21T05:03:00Z] attempt 52: other error -> ServiceError:
{
    "client_version": "Oracle-PythonSDK/2.184.0, Oracle-PythonCLI/3.90.1",
    "code": "LimitExceeded",
    "logging_tips": "Please run the OCI CLI command using --debug flag to find more debug information.",
    "message": "The following service limits were exceeded: standard-e2-micro-core-count. You can request a service limit increase from the Console's Limits, Quotas and Usage page or from the Help menu.",
    "opc-request-id": "50D829D7CAD74F63AFB6DFACAAF7C55C/BBFDE3126481D7D303DC876A53494EC0/8A5AC9FCF0D87C25CBE7F60376FF06A0",
    "operation_name": "launch_instance",
    "request_endpoint": "POST https://iaas.ap-singapore-1.oraclecloud.com/20160918/instances",
    "status": 400,
    "target_service": "compute",
    "timestamp": "2026-08-21T05:03:00.170270+00:00",
    "troubleshooting_tips": "See [https://docs.oracle.com/iaas/Content/API/References/apierrors.htm] for more information about resolving this error. If you are unable to resolve this issue, run this CLI command with --debug option and contact Oracle support and provide them the full error message."
}
[2026-08-21T05:04:00Z] attempt 53: launching AMD E2.1.Micro
[2026-08-21T05:04:04Z] attempt 53: other error -> ServiceError:
{
    "client_version": "Oracle-PythonSDK/2.184.0, Oracle-PythonCLI/3.90.1",
    "code": "LimitExceeded",
    "logging_tips": "Please run the OCI CLI command using --debug flag to find more debug information.",
    "message": "The following service limits were exceeded: standard-e2-micro-core-count. You can request a service limit increase from the Console's Limits, Quotas and Usage page or from the Help menu.",
    "opc-request-id": "AE9AE0783C5F4F92BDC1547D575281A9/F680B37352A5893A43DC876A53494E06/0AED971C261CA29EEDB0F23E45D5172C",
    "operation_name": "launch_instance",
    "request_endpoint": "POST https://iaas.ap-singapore-1.oraclecloud.com/20160918/instances",
    "status": 400,
    "target_service": "compute",
    "timestamp": "2026-08-21T05:04:04.072610+00:00",
    "troubleshooting_tips": "See [https://docs.oracle.com/iaas/Content/API/References/apierrors.htm] for more information about resolving this error. If you are unable to resolve this issue, run this CLI command with --debug option and contact Oracle support and provide them the full error message."
}
[2026-08-21T05:05:04Z] attempt 54: launching AMD E2.1.Micro
[2026-08-21T05:05:08Z] attempt 54: other error -> ServiceError:
{
    "client_version": "Oracle-PythonSDK/2.184.0, Oracle-PythonCLI/3.90.1",
    "code": "LimitExceeded",
    "logging_tips": "Please run the OCI CLI command using --debug flag to find more debug information.",
    "message": "The following service limits were exceeded: standard-e2-micro-core-count. You can request a service limit increase from the Console's Limits, Quotas and Usage page or from the Help menu.",
    "opc-request-id": "1E8F52951A3A442F9F5EB2BE3920E362/F64BCE120C6B255483DC876A53494EF8/004D9CD608C4929EEBD44845D34E6ADD",
    "operation_name": "launch_instance",
    "request_endpoint": "POST https://iaas.ap-singapore-1.oraclecloud.com/20160918/instances",
    "status": 400,
    "target_service": "compute",
    "timestamp": "2026-08-21T05:05:08.046060+00:00",
    "troubleshooting_tips": "See [https://docs.oracle.com/iaas/Content/API/References/apierrors.htm] for more information about resolving this error. If you are unable to resolve this issue, run this CLI command with --debug option and contact Oracle support and provide them the full error message."
}
[2026-08-21T05:06:08Z] attempt 55: launching AMD E2.1.Micro
[2026-08-21T05:06:12Z] attempt 55: other error -> ServiceError:
{
    "client_version": "Oracle-PythonSDK/2.184.0, Oracle-PythonCLI/3.90.1",
    "code": "LimitExceeded",
    "logging_tips": "Please run the OCI CLI command using --debug flag to find more debug information.",
    "message": "The following service limits were exceeded: standard-e2-micro-core-count. You can request a service limit increase from the Console's Limits, Quotas and Usage page or from the Help menu.",
    "opc-request-id": "BEFA7C886DF24B2AA44B59C4FA5E8D87/5EC0A46F5CE24095C3DC876A53494E20/E84EB2C3A9430C3C9D8376250446F49B",
    "operation_name": "launch_instance",
    "request_endpoint": "POST https://iaas.ap-singapore-1.oraclecloud.com/20160918/instances",
    "status": 400,
    "target_service": "compute",
    "timestamp": "2026-08-21T05:06:11.938429+00:00",
    "troubleshooting_tips": "See [https://docs.oracle.com/iaas/Content/API/References/apierrors.htm] for more information about resolving this error. If you are unable to resolve this issue, run this CLI command with --debug option and contact Oracle support and provide them the full error message."
}
[2026-08-21T05:07:12Z] attempt 56: launching AMD E2.1.Micro
[2026-08-21T05:07:16Z] attempt 56: other error -> ServiceError:
{
    "client_version": "Oracle-PythonSDK/2.184.0, Oracle-PythonCLI/3.90.1",
    "code": "LimitExceeded",
    "logging_tips": "Please run the OCI CLI command using --debug flag to find more debug information.",
    "message": "The following service limits were exceeded: standard-e2-micro-core-count. You can request a service limit increase from the Console's Limits, Quotas and Usage page or from the Help menu.",
    "opc-request-id": "816FF553730545558588C0B6A776409D/D574D2B7E3D9E3E303DD876A53494EAA/DC9236A2E504CB47B3C8BAD16FFC2AA4",
    "operation_name": "launch_instance",
    "request_endpoint": "POST https://iaas.ap-singapore-1.oraclecloud.com/20160918/instances",
    "status": 400,
    "target_service": "compute",
    "timestamp": "2026-08-21T05:07:15.973795+00:00",
    "troubleshooting_tips": "See [https://docs.oracle.com/iaas/Content/API/References/apierrors.htm] for more information about resolving this error. If you are unable to resolve this issue, run this CLI command with --debug option and contact Oracle support and provide them the full error message."
}
[2026-08-21T05:08:16Z] attempt 57: launching AMD E2.1.Micro
[2026-08-21T05:08:20Z] attempt 57: other error -> ServiceError:
{
    "client_version": "Oracle-PythonSDK/2.184.0, Oracle-PythonCLI/3.90.1",
    "code": "LimitExceeded",
    "logging_tips": "Please run the OCI CLI command using --debug flag to find more debug information.",
    "message": "The following service limits were exceeded: standard-e2-micro-core-count. You can request a service limit increase from the Console's Limits, Quotas and Usage page or from the Help menu.",
    "opc-request-id": "9E115F6E6C4240FA816EAE7901B4BE0D/3390954B49ADBF4E43DD876A53494E7F/BB4387D1F30470E9A6DF8DCD9BFFF89F",
    "operation_name": "launch_instance",
    "request_endpoint": "POST https://iaas.ap-singapore-1.oraclecloud.com/20160918/instances",
    "status": 400,
    "target_service": "compute",
    "timestamp": "2026-08-21T05:08:19.931631+00:00",
    "troubleshooting_tips": "See [https://docs.oracle.com/iaas/Content/API/References/apierrors.htm] for more information about resolving this error. If you are unable to resolve this issue, run this CLI command with --debug option and contact Oracle support and provide them the full error message."
}
[2026-08-21T05:09:20Z] attempt 58: launching AMD E2.1.Micro
[2026-08-21T05:09:24Z] attempt 58: other error -> ServiceError:
{
    "client_version": "Oracle-PythonSDK/2.184.0, Oracle-PythonCLI/3.90.1",
    "code": "LimitExceeded",
    "logging_tips": "Please run the OCI CLI command using --debug flag to find more debug information.",
    "message": "The following service limits were exceeded: standard-e2-micro-core-count. You can request a service limit increase from the Console's Limits, Quotas and Usage page or from the Help menu.",
    "opc-request-id": "79E066B592F147369F9BE899E0C19D4D/F6F7B89E7A5F34FC83DD876A53494EA5/1D929BA27491B606147B38E620CEEB2F",
    "operation_name": "launch_instance",
    "request_endpoint": "POST https://iaas.ap-singapore-1.oraclecloud.com/20160918/instances",
    "status": 400,
    "target_service": "compute",
    "timestamp": "2026-08-21T05:09:23.859786+00:00",
    "troubleshooting_tips": "See [https://docs.oracle.com/iaas/Content/API/References/apierrors.htm] for more information about resolving this error. If you are unable to resolve this issue, run this CLI command with --debug option and contact Oracle support and provide them the full error message."
}
[2026-08-21T05:10:24Z] attempt 59: launching AMD E2.1.Micro
[2026-08-21T05:10:28Z] attempt 59: other error -> ServiceError:
{
    "client_version": "Oracle-PythonSDK/2.184.0, Oracle-PythonCLI/3.90.1",
    "code": "LimitExceeded",
    "logging_tips": "Please run the OCI CLI command using --debug flag to find more debug information.",
    "message": "The following service limits were exceeded: standard-e2-micro-core-count. You can request a service limit increase from the Console's Limits, Quotas and Usage page or from the Help menu.",
    "opc-request-id": "E73A1EB1B1104AC3901B7E8A2511A91C/594E669A2FDA942EC3DD876A53494E7D/188EA21EE1B2C7C7B62327216D7598E6",
    "operation_name": "launch_instance",
    "request_endpoint": "POST https://iaas.ap-singapore-1.oraclecloud.com/20160918/instances",
    "status": 400,
    "target_service": "compute",
    "timestamp": "2026-08-21T05:10:28.101990+00:00",
    "troubleshooting_tips": "See [https://docs.oracle.com/iaas/Content/API/References/apierrors.htm] for more information about resolving this error. If you are unable to resolve this issue, run this CLI command with --debug option and contact Oracle support and provide them the full error message."
}
[2026-08-21T05:11:28Z] attempt 60: launching AMD E2.1.Micro
[2026-08-21T05:11:32Z] attempt 60: other error -> ServiceError:
{
    "client_version": "Oracle-PythonSDK/2.184.0, Oracle-PythonCLI/3.90.1",
    "code": "LimitExceeded",
    "logging_tips": "Please run the OCI CLI command using --debug flag to find more debug information.",
    "message": "The following service limits were exceeded: standard-e2-micro-core-count. You can request a service limit increase from the Console's Limits, Quotas and Usage page or from the Help menu.",
    "opc-request-id": "2F794D8AAE2C43E3A559ACF18354D89E/2FBA3AF4AE711E0003DE876A53494EA2/A9A707EE0485BA56D0A824C834AB2ED8",
    "operation_name": "launch_instance",
    "request_endpoint": "POST https://iaas.ap-singapore-1.oraclecloud.com/20160918/instances",
    "status": 400,
    "target_service": "compute",
    "timestamp": "2026-08-21T05:11:32.371172+00:00",
    "troubleshooting_tips": "See [https://docs.oracle.com/iaas/Content/API/References/apierrors.htm] for more information about resolving this error. If you are unable to resolve this issue, run this CLI command with --debug option and contact Oracle support and provide them the full error message."
}
[2026-08-21T05:12:33Z] attempt 61: launching AMD E2.1.Micro
[2026-08-21T05:12:36Z] attempt 61: other error -> ServiceError:
{
    "client_version": "Oracle-PythonSDK/2.184.0, Oracle-PythonCLI/3.90.1",
    "code": "LimitExceeded",
    "logging_tips": "Please run the OCI CLI command using --debug flag to find more debug information.",
    "message": "The following service limits were exceeded: standard-e2-micro-core-count. You can request a service limit increase from the Console's Limits, Quotas and Usage page or from the Help menu.",
    "opc-request-id": "C6BA80D15F3F44FBA20EE9AB3C3F8E62/FCF61F3C556D69D943DE876A53494EC4/676112EA315D322CA8D83AA380A04DC9",
    "operation_name": "launch_instance",
    "request_endpoint": "POST https://iaas.ap-singapore-1.oraclecloud.com/20160918/instances",
    "status": 400,
    "target_service": "compute",
    "timestamp": "2026-08-21T05:12:36.208266+00:00",
    "troubleshooting_tips": "See [https://docs.oracle.com/iaas/Content/API/References/apierrors.htm] for more information about resolving this error. If you are unable to resolve this issue, run this CLI command with --debug option and contact Oracle support and provide them the full error message."
}
[2026-08-21T05:13:36Z] attempt 62: launching AMD E2.1.Micro
[2026-08-21T05:13:41Z] attempt 62: other error -> ServiceError:
{
    "client_version": "Oracle-PythonSDK/2.184.0, Oracle-PythonCLI/3.90.1",
    "code": "LimitExceeded",
    "logging_tips": "Please run the OCI CLI command using --debug flag to find more debug information.",
    "message": "The following service limits were exceeded: standard-e2-micro-core-count. You can request a service limit increase from the Console's Limits, Quotas and Usage page or from the Help menu.",
    "opc-request-id": "BED2FD00756145118C29DF71E6172EA8/B16570D07380D71383DE876A53494E7A/D1706C9250F0DAA7FCD75C44B5D60008",
    "operation_name": "launch_instance",
    "request_endpoint": "POST https://iaas.ap-singapore-1.oraclecloud.com/20160918/instances",
    "status": 400,
    "target_service": "compute",
    "timestamp": "2026-08-21T05:13:40.446861+00:00",
    "troubleshooting_tips": "See [https://docs.oracle.com/iaas/Content/API/References/apierrors.htm] for more information about resolving this error. If you are unable to resolve this issue, run this CLI command with --debug option and contact Oracle support and provide them the full error message."
}
[2026-08-21T05:14:41Z] attempt 63: launching AMD E2.1.Micro
[2026-08-21T05:14:45Z] attempt 63: other error -> ServiceError:
{
    "client_version": "Oracle-PythonSDK/2.184.0, Oracle-PythonCLI/3.90.1",
    "code": "LimitExceeded",
    "logging_tips": "Please run the OCI CLI command using --debug flag to find more debug information.",
    "message": "The following service limits were exceeded: standard-e2-micro-core-count. You can request a service limit increase from the Console's Limits, Quotas and Usage page or from the Help menu.",
    "opc-request-id": "73D4FC855B3B42B59D39B0D9B7E395F0/3C9EE002275C64ADC4DE876A53494EA7/BB9BDE9E4AB0776DB9686D26B96186DE",
    "operation_name": "launch_instance",
    "request_endpoint": "POST https://iaas.ap-singapore-1.oraclecloud.com/20160918/instances",
    "status": 400,
    "target_service": "compute",
    "timestamp": "2026-08-21T05:14:44.704446+00:00",
    "troubleshooting_tips": "See [https://docs.oracle.com/iaas/Content/API/References/apierrors.htm] for more information about resolving this error. If you are unable to resolve this issue, run this CLI command with --debug option and contact Oracle support and provide them the full error message."
}
[2026-08-21T05:15:45Z] attempt 64: launching AMD E2.1.Micro
[2026-08-21T05:15:49Z] attempt 64: other error -> ServiceError:
{
    "client_version": "Oracle-PythonSDK/2.184.0, Oracle-PythonCLI/3.90.1",
    "code": "LimitExceeded",
    "logging_tips": "Please run the OCI CLI command using --debug flag to find more debug information.",
    "message": "The following service limits were exceeded: standard-e2-micro-core-count. You can request a service limit increase from the Console's Limits, Quotas and Usage page or from the Help menu.",
    "opc-request-id": "BD7CFB442F38454BBB316AC2D02152CF/4D37526B7BDF2E7C04DF876A53494EBE/41E37CBE3C618C3E47CB7ED9819C2694",
    "operation_name": "launch_instance",
    "request_endpoint": "POST https://iaas.ap-singapore-1.oraclecloud.com/20160918/instances",
    "status": 400,
    "target_service": "compute",
    "timestamp": "2026-08-21T05:15:48.643239+00:00",
    "troubleshooting_tips": "See [https://docs.oracle.com/iaas/Content/API/References/apierrors.htm] for more information about resolving this error. If you are unable to resolve this issue, run this CLI command with --debug option and contact Oracle support and provide them the full error message."
}
[2026-08-21T05:16:49Z] attempt 65: launching AMD E2.1.Micro
[2026-08-21T05:16:53Z] attempt 65: other error -> ServiceError:
{
    "client_version": "Oracle-PythonSDK/2.184.0, Oracle-PythonCLI/3.90.1",
    "code": "LimitExceeded",
    "logging_tips": "Please run the OCI CLI command using --debug flag to find more debug information.",
    "message": "The following service limits were exceeded: standard-e2-micro-core-count. You can request a service limit increase from the Console's Limits, Quotas and Usage page or from the Help menu.",
    "opc-request-id": "D32ED91B8BE14E8BBF9C1D53301E264D/0115D6D9E5DA6A1144DF876A53494EA3/581409BFA5BF2A107D7D6EAD71C3BA52",
    "operation_name": "launch_instance",
    "request_endpoint": "POST https://iaas.ap-singapore-1.oraclecloud.com/20160918/instances",
    "status": 400,
    "target_service": "compute",
    "timestamp": "2026-08-21T05:16:52.498045+00:00",
    "troubleshooting_tips": "See [https://docs.oracle.com/iaas/Content/API/References/apierrors.htm] for more information about resolving this error. If you are unable to resolve this issue, run this CLI command with --debug option and contact Oracle support and provide them the full error message."
}
[2026-08-21T05:17:53Z] attempt 66: launching AMD E2.1.Micro
[2026-08-21T05:17:57Z] attempt 66: other error -> ServiceError:
{
    "client_version": "Oracle-PythonSDK/2.184.0, Oracle-PythonCLI/3.90.1",
    "code": "LimitExceeded",
    "logging_tips": "Please run the OCI CLI command using --debug flag to find more debug information.",
    "message": "The following service limits were exceeded: standard-e2-micro-core-count. You can request a service limit increase from the Console's Limits, Quotas and Usage page or from the Help menu.",
    "opc-request-id": "2F9E01650F354F9EA45C36DC762C1ACF/8F722F12BD168F3E84DF876A53494EBA/F976275C40D6E67FA7927B63A4146465",
    "operation_name": "launch_instance",
    "request_endpoint": "POST https://iaas.ap-singapore-1.oraclecloud.com/20160918/instances",
    "status": 400,
    "target_service": "compute",
    "timestamp": "2026-08-21T05:17:56.585871+00:00",
    "troubleshooting_tips": "See [https://docs.oracle.com/iaas/Content/API/References/apierrors.htm] for more information about resolving this error. If you are unable to resolve this issue, run this CLI command with --debug option and contact Oracle support and provide them the full error message."
}
[2026-08-21T05:18:57Z] attempt 67: launching AMD E2.1.Micro
[2026-08-21T05:19:01Z] attempt 67: other error -> ServiceError:
{
    "client_version": "Oracle-PythonSDK/2.184.0, Oracle-PythonCLI/3.90.1",
    "code": "LimitExceeded",
    "logging_tips": "Please run the OCI CLI command using --debug flag to find more debug information.",
    "message": "The following service limits were exceeded: standard-e2-micro-core-count. You can request a service limit increase from the Console's Limits, Quotas and Usage page or from the Help menu.",
    "opc-request-id": "329FEA10097043E188F92C6CA2362548/CE3A0ABD2082ACBAC4DF876A53494E14/50A665EC6C17E87BD4D33EF9F8B140B5",
    "operation_name": "launch_instance",
    "request_endpoint": "POST https://iaas.ap-singapore-1.oraclecloud.com/20160918/instances",
    "status": 400,
    "target_service": "compute",
    "timestamp": "2026-08-21T05:19:00.577053+00:00",
    "troubleshooting_tips": "See [https://docs.oracle.com/iaas/Content/API/References/apierrors.htm] for more information about resolving this error. If you are unable to resolve this issue, run this CLI command with --debug option and contact Oracle support and provide them the full error message."
}
[2026-08-21T05:20:01Z] attempt 68: launching AMD E2.1.Micro
[2026-08-21T05:20:04Z] attempt 68: other error -> ServiceError:
{
    "client_version": "Oracle-PythonSDK/2.184.0, Oracle-PythonCLI/3.90.1",
    "code": "LimitExceeded",
    "logging_tips": "Please run the OCI CLI command using --debug flag to find more debug information.",
    "message": "The following service limits were exceeded: standard-e2-micro-core-count. You can request a service limit increase from the Console's Limits, Quotas and Usage page or from the Help menu.",
    "opc-request-id": "EBF5BC4B3948422DADB2864DD39706F9/13D11F52919B845604E0876A53494E2D/C72FEAFB7DBF5AE10A38D6B4E22EF9AB",
    "operation_name": "launch_instance",
    "request_endpoint": "POST https://iaas.ap-singapore-1.oraclecloud.com/20160918/instances",
    "status": 400,
    "target_service": "compute",
    "timestamp": "2026-08-21T05:20:04.490211+00:00",
    "troubleshooting_tips": "See [https://docs.oracle.com/iaas/Content/API/References/apierrors.htm] for more information about resolving this error. If you are unable to resolve this issue, run this CLI command with --debug option and contact Oracle support and provide them the full error message."
}
[2026-08-21T05:21:05Z] attempt 69: launching AMD E2.1.Micro
[2026-08-21T05:21:09Z] attempt 69: other error -> ServiceError:
{
    "client_version": "Oracle-PythonSDK/2.184.0, Oracle-PythonCLI/3.90.1",
    "code": "LimitExceeded",
    "logging_tips": "Please run the OCI CLI command using --debug flag to find more debug information.",
    "message": "The following service limits were exceeded: standard-e2-micro-core-count. You can request a service limit increase from the Console's Limits, Quotas and Usage page or from the Help menu.",
    "opc-request-id": "A03E7E4682D246BF9AE61FC8DCA500CD/F9C151D829F1D8F343E0876A53494EB5/6ABA71D389CEB602CB4A46C022D3FC73",
    "operation_name": "launch_instance",
    "request_endpoint": "POST https://iaas.ap-singapore-1.oraclecloud.com/20160918/instances",
    "status": 400,
    "target_service": "compute",
    "timestamp": "2026-08-21T05:21:08.455223+00:00",
    "troubleshooting_tips": "See [https://docs.oracle.com/iaas/Content/API/References/apierrors.htm] for more information about resolving this error. If you are unable to resolve this issue, run this CLI command with --debug option and contact Oracle support and provide them the full error message."
}
[2026-08-21T05:22:09Z] attempt 70: launching AMD E2.1.Micro
[2026-08-21T05:22:14Z] attempt 70: other error -> ServiceError:
{
    "client_version": "Oracle-PythonSDK/2.184.0, Oracle-PythonCLI/3.90.1",
    "code": "LimitExceeded",
    "logging_tips": "Please run the OCI CLI command using --debug flag to find more debug information.",
    "message": "The following service limits were exceeded: standard-e2-micro-core-count. You can request a service limit increase from the Console's Limits, Quotas and Usage page or from the Help menu.",
    "opc-request-id": "4EB1A21AFCD44A30BA1E949C56844560/89EA809FD8C70FC484E0876A53494EAD/ECC4C03950255F3952DC8050A32A0250",
    "operation_name": "launch_instance",
    "request_endpoint": "POST https://iaas.ap-singapore-1.oraclecloud.com/20160918/instances",
    "status": 400,
    "target_service": "compute",
    "timestamp": "2026-08-21T05:22:13.283774+00:00",
    "troubleshooting_tips": "See [https://docs.oracle.com/iaas/Content/API/References/apierrors.htm] for more information about resolving this error. If you are unable to resolve this issue, run this CLI command with --debug option and contact Oracle support and provide them the full error message."
}
[2026-08-21T05:23:14Z] attempt 71: launching AMD E2.1.Micro
[2026-08-21T05:23:18Z] attempt 71: other error -> ServiceError:
{
    "client_version": "Oracle-PythonSDK/2.184.0, Oracle-PythonCLI/3.90.1",
    "code": "LimitExceeded",
    "logging_tips": "Please run the OCI CLI command using --debug flag to find more debug information.",
    "message": "The following service limits were exceeded: standard-e2-micro-core-count. You can request a service limit increase from the Console's Limits, Quotas and Usage page or from the Help menu.",
    "opc-request-id": "886C77D868C947188683CBF85556AA25/8DAB53DDD5F1D277C5E0876A53494EDF/3799A4275709C9EB8CAD7B714C4ECE97",
    "operation_name": "launch_instance",
    "request_endpoint": "POST https://iaas.ap-singapore-1.oraclecloud.com/20160918/instances",
    "status": 400,
    "target_service": "compute",
    "timestamp": "2026-08-21T05:23:17.683672+00:00",
    "troubleshooting_tips": "See [https://docs.oracle.com/iaas/Content/API/References/apierrors.htm] for more information about resolving this error. If you are unable to resolve this issue, run this CLI command with --debug option and contact Oracle support and provide them the full error message."
}
[2026-08-21T05:24:18Z] attempt 72: launching AMD E2.1.Micro
[2026-08-21T05:24:22Z] attempt 72: other error -> ServiceError:
{
    "client_version": "Oracle-PythonSDK/2.184.0, Oracle-PythonCLI/3.90.1",
    "code": "LimitExceeded",
    "logging_tips": "Please run the OCI CLI command using --debug flag to find more debug information.",
    "message": "The following service limits were exceeded: standard-e2-micro-core-count. You can request a service limit increase from the Console's Limits, Quotas and Usage page or from the Help menu.",
    "opc-request-id": "AB68B2781ECD4D51B8508F1E0D99A828/C19E65F595A91ECC05E1876A53494E29/EF9D2FDB2CC73348CF9E74A3CA4E3670",
    "operation_name": "launch_instance",
    "request_endpoint": "POST https://iaas.ap-singapore-1.oraclecloud.com/20160918/instances",
    "status": 400,
    "target_service": "compute",
    "timestamp": "2026-08-21T05:24:22.320442+00:00",
    "troubleshooting_tips": "See [https://docs.oracle.com/iaas/Content/API/References/apierrors.htm] for more information about resolving this error. If you are unable to resolve this issue, run this CLI command with --debug option and contact Oracle support and provide them the full error message."
}
[2026-08-21T05:25:23Z] attempt 73: launching AMD E2.1.Micro
[2026-08-21T05:26:01Z] attempt 73: other error -> ServiceError:
{
    "client_version": "Oracle-PythonSDK/2.184.0, Oracle-PythonCLI/3.90.1",
    "code": "LimitExceeded",
    "logging_tips": "Please run the OCI CLI command using --debug flag to find more debug information.",
    "message": "The following service limits were exceeded: standard-e2-micro-core-count. You can request a service limit increase from the Console's Limits, Quotas and Usage page or from the Help menu.",
    "opc-request-id": "16256318052C48C9BFA6A7201DA4E639/30C18D94000177A967E1876A53494E3D/D9EB8D9A3A7FC77F986BD4A61EF223B4",
    "operation_name": "launch_instance",
    "request_endpoint": "POST https://iaas.ap-singapore-1.oraclecloud.com/20160918/instances",
    "status": 400,
    "target_service": "compute",
    "timestamp": "2026-08-21T05:26:00.401122+00:00",
    "troubleshooting_tips": "See [https://docs.oracle.com/iaas/Content/API/References/apierrors.htm] for more information about resolving this error. If you are unable to resolve this issue, run this CLI command with --debug option and contact Oracle support and provide them the full error message."
}
[2026-08-21T05:27:01Z] attempt 74: launching AMD E2.1.Micro
[2026-08-21T05:27:05Z] attempt 74: other error -> ServiceError:
{
    "client_version": "Oracle-PythonSDK/2.184.0, Oracle-PythonCLI/3.90.1",
    "code": "LimitExceeded",
    "logging_tips": "Please run the OCI CLI command using --debug flag to find more debug information.",
    "message": "The following service limits were exceeded: standard-e2-micro-core-count. You can request a service limit increase from the Console's Limits, Quotas and Usage page or from the Help menu.",
    "opc-request-id": "A20FA19278ED4B9E91AA99170B68D892/8F72D9560E87E73FA8E1876A53494EA1/E44DAB06147032A0F3911238553178E9",
    "operation_name": "launch_instance",
    "request_endpoint": "POST https://iaas.ap-singapore-1.oraclecloud.com/20160918/instances",
    "status": 400,
    "target_service": "compute",
    "timestamp": "2026-08-21T05:27:05.331017+00:00",
    "troubleshooting_tips": "See [https://docs.oracle.com/iaas/Content/API/References/apierrors.htm] for more information about resolving this error. If you are unable to resolve this issue, run this CLI command with --debug option and contact Oracle support and provide them the full error message."
}
[2026-08-21T05:28:06Z] attempt 75: launching AMD E2.1.Micro
[2026-08-21T05:28:11Z] attempt 75: other error -> ServiceError:
{
    "client_version": "Oracle-PythonSDK/2.184.0, Oracle-PythonCLI/3.90.1",
    "code": "LimitExceeded",
    "logging_tips": "Please run the OCI CLI command using --debug flag to find more debug information.",
    "message": "The following service limits were exceeded: standard-e2-micro-core-count. You can request a service limit increase from the Console's Limits, Quotas and Usage page or from the Help menu.",
    "opc-request-id": "FD5D6CC0B3E54E7AAE31D975196F37BA/C16765C590EE7225E9E1876A53494EBA/40DC6B615AF32C6842DC36DE81298E9E",
    "operation_name": "launch_instance",
    "request_endpoint": "POST https://iaas.ap-singapore-1.oraclecloud.com/20160918/instances",
    "status": 400,
    "target_service": "compute",
    "timestamp": "2026-08-21T05:28:10.421668+00:00",
    "troubleshooting_tips": "See [https://docs.oracle.com/iaas/Content/API/References/apierrors.htm] for more information about resolving this error. If you are unable to resolve this issue, run this CLI command with --debug option and contact Oracle support and provide them the full error message."
}
[2026-08-21T05:29:11Z] attempt 76: launching AMD E2.1.Micro
[2026-08-21T05:29:16Z] attempt 76: other error -> ServiceError:
{
    "client_version": "Oracle-PythonSDK/2.184.0, Oracle-PythonCLI/3.90.1",
    "code": "LimitExceeded",
    "logging_tips": "Please run the OCI CLI command using --debug flag to find more debug information.",
    "message": "The following service limits were exceeded: standard-e2-micro-core-count. You can request a service limit increase from the Console's Limits, Quotas and Usage page or from the Help menu.",
    "opc-request-id": "1B4BCDE8F4814C3DAF9A350AE1B7B82D/B295787129D382CE2BE2876A53494E30/879E5E08DAB6E8470F18A2FE94B50C14",
    "operation_name": "launch_instance",
    "request_endpoint": "POST https://iaas.ap-singapore-1.oraclecloud.com/20160918/instances",
    "status": 400,
    "target_service": "compute",
    "timestamp": "2026-08-21T05:29:15.818962+00:00",
    "troubleshooting_tips": "See [https://docs.oracle.com/iaas/Content/API/References/apierrors.htm] for more information about resolving this error. If you are unable to resolve this issue, run this CLI command with --debug option and contact Oracle support and provide them the full error message."
}
[2026-08-21T05:30:17Z] attempt 77: launching AMD E2.1.Micro
[2026-08-21T05:30:22Z] attempt 77: other error -> ServiceError:
{
    "client_version": "Oracle-PythonSDK/2.184.0, Oracle-PythonCLI/3.90.1",
    "code": "LimitExceeded",
    "logging_tips": "Please run the OCI CLI command using --debug flag to find more debug information.",
    "message": "The following service limits were exceeded: standard-e2-micro-core-count. You can request a service limit increase from the Console's Limits, Quotas and Usage page or from the Help menu.",
    "opc-request-id": "3EF2C15F2F144BF9B7C97FA2AF113E7B/D6FC81C4E7D34BE96DE2876A53494E99/FFA6623665D9507197C6A3A192361744",
    "operation_name": "launch_instance",
    "request_endpoint": "POST https://iaas.ap-singapore-1.oraclecloud.com/20160918/instances",
    "status": 400,
    "target_service": "compute",
    "timestamp": "2026-08-21T05:30:21.628925+00:00",
    "troubleshooting_tips": "See [https://docs.oracle.com/iaas/Content/API/References/apierrors.htm] for more information about resolving this error. If you are unable to resolve this issue, run this CLI command with --debug option and contact Oracle support and provide them the full error message."
}
[2026-08-21T05:31:22Z] attempt 78: launching AMD E2.1.Micro
[2026-08-21T05:31:28Z] attempt 78: other error -> ServiceError:
{
    "client_version": "Oracle-PythonSDK/2.184.0, Oracle-PythonCLI/3.90.1",
    "code": "LimitExceeded",
    "logging_tips": "Please run the OCI CLI command using --debug flag to find more debug information.",
    "message": "The following service limits were exceeded: standard-e2-micro-core-count. You can request a service limit increase from the Console's Limits, Quotas and Usage page or from the Help menu.",
    "opc-request-id": "0C9376763599414989821F5F10F288AB/6AD11B838F088FDAAEE2876A53494E26/A8CB24DBAA5132C4B2E62A39B269F0B3",
    "operation_name": "launch_instance",
    "request_endpoint": "POST https://iaas.ap-singapore-1.oraclecloud.com/20160918/instances",
    "status": 400,
    "target_service": "compute",
    "timestamp": "2026-08-21T05:31:27.192726+00:00",
    "troubleshooting_tips": "See [https://docs.oracle.com/iaas/Content/API/References/apierrors.htm] for more information about resolving this error. If you are unable to resolve this issue, run this CLI command with --debug option and contact Oracle support and provide them the full error message."
}
[2026-08-21T05:32:28Z] attempt 79: launching AMD E2.1.Micro
[2026-08-21T05:32:34Z] attempt 79: other error -> ServiceError:
{
    "client_version": "Oracle-PythonSDK/2.184.0, Oracle-PythonCLI/3.90.1",
    "code": "LimitExceeded",
    "logging_tips": "Please run the OCI CLI command using --debug flag to find more debug information.",
    "message": "The following service limits were exceeded: standard-e2-micro-core-count. You can request a service limit increase from the Console's Limits, Quotas and Usage page or from the Help menu.",
    "opc-request-id": "FF8A5C45C7144A0DAD087DCB767223C8/EAE8748AEF417229F1E2876A53494E0C/C23EE6685B8D7DC916B126B0EF402C5C",
    "operation_name": "launch_instance",
    "request_endpoint": "POST https://iaas.ap-singapore-1.oraclecloud.com/20160918/instances",
    "status": 400,
    "target_service": "compute",
    "timestamp": "2026-08-21T05:32:33.794195+00:00",
    "troubleshooting_tips": "See [https://docs.oracle.com/iaas/Content/API/References/apierrors.htm] for more information about resolving this error. If you are unable to resolve this issue, run this CLI command with --debug option and contact Oracle support and provide them the full error message."
}
[2026-08-21T05:33:34Z] attempt 80: launching AMD E2.1.Micro
[2026-08-21T05:33:40Z] attempt 80: other error -> ServiceError:
{
    "client_version": "Oracle-PythonSDK/2.184.0, Oracle-PythonCLI/3.90.1",
    "code": "LimitExceeded",
    "logging_tips": "Please run the OCI CLI command using --debug flag to find more debug information.",
    "message": "The following service limits were exceeded: standard-e2-micro-core-count. You can request a service limit increase from the Console's Limits, Quotas and Usage page or from the Help menu.",
    "opc-request-id": "910D8677F97F4F6399706F0A816D105D/2091E154E90AC99F32E3876A53494EE6/203E39A004D545AD5BB0A3198CBAFDD3",
    "operation_name": "launch_instance",
    "request_endpoint": "POST https://iaas.ap-singapore-1.oraclecloud.com/20160918/instances",
    "status": 400,
    "target_service": "compute",
    "timestamp": "2026-08-21T05:33:39.485955+00:00",
    "troubleshooting_tips": "See [https://docs.oracle.com/iaas/Content/API/References/apierrors.htm] for more information about resolving this error. If you are unable to resolve this issue, run this CLI command with --debug option and contact Oracle support and provide them the full error message."
}
[2026-08-21T05:34:40Z] attempt 81: launching AMD E2.1.Micro
[2026-08-21T05:34:45Z] attempt 81: other error -> ServiceError:
{
    "client_version": "Oracle-PythonSDK/2.184.0, Oracle-PythonCLI/3.90.1",
    "code": "LimitExceeded",
    "logging_tips": "Please run the OCI CLI command using --debug flag to find more debug information.",
    "message": "The following service limits were exceeded: standard-e2-micro-core-count. You can request a service limit increase from the Console's Limits, Quotas and Usage page or from the Help menu.",
    "opc-request-id": "AB37CCDB3ED54B3284F7BF601DF0A559/6CED20A5A0B9E73F74E3876A53494EAF/B5DD827CE28A3864D6333F2B2715B07E",
    "operation_name": "launch_instance",
    "request_endpoint": "POST https://iaas.ap-singapore-1.oraclecloud.com/20160918/instances",
    "status": 400,
    "target_service": "compute",
    "timestamp": "2026-08-21T05:34:44.987781+00:00",
    "troubleshooting_tips": "See [https://docs.oracle.com/iaas/Content/API/References/apierrors.htm] for more information about resolving this error. If you are unable to resolve this issue, run this CLI command with --debug option and contact Oracle support and provide them the full error message."
}
[2026-08-21T05:35:45Z] attempt 82: launching AMD E2.1.Micro
[2026-08-21T05:35:51Z] attempt 82: other error -> ServiceError:
{
    "client_version": "Oracle-PythonSDK/2.184.0, Oracle-PythonCLI/3.90.1",
    "code": "LimitExceeded",
    "logging_tips": "Please run the OCI CLI command using --debug flag to find more debug information.",
    "message": "The following service limits were exceeded: standard-e2-micro-core-count. You can request a service limit increase from the Console's Limits, Quotas and Usage page or from the Help menu.",
    "opc-request-id": "EDC493A92F1D48C0AFAA99327CE006ED/C6A0567EE3C4EE57B6E3876A53494E72/D6974A99EE1519CC98C0B7931A6BB20A",
    "operation_name": "launch_instance",
    "request_endpoint": "POST https://iaas.ap-singapore-1.oraclecloud.com/20160918/instances",
    "status": 400,
    "target_service": "compute",
    "timestamp": "2026-08-21T05:35:50.672500+00:00",
    "troubleshooting_tips": "See [https://docs.oracle.com/iaas/Content/API/References/apierrors.htm] for more information about resolving this error. If you are unable to resolve this issue, run this CLI command with --debug option and contact Oracle support and provide them the full error message."
}
